Archive member included because of file (symbol)

c:/program files/atmel/atmel toolchain/avr8 gcc/native/3.4.1056/avr8-gnu-toolchain/bin/../lib/gcc/avr/4.8.1/../../../../avr/lib/avr5\libm.a(divsf3.o)
                              src/joydick.o (__divsf3)
c:/program files/atmel/atmel toolchain/avr8 gcc/native/3.4.1056/avr8-gnu-toolchain/bin/../lib/gcc/avr/4.8.1/../../../../avr/lib/avr5\libm.a(divsf3x.o)
                              c:/program files/atmel/atmel toolchain/avr8 gcc/native/3.4.1056/avr8-gnu-toolchain/bin/../lib/gcc/avr/4.8.1/../../../../avr/lib/avr5\libm.a(divsf3.o) (__divsf3x)
c:/program files/atmel/atmel toolchain/avr8 gcc/native/3.4.1056/avr8-gnu-toolchain/bin/../lib/gcc/avr/4.8.1/../../../../avr/lib/avr5\libm.a(fixsfsi.o)
                              src/joydick.o (__fixsfsi)
c:/program files/atmel/atmel toolchain/avr8 gcc/native/3.4.1056/avr8-gnu-toolchain/bin/../lib/gcc/avr/4.8.1/../../../../avr/lib/avr5\libm.a(fixunssfsi.o)
                              c:/program files/atmel/atmel toolchain/avr8 gcc/native/3.4.1056/avr8-gnu-toolchain/bin/../lib/gcc/avr/4.8.1/../../../../avr/lib/avr5\libm.a(fixsfsi.o) (__fixunssfsi)
c:/program files/atmel/atmel toolchain/avr8 gcc/native/3.4.1056/avr8-gnu-toolchain/bin/../lib/gcc/avr/4.8.1/../../../../avr/lib/avr5\libm.a(floatsisf.o)
                              src/joydick.o (__floatsisf)
c:/program files/atmel/atmel toolchain/avr8 gcc/native/3.4.1056/avr8-gnu-toolchain/bin/../lib/gcc/avr/4.8.1/../../../../avr/lib/avr5\libm.a(fp_inf.o)
                              c:/program files/atmel/atmel toolchain/avr8 gcc/native/3.4.1056/avr8-gnu-toolchain/bin/../lib/gcc/avr/4.8.1/../../../../avr/lib/avr5\libm.a(divsf3x.o) (__fp_inf)
c:/program files/atmel/atmel toolchain/avr8 gcc/native/3.4.1056/avr8-gnu-toolchain/bin/../lib/gcc/avr/4.8.1/../../../../avr/lib/avr5\libm.a(fp_nan.o)
                              c:/program files/atmel/atmel toolchain/avr8 gcc/native/3.4.1056/avr8-gnu-toolchain/bin/../lib/gcc/avr/4.8.1/../../../../avr/lib/avr5\libm.a(divsf3x.o) (__fp_nan)
c:/program files/atmel/atmel toolchain/avr8 gcc/native/3.4.1056/avr8-gnu-toolchain/bin/../lib/gcc/avr/4.8.1/../../../../avr/lib/avr5\libm.a(fp_pscA.o)
                              c:/program files/atmel/atmel toolchain/avr8 gcc/native/3.4.1056/avr8-gnu-toolchain/bin/../lib/gcc/avr/4.8.1/../../../../avr/lib/avr5\libm.a(divsf3x.o) (__fp_pscA)
c:/program files/atmel/atmel toolchain/avr8 gcc/native/3.4.1056/avr8-gnu-toolchain/bin/../lib/gcc/avr/4.8.1/../../../../avr/lib/avr5\libm.a(fp_pscB.o)
                              c:/program files/atmel/atmel toolchain/avr8 gcc/native/3.4.1056/avr8-gnu-toolchain/bin/../lib/gcc/avr/4.8.1/../../../../avr/lib/avr5\libm.a(divsf3x.o) (__fp_pscB)
c:/program files/atmel/atmel toolchain/avr8 gcc/native/3.4.1056/avr8-gnu-toolchain/bin/../lib/gcc/avr/4.8.1/../../../../avr/lib/avr5\libm.a(fp_round.o)
                              c:/program files/atmel/atmel toolchain/avr8 gcc/native/3.4.1056/avr8-gnu-toolchain/bin/../lib/gcc/avr/4.8.1/../../../../avr/lib/avr5\libm.a(divsf3.o) (__fp_round)
c:/program files/atmel/atmel toolchain/avr8 gcc/native/3.4.1056/avr8-gnu-toolchain/bin/../lib/gcc/avr/4.8.1/../../../../avr/lib/avr5\libm.a(fp_split3.o)
                              c:/program files/atmel/atmel toolchain/avr8 gcc/native/3.4.1056/avr8-gnu-toolchain/bin/../lib/gcc/avr/4.8.1/../../../../avr/lib/avr5\libm.a(divsf3x.o) (__fp_split3)
c:/program files/atmel/atmel toolchain/avr8 gcc/native/3.4.1056/avr8-gnu-toolchain/bin/../lib/gcc/avr/4.8.1/../../../../avr/lib/avr5\libm.a(fp_zero.o)
                              c:/program files/atmel/atmel toolchain/avr8 gcc/native/3.4.1056/avr8-gnu-toolchain/bin/../lib/gcc/avr/4.8.1/../../../../avr/lib/avr5\libm.a(fixunssfsi.o) (__fp_zero)
c:/program files/atmel/atmel toolchain/avr8 gcc/native/3.4.1056/avr8-gnu-toolchain/bin/../lib/gcc/avr/4.8.1/../../../../avr/lib/avr5\libm.a(mulsf3.o)
                              src/joydick.o (__mulsf3)
c:/program files/atmel/atmel toolchain/avr8 gcc/native/3.4.1056/avr8-gnu-toolchain/bin/../lib/gcc/avr/4.8.1/../../../../avr/lib/avr5\libm.a(mulsf3x.o)
                              c:/program files/atmel/atmel toolchain/avr8 gcc/native/3.4.1056/avr8-gnu-toolchain/bin/../lib/gcc/avr/4.8.1/../../../../avr/lib/avr5\libm.a(mulsf3.o) (__mulsf3x)
c:/program files/atmel/atmel toolchain/avr8 gcc/native/3.4.1056/avr8-gnu-toolchain/bin/../lib/gcc/avr/4.8.1/avr5\libgcc.a(_exit.o)
                              c:/program files/atmel/atmel toolchain/avr8 gcc/native/3.4.1056/avr8-gnu-toolchain/bin/../lib/gcc/avr/4.8.1/../../../../avr/lib/avr5/crtm162.o (exit)
c:/program files/atmel/atmel toolchain/avr8 gcc/native/3.4.1056/avr8-gnu-toolchain/bin/../lib/gcc/avr/4.8.1/avr5\libgcc.a(_copy_data.o)
                              src/joydick.o (__do_copy_data)
c:/program files/atmel/atmel toolchain/avr8 gcc/native/3.4.1056/avr8-gnu-toolchain/bin/../lib/gcc/avr/4.8.1/avr5\libgcc.a(_clear_bss.o)
                              src/joydick.o (__do_clear_bss)
c:/program files/atmel/atmel toolchain/avr8 gcc/native/3.4.1056/avr8-gnu-toolchain/bin/../lib/gcc/avr/4.8.1/../../../../avr/lib/avr5\libc.a(malloc.o)
                              src/XMEM.o (malloc)
c:/program files/atmel/atmel toolchain/avr8 gcc/native/3.4.1056/avr8-gnu-toolchain/bin/../lib/gcc/avr/4.8.1/../../../../avr/lib/avr5\libc.a(fdevopen.o)
                              src/USART.o (fdevopen)
c:/program files/atmel/atmel toolchain/avr8 gcc/native/3.4.1056/avr8-gnu-toolchain/bin/../lib/gcc/avr/4.8.1/../../../../avr/lib/avr5\libc.a(iob.o)
                              c:/program files/atmel/atmel toolchain/avr8 gcc/native/3.4.1056/avr8-gnu-toolchain/bin/../lib/gcc/avr/4.8.1/../../../../avr/lib/avr5\libc.a(fdevopen.o) (__iob)
c:/program files/atmel/atmel toolchain/avr8 gcc/native/3.4.1056/avr8-gnu-toolchain/bin/../lib/gcc/avr/4.8.1/../../../../avr/lib/avr5\libc.a(printf.o)
                              src/joydick.o (printf)
c:/program files/atmel/atmel toolchain/avr8 gcc/native/3.4.1056/avr8-gnu-toolchain/bin/../lib/gcc/avr/4.8.1/../../../../avr/lib/avr5\libc.a(puts.o)
                              src/XMEM.o (puts)
c:/program files/atmel/atmel toolchain/avr8 gcc/native/3.4.1056/avr8-gnu-toolchain/bin/../lib/gcc/avr/4.8.1/../../../../avr/lib/avr5\libc.a(vfprintf_std.o)
                              c:/program files/atmel/atmel toolchain/avr8 gcc/native/3.4.1056/avr8-gnu-toolchain/bin/../lib/gcc/avr/4.8.1/../../../../avr/lib/avr5\libc.a(printf.o) (vfprintf)
c:/program files/atmel/atmel toolchain/avr8 gcc/native/3.4.1056/avr8-gnu-toolchain/bin/../lib/gcc/avr/4.8.1/../../../../avr/lib/avr5\libc.a(calloc.o)
                              c:/program files/atmel/atmel toolchain/avr8 gcc/native/3.4.1056/avr8-gnu-toolchain/bin/../lib/gcc/avr/4.8.1/../../../../avr/lib/avr5\libc.a(fdevopen.o) (calloc)
c:/program files/atmel/atmel toolchain/avr8 gcc/native/3.4.1056/avr8-gnu-toolchain/bin/../lib/gcc/avr/4.8.1/../../../../avr/lib/avr5\libc.a(strnlen_P.o)
                              c:/program files/atmel/atmel toolchain/avr8 gcc/native/3.4.1056/avr8-gnu-toolchain/bin/../lib/gcc/avr/4.8.1/../../../../avr/lib/avr5\libc.a(vfprintf_std.o) (strnlen_P)
c:/program files/atmel/atmel toolchain/avr8 gcc/native/3.4.1056/avr8-gnu-toolchain/bin/../lib/gcc/avr/4.8.1/../../../../avr/lib/avr5\libc.a(memset.o)
                              c:/program files/atmel/atmel toolchain/avr8 gcc/native/3.4.1056/avr8-gnu-toolchain/bin/../lib/gcc/avr/4.8.1/../../../../avr/lib/avr5\libc.a(calloc.o) (memset)
c:/program files/atmel/atmel toolchain/avr8 gcc/native/3.4.1056/avr8-gnu-toolchain/bin/../lib/gcc/avr/4.8.1/../../../../avr/lib/avr5\libc.a(strnlen.o)
                              c:/program files/atmel/atmel toolchain/avr8 gcc/native/3.4.1056/avr8-gnu-toolchain/bin/../lib/gcc/avr/4.8.1/../../../../avr/lib/avr5\libc.a(vfprintf_std.o) (strnlen)
c:/program files/atmel/atmel toolchain/avr8 gcc/native/3.4.1056/avr8-gnu-toolchain/bin/../lib/gcc/avr/4.8.1/../../../../avr/lib/avr5\libc.a(fputc.o)
                              c:/program files/atmel/atmel toolchain/avr8 gcc/native/3.4.1056/avr8-gnu-toolchain/bin/../lib/gcc/avr/4.8.1/../../../../avr/lib/avr5\libc.a(vfprintf_std.o) (fputc)
c:/program files/atmel/atmel toolchain/avr8 gcc/native/3.4.1056/avr8-gnu-toolchain/bin/../lib/gcc/avr/4.8.1/../../../../avr/lib/avr5\libc.a(ultoa_invert.o)
                              c:/program files/atmel/atmel toolchain/avr8 gcc/native/3.4.1056/avr8-gnu-toolchain/bin/../lib/gcc/avr/4.8.1/../../../../avr/lib/avr5\libc.a(vfprintf_std.o) (__ultoa_invert)
c:/program files/atmel/atmel toolchain/avr8 gcc/native/3.4.1056/avr8-gnu-toolchain/bin/../lib/gcc/avr/4.8.1/avr5\libgcc.a(_prologue.o)
                              c:/program files/atmel/atmel toolchain/avr8 gcc/native/3.4.1056/avr8-gnu-toolchain/bin/../lib/gcc/avr/4.8.1/../../../../avr/lib/avr5\libc.a(printf.o) (__prologue_saves__)
c:/program files/atmel/atmel toolchain/avr8 gcc/native/3.4.1056/avr8-gnu-toolchain/bin/../lib/gcc/avr/4.8.1/avr5\libgcc.a(_epilogue.o)
                              c:/program files/atmel/atmel toolchain/avr8 gcc/native/3.4.1056/avr8-gnu-toolchain/bin/../lib/gcc/avr/4.8.1/../../../../avr/lib/avr5\libc.a(printf.o) (__epilogue_restores__)

Allocating common symbols
Common symbol       size              file

__brkval            0x2               c:/program files/atmel/atmel toolchain/avr8 gcc/native/3.4.1056/avr8-gnu-toolchain/bin/../lib/gcc/avr/4.8.1/../../../../avr/lib/avr5\libc.a(malloc.o)
globalVariables     0x2               src/USART.o
globalVar           0x6               src/joydick.o
array               0x6               src/joydick.o
__flp               0x2               c:/program files/atmel/atmel toolchain/avr8 gcc/native/3.4.1056/avr8-gnu-toolchain/bin/../lib/gcc/avr/4.8.1/../../../../avr/lib/avr5\libc.a(malloc.o)
__iob               0x6               c:/program files/atmel/atmel toolchain/avr8 gcc/native/3.4.1056/avr8-gnu-toolchain/bin/../lib/gcc/avr/4.8.1/../../../../avr/lib/avr5\libc.a(iob.o)

Discarded input sections

 .bss           0x00000000        0x0 c:/program files/atmel/atmel toolchain/avr8 gcc/native/3.4.1056/avr8-gnu-toolchain/bin/../lib/gcc/avr/4.8.1/../../../../avr/lib/avr5/crtm162.o
 .group         0x00000000        0x8 src/ADC.o
 .group         0x00000000        0x8 src/ADC.o
 .group         0x00000000        0x8 src/ADC.o
 .group         0x00000000        0x8 src/ADC.o
 .group         0x00000000        0x8 src/ADC.o
 .group         0x00000000        0x8 src/ADC.o
 .group         0x00000000        0x8 src/ADC.o
 .group         0x00000000        0x8 src/ADC.o
 .group         0x00000000        0x8 src/ADC.o
 .group         0x00000000        0x8 src/ADC.o
 .group         0x00000000        0x8 src/ADC.o
 .group         0x00000000        0x8 src/ADC.o
 .group         0x00000000        0x8 src/ADC.o
 .group         0x00000000        0x8 src/ADC.o
 .group         0x00000000        0x8 src/ADC.o
 .group         0x00000000        0x8 src/ADC.o
 .group         0x00000000        0x8 src/ADC.o
 .group         0x00000000        0x8 src/ADC.o
 .group         0x00000000        0x8 src/ADC.o
 .group         0x00000000        0x8 src/ADC.o
 .group         0x00000000        0x8 src/ADC.o
 .group         0x00000000        0x8 src/ADC.o
 .group         0x00000000        0x8 src/ADC.o
 .group         0x00000000        0x8 src/ADC.o
 .group         0x00000000        0x8 src/ADC.o
 .group         0x00000000        0x8 src/ADC.o
 .group         0x00000000        0x8 src/ADC.o
 .group         0x00000000        0x8 src/ADC.o
 .group         0x00000000        0x8 src/ADC.o
 .group         0x00000000        0x8 src/ADC.o
 .group         0x00000000        0x8 src/ADC.o
 .group         0x00000000        0x8 src/ADC.o
 .group         0x00000000        0x8 src/ADC.o
 .group         0x00000000        0x8 src/ADC.o
 .group         0x00000000        0x8 src/ADC.o
 .group         0x00000000        0x8 src/ADC.o
 .text          0x00000000        0x0 src/ADC.o
 .bss           0x00000000        0x0 src/ADC.o
 .text.adcInit  0x00000000        0x2 src/ADC.o
 .text.adcRead  0x00000000       0x20 src/ADC.o
 .group         0x00000000        0x8 src/joydick.o
 .group         0x00000000        0x8 src/joydick.o
 .group         0x00000000        0x8 src/joydick.o
 .group         0x00000000        0x8 src/joydick.o
 .group         0x00000000        0x8 src/joydick.o
 .group         0x00000000        0x8 src/joydick.o
 .group         0x00000000        0x8 src/joydick.o
 .group         0x00000000        0x8 src/joydick.o
 .group         0x00000000        0x8 src/joydick.o
 .group         0x00000000        0x8 src/joydick.o
 .group         0x00000000        0x8 src/joydick.o
 .group         0x00000000        0x8 src/joydick.o
 .group         0x00000000        0x8 src/joydick.o
 .group         0x00000000        0x8 src/joydick.o
 .group         0x00000000        0x8 src/joydick.o
 .group         0x00000000        0x8 src/joydick.o
 .group         0x00000000        0x8 src/joydick.o
 .group         0x00000000        0x8 src/joydick.o
 .group         0x00000000        0x8 src/joydick.o
 .group         0x00000000        0x8 src/joydick.o
 .group         0x00000000        0x8 src/joydick.o
 .group         0x00000000        0x8 src/joydick.o
 .group         0x00000000        0x8 src/joydick.o
 .group         0x00000000        0x8 src/joydick.o
 .group         0x00000000        0x8 src/joydick.o
 .group         0x00000000        0x8 src/joydick.o
 .group         0x00000000        0x8 src/joydick.o
 .group         0x00000000        0x8 src/joydick.o
 .group         0x00000000        0x8 src/joydick.o
 .group         0x00000000        0x8 src/joydick.o
 .group         0x00000000        0x8 src/joydick.o
 .group         0x00000000        0x8 src/joydick.o
 .group         0x00000000        0x8 src/joydick.o
 .group         0x00000000        0x8 src/joydick.o
 .group         0x00000000        0x8 src/joydick.o
 .group         0x00000000        0x8 src/joydick.o
 .text          0x00000000        0x0 src/joydick.o
 .bss           0x00000000        0x0 src/joydick.o
 .text.joyGetUnscaledXY
                0x00000000       0x28 src/joydick.o
 .rodata.str1.1
                0x00000000       0x5c src/joydick.o
 .text.joyCalibrateXY
                0x00000000       0xb6 src/joydick.o
 .text.calcCalibParam
                0x00000000       0x72 src/joydick.o
 .text.joyGetPosX
                0x00000000       0x2e src/joydick.o
 .text.joyGetPosY
                0x00000000       0x2e src/joydick.o
 .debug_macro   0x00000000      0xa2a src/joydick.o
 .debug_macro   0x00000000      0x1ad src/joydick.o
 .debug_macro   0x00000000      0x293 src/joydick.o
 .debug_macro   0x00000000       0x58 src/joydick.o
 .debug_macro   0x00000000       0x10 src/joydick.o
 .debug_macro   0x00000000       0x97 src/joydick.o
 .debug_macro   0x00000000       0xeb src/joydick.o
 .debug_macro   0x00000000       0x22 src/joydick.o
 .debug_macro   0x00000000       0x10 src/joydick.o
 .debug_macro   0x00000000       0xaa src/joydick.o
 .debug_macro   0x00000000      0xf2f src/joydick.o
 .debug_macro   0x00000000      0x185 src/joydick.o
 .debug_macro   0x00000000       0xbd src/joydick.o
 .debug_macro   0x00000000       0x34 src/joydick.o
 .debug_macro   0x00000000       0x18 src/joydick.o
 .debug_macro   0x00000000       0x6c src/joydick.o
 .debug_macro   0x00000000       0xef src/joydick.o
 .debug_macro   0x00000000       0x1c src/joydick.o
 .debug_macro   0x00000000       0x35 src/joydick.o
 .debug_macro   0x00000000       0x66 src/joydick.o
 .debug_macro   0x00000000      0x44c src/joydick.o
 .debug_macro   0x00000000       0x44 src/joydick.o
 .debug_macro   0x00000000       0x2c src/joydick.o
 .debug_macro   0x00000000       0x10 src/joydick.o
 .debug_macro   0x00000000       0xe2 src/joydick.o
 .debug_macro   0x00000000       0x40 src/joydick.o
 .debug_macro   0x00000000      0x100 src/joydick.o
 .debug_macro   0x00000000      0x223 src/joydick.o
 .debug_macro   0x00000000       0x10 src/joydick.o
 .debug_macro   0x00000000      0x167 src/joydick.o
 .debug_macro   0x00000000       0x34 src/joydick.o
 .debug_macro   0x00000000       0x1c src/joydick.o
 .debug_macro   0x00000000       0x10 src/joydick.o
 COMMON         0x00000000        0xc src/joydick.o
 .group         0x00000000        0x8 src/MCP2515.o
 .group         0x00000000        0x8 src/MCP2515.o
 .group         0x00000000        0x8 src/MCP2515.o
 .group         0x00000000        0x8 src/MCP2515.o
 .group         0x00000000        0x8 src/MCP2515.o
 .group         0x00000000        0x8 src/MCP2515.o
 .group         0x00000000        0x8 src/MCP2515.o
 .group         0x00000000        0x8 src/MCP2515.o
 .group         0x00000000        0x8 src/MCP2515.o
 .group         0x00000000        0x8 src/MCP2515.o
 .group         0x00000000        0x8 src/MCP2515.o
 .group         0x00000000        0x8 src/MCP2515.o
 .group         0x00000000        0x8 src/MCP2515.o
 .group         0x00000000        0x8 src/MCP2515.o
 .group         0x00000000        0x8 src/MCP2515.o
 .group         0x00000000        0x8 src/MCP2515.o
 .group         0x00000000        0x8 src/MCP2515.o
 .group         0x00000000        0x8 src/MCP2515.o
 .group         0x00000000        0x8 src/MCP2515.o
 .group         0x00000000        0x8 src/MCP2515.o
 .group         0x00000000        0x8 src/MCP2515.o
 .group         0x00000000        0x8 src/MCP2515.o
 .group         0x00000000        0x8 src/MCP2515.o
 .group         0x00000000        0x8 src/MCP2515.o
 .group         0x00000000        0x8 src/MCP2515.o
 .group         0x00000000        0x8 src/MCP2515.o
 .group         0x00000000        0x8 src/MCP2515.o
 .group         0x00000000        0x8 src/MCP2515.o
 .text          0x00000000        0x0 src/MCP2515.o
 .bss           0x00000000        0x0 src/MCP2515.o
 .text.mcpBitModify
                0x00000000       0x34 src/MCP2515.o
 .text.mcpReadStatus
                0x00000000       0x1e src/MCP2515.o
 .text.mcpRequestToSend
                0x00000000       0x20 src/MCP2515.o
 .debug_macro   0x00000000      0xa2a src/MCP2515.o
 .debug_macro   0x00000000      0x1ad src/MCP2515.o
 .debug_macro   0x00000000      0x293 src/MCP2515.o
 .debug_macro   0x00000000      0xf2f src/MCP2515.o
 .debug_macro   0x00000000      0x185 src/MCP2515.o
 .debug_macro   0x00000000       0xbd src/MCP2515.o
 .debug_macro   0x00000000       0x34 src/MCP2515.o
 .debug_macro   0x00000000       0x18 src/MCP2515.o
 .debug_macro   0x00000000       0x6c src/MCP2515.o
 .debug_macro   0x00000000       0x22 src/MCP2515.o
 .debug_macro   0x00000000       0x1c src/MCP2515.o
 .debug_macro   0x00000000       0x35 src/MCP2515.o
 .debug_macro   0x00000000       0x66 src/MCP2515.o
 .debug_macro   0x00000000      0x44c src/MCP2515.o
 .debug_macro   0x00000000       0x44 src/MCP2515.o
 .debug_macro   0x00000000       0x69 src/MCP2515.o
 .debug_macro   0x00000000       0x2c src/MCP2515.o
 .debug_macro   0x00000000       0x10 src/MCP2515.o
 .debug_macro   0x00000000       0xe2 src/MCP2515.o
 .debug_macro   0x00000000       0x40 src/MCP2515.o
 .debug_macro   0x00000000      0x100 src/MCP2515.o
 .debug_macro   0x00000000      0x223 src/MCP2515.o
 .debug_macro   0x00000000       0x58 src/MCP2515.o
 .debug_macro   0x00000000       0x10 src/MCP2515.o
 .debug_macro   0x00000000       0xeb src/MCP2515.o
 .group         0x00000000        0x8 src/OLED.o
 .group         0x00000000        0x8 src/OLED.o
 .group         0x00000000        0x8 src/OLED.o
 .group         0x00000000        0x8 src/OLED.o
 .group         0x00000000        0x8 src/OLED.o
 .group         0x00000000        0x8 src/OLED.o
 .group         0x00000000        0x8 src/OLED.o
 .group         0x00000000        0x8 src/OLED.o
 .group         0x00000000        0x8 src/OLED.o
 .group         0x00000000        0x8 src/OLED.o
 .group         0x00000000        0x8 src/OLED.o
 .group         0x00000000        0x8 src/OLED.o
 .group         0x00000000        0x8 src/OLED.o
 .group         0x00000000        0x8 src/OLED.o
 .group         0x00000000        0x8 src/OLED.o
 .group         0x00000000        0x8 src/OLED.o
 .group         0x00000000        0x8 src/OLED.o
 .group         0x00000000        0x8 src/OLED.o
 .group         0x00000000        0x8 src/OLED.o
 .group         0x00000000        0x8 src/OLED.o
 .group         0x00000000        0x8 src/OLED.o
 .group         0x00000000        0x8 src/OLED.o
 .group         0x00000000        0x8 src/OLED.o
 .group         0x00000000        0x8 src/OLED.o
 .group         0x00000000        0x8 src/OLED.o
 .group         0x00000000        0x8 src/OLED.o
 .group         0x00000000        0x8 src/OLED.o
 .group         0x00000000        0x8 src/OLED.o
 .group         0x00000000        0x8 src/OLED.o
 .group         0x00000000        0x8 src/OLED.o
 .text          0x00000000        0x0 src/OLED.o
 .bss           0x00000000        0x0 src/OLED.o
 .text.oledInit
                0x00000000      0x108 src/OLED.o
 .text.setLine  0x00000000       0x24 src/OLED.o
 .text.clearLine
                0x00000000       0x1a src/OLED.o
 .text.clearScreen
                0x00000000       0x14 src/OLED.o
 .text.setColumn
                0x00000000       0x18 src/OLED.o
 .text.oledPrint
                0x00000000       0x5c src/OLED.o
 .data.oledDataAddress
                0x00000000        0x2 src/OLED.o
 .data.oledCmdAddress
                0x00000000        0x2 src/OLED.o
 .debug_macro   0x00000000      0xa2a src/OLED.o
 .debug_macro   0x00000000       0x10 src/OLED.o
 .debug_macro   0x00000000      0x1ad src/OLED.o
 .debug_macro   0x00000000      0x293 src/OLED.o
 .debug_macro   0x00000000       0x9e src/OLED.o
 .debug_macro   0x00000000      0xf2f src/OLED.o
 .debug_macro   0x00000000      0x185 src/OLED.o
 .debug_macro   0x00000000       0xbd src/OLED.o
 .debug_macro   0x00000000       0x34 src/OLED.o
 .debug_macro   0x00000000       0x18 src/OLED.o
 .debug_macro   0x00000000       0x6c src/OLED.o
 .debug_macro   0x00000000       0x22 src/OLED.o
 .debug_macro   0x00000000      0x166 src/OLED.o
 .debug_macro   0x00000000       0x1c src/OLED.o
 .debug_macro   0x00000000       0x35 src/OLED.o
 .debug_macro   0x00000000       0x66 src/OLED.o
 .debug_macro   0x00000000      0x44c src/OLED.o
 .debug_macro   0x00000000       0x44 src/OLED.o
 .debug_macro   0x00000000       0x69 src/OLED.o
 .debug_macro   0x00000000       0x2c src/OLED.o
 .debug_macro   0x00000000       0x10 src/OLED.o
 .debug_macro   0x00000000       0xe2 src/OLED.o
 .debug_macro   0x00000000       0x40 src/OLED.o
 .debug_macro   0x00000000      0x100 src/OLED.o
 .debug_macro   0x00000000      0x223 src/OLED.o
 .debug_macro   0x00000000       0x58 src/OLED.o
 .debug_macro   0x00000000       0x10 src/OLED.o
 .debug_macro   0x00000000       0xeb src/OLED.o
 .debug_macro   0x00000000       0x10 src/OLED.o
 .debug_macro   0x00000000      0x167 src/OLED.o
 .group         0x00000000        0x8 src/SPI.o
 .group         0x00000000        0x8 src/SPI.o
 .group         0x00000000        0x8 src/SPI.o
 .group         0x00000000        0x8 src/SPI.o
 .group         0x00000000        0x8 src/SPI.o
 .group         0x00000000        0x8 src/SPI.o
 .group         0x00000000        0x8 src/SPI.o
 .group         0x00000000        0x8 src/SPI.o
 .group         0x00000000        0x8 src/SPI.o
 .group         0x00000000        0x8 src/SPI.o
 .group         0x00000000        0x8 src/SPI.o
 .group         0x00000000        0x8 src/SPI.o
 .group         0x00000000        0x8 src/SPI.o
 .group         0x00000000        0x8 src/SPI.o
 .group         0x00000000        0x8 src/SPI.o
 .group         0x00000000        0x8 src/SPI.o
 .group         0x00000000        0x8 src/SPI.o
 .group         0x00000000        0x8 src/SPI.o
 .group         0x00000000        0x8 src/SPI.o
 .group         0x00000000        0x8 src/SPI.o
 .group         0x00000000        0x8 src/SPI.o
 .group         0x00000000        0x8 src/SPI.o
 .group         0x00000000        0x8 src/SPI.o
 .group         0x00000000        0x8 src/SPI.o
 .group         0x00000000        0x8 src/SPI.o
 .group         0x00000000        0x8 src/SPI.o
 .group         0x00000000        0x8 src/SPI.o
 .group         0x00000000        0x8 src/SPI.o
 .text          0x00000000        0x0 src/SPI.o
 .bss           0x00000000        0x0 src/SPI.o
 .text.spiRecieveData
                0x00000000       0x1a src/SPI.o
 .debug_macro   0x00000000      0xa2a src/SPI.o
 .debug_macro   0x00000000       0x10 src/SPI.o
 .debug_macro   0x00000000      0x1ad src/SPI.o
 .debug_macro   0x00000000      0x293 src/SPI.o
 .debug_macro   0x00000000       0x9e src/SPI.o
 .debug_macro   0x00000000      0xf2f src/SPI.o
 .debug_macro   0x00000000      0x185 src/SPI.o
 .debug_macro   0x00000000       0xbd src/SPI.o
 .debug_macro   0x00000000       0x34 src/SPI.o
 .debug_macro   0x00000000       0x18 src/SPI.o
 .debug_macro   0x00000000       0x6c src/SPI.o
 .debug_macro   0x00000000       0x22 src/SPI.o
 .debug_macro   0x00000000      0x166 src/SPI.o
 .debug_macro   0x00000000       0x1c src/SPI.o
 .debug_macro   0x00000000       0x35 src/SPI.o
 .debug_macro   0x00000000       0x66 src/SPI.o
 .debug_macro   0x00000000      0x44c src/SPI.o
 .debug_macro   0x00000000       0x44 src/SPI.o
 .debug_macro   0x00000000       0x69 src/SPI.o
 .debug_macro   0x00000000       0x2c src/SPI.o
 .debug_macro   0x00000000       0x10 src/SPI.o
 .debug_macro   0x00000000       0xe2 src/SPI.o
 .debug_macro   0x00000000       0x40 src/SPI.o
 .debug_macro   0x00000000      0x100 src/SPI.o
 .debug_macro   0x00000000      0x223 src/SPI.o
 .debug_macro   0x00000000       0x58 src/SPI.o
 .debug_macro   0x00000000       0x10 src/SPI.o
 .debug_macro   0x00000000       0xeb src/SPI.o
 .group         0x00000000        0x8 src/USART.o
 .group         0x00000000        0x8 src/USART.o
 .group         0x00000000        0x8 src/USART.o
 .group         0x00000000        0x8 src/USART.o
 .group         0x00000000        0x8 src/USART.o
 .group         0x00000000        0x8 src/USART.o
 .group         0x00000000        0x8 src/USART.o
 .group         0x00000000        0x8 src/USART.o
 .group         0x00000000        0x8 src/USART.o
 .group         0x00000000        0x8 src/USART.o
 .group         0x00000000        0x8 src/USART.o
 .group         0x00000000        0x8 src/USART.o
 .group         0x00000000        0x8 src/USART.o
 .group         0x00000000        0x8 src/USART.o
 .group         0x00000000        0x8 src/USART.o
 .group         0x00000000        0x8 src/USART.o
 .group         0x00000000        0x8 src/USART.o
 .group         0x00000000        0x8 src/USART.o
 .group         0x00000000        0x8 src/USART.o
 .group         0x00000000        0x8 src/USART.o
 .group         0x00000000        0x8 src/USART.o
 .group         0x00000000        0x8 src/USART.o
 .group         0x00000000        0x8 src/USART.o
 .group         0x00000000        0x8 src/USART.o
 .group         0x00000000        0x8 src/USART.o
 .group         0x00000000        0x8 src/USART.o
 .group         0x00000000        0x8 src/USART.o
 .group         0x00000000        0x8 src/USART.o
 .group         0x00000000        0x8 src/USART.o
 .group         0x00000000        0x8 src/USART.o
 .group         0x00000000        0x8 src/USART.o
 .group         0x00000000        0x8 src/USART.o
 .group         0x00000000        0x8 src/USART.o
 .group         0x00000000        0x8 src/USART.o
 .group         0x00000000        0x8 src/USART.o
 .group         0x00000000        0x8 src/USART.o
 .text          0x00000000        0x0 src/USART.o
 .bss           0x00000000        0x0 src/USART.o
 .text.usartReadByte
                0x00000000        0xe src/USART.o
 .text.usartSendDataString
                0x00000000       0x1e src/USART.o
 .debug_macro   0x00000000      0xa2a src/USART.o
 .debug_macro   0x00000000      0x1ad src/USART.o
 .debug_macro   0x00000000      0x293 src/USART.o
 .debug_macro   0x00000000       0x58 src/USART.o
 .debug_macro   0x00000000       0x10 src/USART.o
 .debug_macro   0x00000000       0x97 src/USART.o
 .debug_macro   0x00000000       0xeb src/USART.o
 .debug_macro   0x00000000       0x22 src/USART.o
 .debug_macro   0x00000000       0x10 src/USART.o
 .debug_macro   0x00000000       0xaa src/USART.o
 .debug_macro   0x00000000      0xf2f src/USART.o
 .debug_macro   0x00000000      0x185 src/USART.o
 .debug_macro   0x00000000       0xbd src/USART.o
 .debug_macro   0x00000000       0x34 src/USART.o
 .debug_macro   0x00000000       0x18 src/USART.o
 .debug_macro   0x00000000       0x6c src/USART.o
 .debug_macro   0x00000000       0xef src/USART.o
 .debug_macro   0x00000000       0x1c src/USART.o
 .debug_macro   0x00000000       0x35 src/USART.o
 .debug_macro   0x00000000       0x66 src/USART.o
 .debug_macro   0x00000000      0x44c src/USART.o
 .debug_macro   0x00000000       0x44 src/USART.o
 .debug_macro   0x00000000       0x69 src/USART.o
 .debug_macro   0x00000000       0x2c src/USART.o
 .debug_macro   0x00000000       0x10 src/USART.o
 .debug_macro   0x00000000       0xe2 src/USART.o
 .debug_macro   0x00000000       0x40 src/USART.o
 .debug_macro   0x00000000      0x100 src/USART.o
 .debug_macro   0x00000000      0x223 src/USART.o
 .debug_macro   0x00000000       0x10 src/USART.o
 .debug_macro   0x00000000      0x167 src/USART.o
 .debug_macro   0x00000000       0x34 src/USART.o
 .debug_macro   0x00000000       0x10 src/USART.o
 .debug_macro   0x00000000       0x1c src/USART.o
 .debug_macro   0x00000000       0x34 src/USART.o
 .debug_macro   0x00000000       0x1c src/USART.o
 .group         0x00000000        0x8 src/XMEM.o
 .group         0x00000000        0x8 src/XMEM.o
 .group         0x00000000        0x8 src/XMEM.o
 .group         0x00000000        0x8 src/XMEM.o
 .group         0x00000000        0x8 src/XMEM.o
 .group         0x00000000        0x8 src/XMEM.o
 .group         0x00000000        0x8 src/XMEM.o
 .group         0x00000000        0x8 src/XMEM.o
 .group         0x00000000        0x8 src/XMEM.o
 .group         0x00000000        0x8 src/XMEM.o
 .group         0x00000000        0x8 src/XMEM.o
 .group         0x00000000        0x8 src/XMEM.o
 .group         0x00000000        0x8 src/XMEM.o
 .group         0x00000000        0x8 src/XMEM.o
 .group         0x00000000        0x8 src/XMEM.o
 .group         0x00000000        0x8 src/XMEM.o
 .group         0x00000000        0x8 src/XMEM.o
 .group         0x00000000        0x8 src/XMEM.o
 .group         0x00000000        0x8 src/XMEM.o
 .group         0x00000000        0x8 src/XMEM.o
 .group         0x00000000        0x8 src/XMEM.o
 .group         0x00000000        0x8 src/XMEM.o
 .group         0x00000000        0x8 src/XMEM.o
 .group         0x00000000        0x8 src/XMEM.o
 .group         0x00000000        0x8 src/XMEM.o
 .group         0x00000000        0x8 src/XMEM.o
 .group         0x00000000        0x8 src/XMEM.o
 .group         0x00000000        0x8 src/XMEM.o
 .text          0x00000000        0x0 src/XMEM.o
 .bss           0x00000000        0x0 src/XMEM.o
 .text.freeRam  0x00000000        0x2 src/XMEM.o
 .text.vXMEMTestTask
                0x00000000       0x98 src/XMEM.o
 .text.xmemWriteTo
                0x00000000        0xc src/XMEM.o
 .debug_macro   0x00000000      0xa2a src/XMEM.o
 .debug_macro   0x00000000       0x10 src/XMEM.o
 .debug_macro   0x00000000      0x1ad src/XMEM.o
 .debug_macro   0x00000000      0x293 src/XMEM.o
 .debug_macro   0x00000000       0x9e src/XMEM.o
 .debug_macro   0x00000000      0xf2f src/XMEM.o
 .debug_macro   0x00000000      0x185 src/XMEM.o
 .debug_macro   0x00000000       0xbd src/XMEM.o
 .debug_macro   0x00000000       0x34 src/XMEM.o
 .debug_macro   0x00000000       0x18 src/XMEM.o
 .debug_macro   0x00000000       0x6c src/XMEM.o
 .debug_macro   0x00000000       0x22 src/XMEM.o
 .debug_macro   0x00000000      0x166 src/XMEM.o
 .debug_macro   0x00000000       0x1c src/XMEM.o
 .debug_macro   0x00000000       0x35 src/XMEM.o
 .debug_macro   0x00000000       0x66 src/XMEM.o
 .debug_macro   0x00000000      0x44c src/XMEM.o
 .debug_macro   0x00000000       0x44 src/XMEM.o
 .debug_macro   0x00000000       0x69 src/XMEM.o
 .debug_macro   0x00000000       0x2c src/XMEM.o
 .debug_macro   0x00000000       0x10 src/XMEM.o
 .debug_macro   0x00000000       0xe2 src/XMEM.o
 .debug_macro   0x00000000       0x40 src/XMEM.o
 .debug_macro   0x00000000      0x100 src/XMEM.o
 .debug_macro   0x00000000      0x223 src/XMEM.o
 .debug_macro   0x00000000       0x58 src/XMEM.o
 .debug_macro   0x00000000       0x10 src/XMEM.o
 .debug_macro   0x00000000       0xeb src/XMEM.o
 .group         0x00000000        0x8 src/ASF/common/boards/user_board/init.o
 .group         0x00000000        0x8 src/ASF/common/boards/user_board/init.o
 .group         0x00000000        0x8 src/ASF/common/boards/user_board/init.o
 .group         0x00000000        0x8 src/ASF/common/boards/user_board/init.o
 .group         0x00000000        0x8 src/ASF/common/boards/user_board/init.o
 .group         0x00000000        0x8 src/ASF/common/boards/user_board/init.o
 .group         0x00000000        0x8 src/ASF/common/boards/user_board/init.o
 .group         0x00000000        0x8 src/ASF/common/boards/user_board/init.o
 .group         0x00000000        0x8 src/ASF/common/boards/user_board/init.o
 .group         0x00000000        0x8 src/ASF/common/boards/user_board/init.o
 .group         0x00000000        0x8 src/ASF/common/boards/user_board/init.o
 .group         0x00000000        0x8 src/ASF/common/boards/user_board/init.o
 .group         0x00000000        0x8 src/ASF/common/boards/user_board/init.o
 .group         0x00000000        0x8 src/ASF/common/boards/user_board/init.o
 .group         0x00000000        0x8 src/ASF/common/boards/user_board/init.o
 .group         0x00000000        0x8 src/ASF/common/boards/user_board/init.o
 .group         0x00000000        0x8 src/ASF/common/boards/user_board/init.o
 .group         0x00000000        0x8 src/ASF/common/boards/user_board/init.o
 .group         0x00000000        0x8 src/ASF/common/boards/user_board/init.o
 .group         0x00000000        0x8 src/ASF/common/boards/user_board/init.o
 .group         0x00000000        0x8 src/ASF/common/boards/user_board/init.o
 .group         0x00000000        0x8 src/ASF/common/boards/user_board/init.o
 .group         0x00000000        0x8 src/ASF/common/boards/user_board/init.o
 .group         0x00000000        0x8 src/ASF/common/boards/user_board/init.o
 .group         0x00000000        0x8 src/ASF/common/boards/user_board/init.o
 .text          0x00000000        0x0 src/ASF/common/boards/user_board/init.o
 .bss           0x00000000        0x0 src/ASF/common/boards/user_board/init.o
 .text.board_init
                0x00000000        0x2 src/ASF/common/boards/user_board/init.o
 .debug_macro   0x00000000      0xa2a src/ASF/common/boards/user_board/init.o
 .debug_macro   0x00000000       0x10 src/ASF/common/boards/user_board/init.o
 .debug_macro   0x00000000      0x1ad src/ASF/common/boards/user_board/init.o
 .debug_macro   0x00000000      0x293 src/ASF/common/boards/user_board/init.o
 .debug_macro   0x00000000       0x9e src/ASF/common/boards/user_board/init.o
 .debug_macro   0x00000000      0xf2f src/ASF/common/boards/user_board/init.o
 .debug_macro   0x00000000      0x185 src/ASF/common/boards/user_board/init.o
 .debug_macro   0x00000000       0xbd src/ASF/common/boards/user_board/init.o
 .debug_macro   0x00000000       0x34 src/ASF/common/boards/user_board/init.o
 .debug_macro   0x00000000       0x18 src/ASF/common/boards/user_board/init.o
 .debug_macro   0x00000000       0x6c src/ASF/common/boards/user_board/init.o
 .debug_macro   0x00000000       0x22 src/ASF/common/boards/user_board/init.o
 .debug_macro   0x00000000      0x166 src/ASF/common/boards/user_board/init.o
 .debug_macro   0x00000000       0x1c src/ASF/common/boards/user_board/init.o
 .debug_macro   0x00000000       0x35 src/ASF/common/boards/user_board/init.o
 .debug_macro   0x00000000       0x66 src/ASF/common/boards/user_board/init.o
 .debug_macro   0x00000000      0x44c src/ASF/common/boards/user_board/init.o
 .debug_macro   0x00000000       0x44 src/ASF/common/boards/user_board/init.o
 .debug_macro   0x00000000       0x69 src/ASF/common/boards/user_board/init.o
 .debug_macro   0x00000000       0x2c src/ASF/common/boards/user_board/init.o
 .debug_macro   0x00000000       0x10 src/ASF/common/boards/user_board/init.o
 .debug_macro   0x00000000       0xe2 src/ASF/common/boards/user_board/init.o
 .debug_macro   0x00000000       0x40 src/ASF/common/boards/user_board/init.o
 .debug_macro   0x00000000      0x100 src/ASF/common/boards/user_board/init.o
 .debug_macro   0x00000000      0x223 src/ASF/common/boards/user_board/init.o
 .group         0x00000000        0x8 src/main.o
 .group         0x00000000        0x8 src/main.o
 .group         0x00000000        0x8 src/main.o
 .group         0x00000000        0x8 src/main.o
 .group         0x00000000        0x8 src/main.o
 .group         0x00000000        0x8 src/main.o
 .group         0x00000000        0x8 src/main.o
 .group         0x00000000        0x8 src/main.o
 .group         0x00000000        0x8 src/main.o
 .group         0x00000000        0x8 src/main.o
 .group         0x00000000        0x8 src/main.o
 .group         0x00000000        0x8 src/main.o
 .group         0x00000000        0x8 src/main.o
 .group         0x00000000        0x8 src/main.o
 .group         0x00000000        0x8 src/main.o
 .group         0x00000000        0x8 src/main.o
 .group         0x00000000        0x8 src/main.o
 .group         0x00000000        0x8 src/main.o
 .group         0x00000000        0x8 src/main.o
 .group         0x00000000        0x8 src/main.o
 .group         0x00000000        0x8 src/main.o
 .group         0x00000000        0x8 src/main.o
 .group         0x00000000        0x8 src/main.o
 .group         0x00000000        0x8 src/main.o
 .group         0x00000000        0x8 src/main.o
 .group         0x00000000        0x8 src/main.o
 .group         0x00000000        0x8 src/main.o
 .group         0x00000000        0x8 src/main.o
 .group         0x00000000        0x8 src/main.o
 .group         0x00000000        0x8 src/main.o
 .group         0x00000000        0x8 src/main.o
 .group         0x00000000        0x8 src/main.o
 .group         0x00000000        0x8 src/main.o
 .group         0x00000000        0x8 src/main.o
 .group         0x00000000        0x8 src/main.o
 .group         0x00000000        0x8 src/main.o
 .text          0x00000000        0x0 src/main.o
 .bss           0x00000000        0x0 src/main.o
 .bss.byteOfData
                0x00000000        0x1 src/main.o
 .bss.interruptOn
                0x00000000        0x1 src/main.o
 .debug_macro   0x00000000      0xa2a src/main.o
 .debug_macro   0x00000000       0x10 src/main.o
 .debug_macro   0x00000000       0x10 src/main.o
 .debug_macro   0x00000000      0x1ad src/main.o
 .debug_macro   0x00000000      0x293 src/main.o
 .debug_macro   0x00000000       0x9e src/main.o
 .debug_macro   0x00000000      0xf2f src/main.o
 .debug_macro   0x00000000      0x185 src/main.o
 .debug_macro   0x00000000       0xbd src/main.o
 .debug_macro   0x00000000       0x34 src/main.o
 .debug_macro   0x00000000       0x18 src/main.o
 .debug_macro   0x00000000       0x6c src/main.o
 .debug_macro   0x00000000       0x22 src/main.o
 .debug_macro   0x00000000      0x166 src/main.o
 .debug_macro   0x00000000       0x1c src/main.o
 .debug_macro   0x00000000       0x35 src/main.o
 .debug_macro   0x00000000       0x66 src/main.o
 .debug_macro   0x00000000      0x44c src/main.o
 .debug_macro   0x00000000       0x44 src/main.o
 .debug_macro   0x00000000       0x69 src/main.o
 .debug_macro   0x00000000       0x2c src/main.o
 .debug_macro   0x00000000       0x10 src/main.o
 .debug_macro   0x00000000       0xe2 src/main.o
 .debug_macro   0x00000000       0x40 src/main.o
 .debug_macro   0x00000000      0x100 src/main.o
 .debug_macro   0x00000000      0x223 src/main.o
 .debug_macro   0x00000000       0x58 src/main.o
 .debug_macro   0x00000000       0x10 src/main.o
 .debug_macro   0x00000000       0xeb src/main.o
 .debug_macro   0x00000000       0x10 src/main.o
 .debug_macro   0x00000000      0x167 src/main.o
 .debug_macro   0x00000000       0x34 src/main.o
 .debug_macro   0x00000000       0x1c src/main.o
 .debug_macro   0x00000000       0x10 src/main.o
 .debug_macro   0x00000000       0x22 src/main.o
 .debug_macro   0x00000000       0x34 src/main.o
 .text          0x00000000        0x0 c:/program files/atmel/atmel toolchain/avr8 gcc/native/3.4.1056/avr8-gnu-toolchain/bin/../lib/gcc/avr/4.8.1/../../../../avr/lib/avr5\libm.a(divsf3.o)
 .bss           0x00000000        0x0 c:/program files/atmel/atmel toolchain/avr8 gcc/native/3.4.1056/avr8-gnu-toolchain/bin/../lib/gcc/avr/4.8.1/../../../../avr/lib/avr5\libm.a(divsf3.o)
 .text.avr-libc.fplib
                0x00000000        0x4 c:/program files/atmel/atmel toolchain/avr8 gcc/native/3.4.1056/avr8-gnu-toolchain/bin/../lib/gcc/avr/4.8.1/../../../../avr/lib/avr5\libm.a(divsf3.o)
 .text          0x00000000        0x0 c:/program files/atmel/atmel toolchain/avr8 gcc/native/3.4.1056/avr8-gnu-toolchain/bin/../lib/gcc/avr/4.8.1/../../../../avr/lib/avr5\libm.a(divsf3x.o)
 .bss           0x00000000        0x0 c:/program files/atmel/atmel toolchain/avr8 gcc/native/3.4.1056/avr8-gnu-toolchain/bin/../lib/gcc/avr/4.8.1/../../../../avr/lib/avr5\libm.a(divsf3x.o)
 .text.avr-libc.fplib
                0x00000000       0xcc c:/program files/atmel/atmel toolchain/avr8 gcc/native/3.4.1056/avr8-gnu-toolchain/bin/../lib/gcc/avr/4.8.1/../../../../avr/lib/avr5\libm.a(divsf3x.o)
 .text          0x00000000        0x0 c:/program files/atmel/atmel toolchain/avr8 gcc/native/3.4.1056/avr8-gnu-toolchain/bin/../lib/gcc/avr/4.8.1/../../../../avr/lib/avr5\libm.a(fixsfsi.o)
 .bss           0x00000000        0x0 c:/program files/atmel/atmel toolchain/avr8 gcc/native/3.4.1056/avr8-gnu-toolchain/bin/../lib/gcc/avr/4.8.1/../../../../avr/lib/avr5\libm.a(fixsfsi.o)
 .text.avr-libc.fplib
                0x00000000        0xa c:/program files/atmel/atmel toolchain/avr8 gcc/native/3.4.1056/avr8-gnu-toolchain/bin/../lib/gcc/avr/4.8.1/../../../../avr/lib/avr5\libm.a(fixsfsi.o)
 .text          0x00000000        0x0 c:/program files/atmel/atmel toolchain/avr8 gcc/native/3.4.1056/avr8-gnu-toolchain/bin/../lib/gcc/avr/4.8.1/../../../../avr/lib/avr5\libm.a(fixunssfsi.o)
 .bss           0x00000000        0x0 c:/program files/atmel/atmel toolchain/avr8 gcc/native/3.4.1056/avr8-gnu-toolchain/bin/../lib/gcc/avr/4.8.1/../../../../avr/lib/avr5\libm.a(fixunssfsi.o)
 .text.avr-libc.fplib
                0x00000000       0x58 c:/program files/atmel/atmel toolchain/avr8 gcc/native/3.4.1056/avr8-gnu-toolchain/bin/../lib/gcc/avr/4.8.1/../../../../avr/lib/avr5\libm.a(fixunssfsi.o)
 .text          0x00000000        0x0 c:/program files/atmel/atmel toolchain/avr8 gcc/native/3.4.1056/avr8-gnu-toolchain/bin/../lib/gcc/avr/4.8.1/../../../../avr/lib/avr5\libm.a(floatsisf.o)
 .bss           0x00000000        0x0 c:/program files/atmel/atmel toolchain/avr8 gcc/native/3.4.1056/avr8-gnu-toolchain/bin/../lib/gcc/avr/4.8.1/../../../../avr/lib/avr5\libm.a(floatsisf.o)
 .text.avr-libc.fplib
                0x00000000       0x7a c:/program files/atmel/atmel toolchain/avr8 gcc/native/3.4.1056/avr8-gnu-toolchain/bin/../lib/gcc/avr/4.8.1/../../../../avr/lib/avr5\libm.a(floatsisf.o)
 .text          0x00000000        0x0 c:/program files/atmel/atmel toolchain/avr8 gcc/native/3.4.1056/avr8-gnu-toolchain/bin/../lib/gcc/avr/4.8.1/../../../../avr/lib/avr5\libm.a(fp_inf.o)
 .bss           0x00000000        0x0 c:/program files/atmel/atmel toolchain/avr8 gcc/native/3.4.1056/avr8-gnu-toolchain/bin/../lib/gcc/avr/4.8.1/../../../../avr/lib/avr5\libm.a(fp_inf.o)
 .text.avr-libc.fplib
                0x00000000        0xc c:/program files/atmel/atmel toolchain/avr8 gcc/native/3.4.1056/avr8-gnu-toolchain/bin/../lib/gcc/avr/4.8.1/../../../../avr/lib/avr5\libm.a(fp_inf.o)
 .text          0x00000000        0x0 c:/program files/atmel/atmel toolchain/avr8 gcc/native/3.4.1056/avr8-gnu-toolchain/bin/../lib/gcc/avr/4.8.1/../../../../avr/lib/avr5\libm.a(fp_nan.o)
 .bss           0x00000000        0x0 c:/program files/atmel/atmel toolchain/avr8 gcc/native/3.4.1056/avr8-gnu-toolchain/bin/../lib/gcc/avr/4.8.1/../../../../avr/lib/avr5\libm.a(fp_nan.o)
 .text.avr-libc.fplib
                0x00000000        0x6 c:/program files/atmel/atmel toolchain/avr8 gcc/native/3.4.1056/avr8-gnu-toolchain/bin/../lib/gcc/avr/4.8.1/../../../../avr/lib/avr5\libm.a(fp_nan.o)
 .text          0x00000000        0x0 c:/program files/atmel/atmel toolchain/avr8 gcc/native/3.4.1056/avr8-gnu-toolchain/bin/../lib/gcc/avr/4.8.1/../../../../avr/lib/avr5\libm.a(fp_pscA.o)
 .bss           0x00000000        0x0 c:/program files/atmel/atmel toolchain/avr8 gcc/native/3.4.1056/avr8-gnu-toolchain/bin/../lib/gcc/avr/4.8.1/../../../../avr/lib/avr5\libm.a(fp_pscA.o)
 .text.avr-libc.fplib
                0x00000000        0xe c:/program files/atmel/atmel toolchain/avr8 gcc/native/3.4.1056/avr8-gnu-toolchain/bin/../lib/gcc/avr/4.8.1/../../../../avr/lib/avr5\libm.a(fp_pscA.o)
 .text          0x00000000        0x0 c:/program files/atmel/atmel toolchain/avr8 gcc/native/3.4.1056/avr8-gnu-toolchain/bin/../lib/gcc/avr/4.8.1/../../../../avr/lib/avr5\libm.a(fp_pscB.o)
 .bss           0x00000000        0x0 c:/program files/atmel/atmel toolchain/avr8 gcc/native/3.4.1056/avr8-gnu-toolchain/bin/../lib/gcc/avr/4.8.1/../../../../avr/lib/avr5\libm.a(fp_pscB.o)
 .text.avr-libc.fplib
                0x00000000        0xe c:/program files/atmel/atmel toolchain/avr8 gcc/native/3.4.1056/avr8-gnu-toolchain/bin/../lib/gcc/avr/4.8.1/../../../../avr/lib/avr5\libm.a(fp_pscB.o)
 .text          0x00000000        0x0 c:/program files/atmel/atmel toolchain/avr8 gcc/native/3.4.1056/avr8-gnu-toolchain/bin/../lib/gcc/avr/4.8.1/../../../../avr/lib/avr5\libm.a(fp_round.o)
 .bss           0x00000000        0x0 c:/program files/atmel/atmel toolchain/avr8 gcc/native/3.4.1056/avr8-gnu-toolchain/bin/../lib/gcc/avr/4.8.1/../../../../avr/lib/avr5\libm.a(fp_round.o)
 .text.avr-libc.fplib
                0x00000000       0x22 c:/program files/atmel/atmel toolchain/avr8 gcc/native/3.4.1056/avr8-gnu-toolchain/bin/../lib/gcc/avr/4.8.1/../../../../avr/lib/avr5\libm.a(fp_round.o)
 .text          0x00000000        0x0 c:/program files/atmel/atmel toolchain/avr8 gcc/native/3.4.1056/avr8-gnu-toolchain/bin/../lib/gcc/avr/4.8.1/../../../../avr/lib/avr5\libm.a(fp_split3.o)
 .bss           0x00000000        0x0 c:/program files/atmel/atmel toolchain/avr8 gcc/native/3.4.1056/avr8-gnu-toolchain/bin/../lib/gcc/avr/4.8.1/../../../../avr/lib/avr5\libm.a(fp_split3.o)
 .text.avr-libc.fplib
                0x00000000       0x44 c:/program files/atmel/atmel toolchain/avr8 gcc/native/3.4.1056/avr8-gnu-toolchain/bin/../lib/gcc/avr/4.8.1/../../../../avr/lib/avr5\libm.a(fp_split3.o)
 .text          0x00000000        0x0 c:/program files/atmel/atmel toolchain/avr8 gcc/native/3.4.1056/avr8-gnu-toolchain/bin/../lib/gcc/avr/4.8.1/../../../../avr/lib/avr5\libm.a(fp_zero.o)
 .bss           0x00000000        0x0 c:/program files/atmel/atmel toolchain/avr8 gcc/native/3.4.1056/avr8-gnu-toolchain/bin/../lib/gcc/avr/4.8.1/../../../../avr/lib/avr5\libm.a(fp_zero.o)
 .text.avr-libc.fplib
                0x00000000        0xe c:/program files/atmel/atmel toolchain/avr8 gcc/native/3.4.1056/avr8-gnu-toolchain/bin/../lib/gcc/avr/4.8.1/../../../../avr/lib/avr5\libm.a(fp_zero.o)
 .text          0x00000000        0x0 c:/program files/atmel/atmel toolchain/avr8 gcc/native/3.4.1056/avr8-gnu-toolchain/bin/../lib/gcc/avr/4.8.1/../../../../avr/lib/avr5\libm.a(mulsf3.o)
 .bss           0x00000000        0x0 c:/program files/atmel/atmel toolchain/avr8 gcc/native/3.4.1056/avr8-gnu-toolchain/bin/../lib/gcc/avr/4.8.1/../../../../avr/lib/avr5\libm.a(mulsf3.o)
 .text.avr-libc.fplib
                0x00000000        0x4 c:/program files/atmel/atmel toolchain/avr8 gcc/native/3.4.1056/avr8-gnu-toolchain/bin/../lib/gcc/avr/4.8.1/../../../../avr/lib/avr5\libm.a(mulsf3.o)
 .text          0x00000000        0x0 c:/program files/atmel/atmel toolchain/avr8 gcc/native/3.4.1056/avr8-gnu-toolchain/bin/../lib/gcc/avr/4.8.1/../../../../avr/lib/avr5\libm.a(mulsf3x.o)
 .bss           0x00000000        0x0 c:/program files/atmel/atmel toolchain/avr8 gcc/native/3.4.1056/avr8-gnu-toolchain/bin/../lib/gcc/avr/4.8.1/../../../../avr/lib/avr5\libm.a(mulsf3x.o)
 .text.avr-libc.fplib
                0x00000000       0xc2 c:/program files/atmel/atmel toolchain/avr8 gcc/native/3.4.1056/avr8-gnu-toolchain/bin/../lib/gcc/avr/4.8.1/../../../../avr/lib/avr5\libm.a(mulsf3x.o)
 .text          0x00000000        0x0 c:/program files/atmel/atmel toolchain/avr8 gcc/native/3.4.1056/avr8-gnu-toolchain/bin/../lib/gcc/avr/4.8.1/avr5\libgcc.a(_exit.o)
 .bss           0x00000000        0x0 c:/program files/atmel/atmel toolchain/avr8 gcc/native/3.4.1056/avr8-gnu-toolchain/bin/../lib/gcc/avr/4.8.1/avr5\libgcc.a(_exit.o)
 .text.libgcc.mul
                0x00000000        0x0 c:/program files/atmel/atmel toolchain/avr8 gcc/native/3.4.1056/avr8-gnu-toolchain/bin/../lib/gcc/avr/4.8.1/avr5\libgcc.a(_exit.o)
 .text.libgcc.div
                0x00000000        0x0 c:/program files/atmel/atmel toolchain/avr8 gcc/native/3.4.1056/avr8-gnu-toolchain/bin/../lib/gcc/avr/4.8.1/avr5\libgcc.a(_exit.o)
 .text.libgcc   0x00000000        0x0 c:/program files/atmel/atmel toolchain/avr8 gcc/native/3.4.1056/avr8-gnu-toolchain/bin/../lib/gcc/avr/4.8.1/avr5\libgcc.a(_exit.o)
 .text.libgcc.prologue
                0x00000000        0x0 c:/program files/atmel/atmel toolchain/avr8 gcc/native/3.4.1056/avr8-gnu-toolchain/bin/../lib/gcc/avr/4.8.1/avr5\libgcc.a(_exit.o)
 .text.libgcc.builtins
                0x00000000        0x0 c:/program files/atmel/atmel toolchain/avr8 gcc/native/3.4.1056/avr8-gnu-toolchain/bin/../lib/gcc/avr/4.8.1/avr5\libgcc.a(_exit.o)
 .text.libgcc.fmul
                0x00000000        0x0 c:/program files/atmel/atmel toolchain/avr8 gcc/native/3.4.1056/avr8-gnu-toolchain/bin/../lib/gcc/avr/4.8.1/avr5\libgcc.a(_exit.o)
 .text.libgcc.fixed
                0x00000000        0x0 c:/program files/atmel/atmel toolchain/avr8 gcc/native/3.4.1056/avr8-gnu-toolchain/bin/../lib/gcc/avr/4.8.1/avr5\libgcc.a(_exit.o)
 .text          0x00000000        0x0 c:/program files/atmel/atmel toolchain/avr8 gcc/native/3.4.1056/avr8-gnu-toolchain/bin/../lib/gcc/avr/4.8.1/avr5\libgcc.a(_copy_data.o)
 .bss           0x00000000        0x0 c:/program files/atmel/atmel toolchain/avr8 gcc/native/3.4.1056/avr8-gnu-toolchain/bin/../lib/gcc/avr/4.8.1/avr5\libgcc.a(_copy_data.o)
 .text.libgcc.mul
                0x00000000        0x0 c:/program files/atmel/atmel toolchain/avr8 gcc/native/3.4.1056/avr8-gnu-toolchain/bin/../lib/gcc/avr/4.8.1/avr5\libgcc.a(_copy_data.o)
 .text.libgcc.div
                0x00000000        0x0 c:/program files/atmel/atmel toolchain/avr8 gcc/native/3.4.1056/avr8-gnu-toolchain/bin/../lib/gcc/avr/4.8.1/avr5\libgcc.a(_copy_data.o)
 .text.libgcc   0x00000000        0x0 c:/program files/atmel/atmel toolchain/avr8 gcc/native/3.4.1056/avr8-gnu-toolchain/bin/../lib/gcc/avr/4.8.1/avr5\libgcc.a(_copy_data.o)
 .text.libgcc.prologue
                0x00000000        0x0 c:/program files/atmel/atmel toolchain/avr8 gcc/native/3.4.1056/avr8-gnu-toolchain/bin/../lib/gcc/avr/4.8.1/avr5\libgcc.a(_copy_data.o)
 .text.libgcc.builtins
                0x00000000        0x0 c:/program files/atmel/atmel toolchain/avr8 gcc/native/3.4.1056/avr8-gnu-toolchain/bin/../lib/gcc/avr/4.8.1/avr5\libgcc.a(_copy_data.o)
 .text.libgcc.fmul
                0x00000000        0x0 c:/program files/atmel/atmel toolchain/avr8 gcc/native/3.4.1056/avr8-gnu-toolchain/bin/../lib/gcc/avr/4.8.1/avr5\libgcc.a(_copy_data.o)
 .text.libgcc.fixed
                0x00000000        0x0 c:/program files/atmel/atmel toolchain/avr8 gcc/native/3.4.1056/avr8-gnu-toolchain/bin/../lib/gcc/avr/4.8.1/avr5\libgcc.a(_copy_data.o)
 .text          0x00000000        0x0 c:/program files/atmel/atmel toolchain/avr8 gcc/native/3.4.1056/avr8-gnu-toolchain/bin/../lib/gcc/avr/4.8.1/avr5\libgcc.a(_clear_bss.o)
 .bss           0x00000000        0x0 c:/program files/atmel/atmel toolchain/avr8 gcc/native/3.4.1056/avr8-gnu-toolchain/bin/../lib/gcc/avr/4.8.1/avr5\libgcc.a(_clear_bss.o)
 .text.libgcc.mul
                0x00000000        0x0 c:/program files/atmel/atmel toolchain/avr8 gcc/native/3.4.1056/avr8-gnu-toolchain/bin/../lib/gcc/avr/4.8.1/avr5\libgcc.a(_clear_bss.o)
 .text.libgcc.div
                0x00000000        0x0 c:/program files/atmel/atmel toolchain/avr8 gcc/native/3.4.1056/avr8-gnu-toolchain/bin/../lib/gcc/avr/4.8.1/avr5\libgcc.a(_clear_bss.o)
 .text.libgcc   0x00000000        0x0 c:/program files/atmel/atmel toolchain/avr8 gcc/native/3.4.1056/avr8-gnu-toolchain/bin/../lib/gcc/avr/4.8.1/avr5\libgcc.a(_clear_bss.o)
 .text.libgcc.prologue
                0x00000000        0x0 c:/program files/atmel/atmel toolchain/avr8 gcc/native/3.4.1056/avr8-gnu-toolchain/bin/../lib/gcc/avr/4.8.1/avr5\libgcc.a(_clear_bss.o)
 .text.libgcc.builtins
                0x00000000        0x0 c:/program files/atmel/atmel toolchain/avr8 gcc/native/3.4.1056/avr8-gnu-toolchain/bin/../lib/gcc/avr/4.8.1/avr5\libgcc.a(_clear_bss.o)
 .text.libgcc.fmul
                0x00000000        0x0 c:/program files/atmel/atmel toolchain/avr8 gcc/native/3.4.1056/avr8-gnu-toolchain/bin/../lib/gcc/avr/4.8.1/avr5\libgcc.a(_clear_bss.o)
 .text.libgcc.fixed
                0x00000000        0x0 c:/program files/atmel/atmel toolchain/avr8 gcc/native/3.4.1056/avr8-gnu-toolchain/bin/../lib/gcc/avr/4.8.1/avr5\libgcc.a(_clear_bss.o)
 .text          0x00000000        0x0 c:/program files/atmel/atmel toolchain/avr8 gcc/native/3.4.1056/avr8-gnu-toolchain/bin/../lib/gcc/avr/4.8.1/../../../../avr/lib/avr5\libc.a(malloc.o)
 .bss           0x00000000        0x0 c:/program files/atmel/atmel toolchain/avr8 gcc/native/3.4.1056/avr8-gnu-toolchain/bin/../lib/gcc/avr/4.8.1/../../../../avr/lib/avr5\libc.a(malloc.o)
 .text          0x00000000        0x0 c:/program files/atmel/atmel toolchain/avr8 gcc/native/3.4.1056/avr8-gnu-toolchain/bin/../lib/gcc/avr/4.8.1/../../../../avr/lib/avr5\libc.a(fdevopen.o)
 .bss           0x00000000        0x0 c:/program files/atmel/atmel toolchain/avr8 gcc/native/3.4.1056/avr8-gnu-toolchain/bin/../lib/gcc/avr/4.8.1/../../../../avr/lib/avr5\libc.a(fdevopen.o)
 .text          0x00000000        0x0 c:/program files/atmel/atmel toolchain/avr8 gcc/native/3.4.1056/avr8-gnu-toolchain/bin/../lib/gcc/avr/4.8.1/../../../../avr/lib/avr5\libc.a(iob.o)
 .bss           0x00000000        0x0 c:/program files/atmel/atmel toolchain/avr8 gcc/native/3.4.1056/avr8-gnu-toolchain/bin/../lib/gcc/avr/4.8.1/../../../../avr/lib/avr5\libc.a(iob.o)
 .text          0x00000000        0x0 c:/program files/atmel/atmel toolchain/avr8 gcc/native/3.4.1056/avr8-gnu-toolchain/bin/../lib/gcc/avr/4.8.1/../../../../avr/lib/avr5\libc.a(printf.o)
 .bss           0x00000000        0x0 c:/program files/atmel/atmel toolchain/avr8 gcc/native/3.4.1056/avr8-gnu-toolchain/bin/../lib/gcc/avr/4.8.1/../../../../avr/lib/avr5\libc.a(printf.o)
 .text          0x00000000        0x0 c:/program files/atmel/atmel toolchain/avr8 gcc/native/3.4.1056/avr8-gnu-toolchain/bin/../lib/gcc/avr/4.8.1/../../../../avr/lib/avr5\libc.a(puts.o)
 .bss           0x00000000        0x0 c:/program files/atmel/atmel toolchain/avr8 gcc/native/3.4.1056/avr8-gnu-toolchain/bin/../lib/gcc/avr/4.8.1/../../../../avr/lib/avr5\libc.a(puts.o)
 .text          0x00000000        0x0 c:/program files/atmel/atmel toolchain/avr8 gcc/native/3.4.1056/avr8-gnu-toolchain/bin/../lib/gcc/avr/4.8.1/../../../../avr/lib/avr5\libc.a(vfprintf_std.o)
 .bss           0x00000000        0x0 c:/program files/atmel/atmel toolchain/avr8 gcc/native/3.4.1056/avr8-gnu-toolchain/bin/../lib/gcc/avr/4.8.1/../../../../avr/lib/avr5\libc.a(vfprintf_std.o)
 .text          0x00000000        0x0 c:/program files/atmel/atmel toolchain/avr8 gcc/native/3.4.1056/avr8-gnu-toolchain/bin/../lib/gcc/avr/4.8.1/../../../../avr/lib/avr5\libc.a(calloc.o)
 .bss           0x00000000        0x0 c:/program files/atmel/atmel toolchain/avr8 gcc/native/3.4.1056/avr8-gnu-toolchain/bin/../lib/gcc/avr/4.8.1/../../../../avr/lib/avr5\libc.a(calloc.o)
 .text          0x00000000        0x0 c:/program files/atmel/atmel toolchain/avr8 gcc/native/3.4.1056/avr8-gnu-toolchain/bin/../lib/gcc/avr/4.8.1/../../../../avr/lib/avr5\libc.a(strnlen_P.o)
 .bss           0x00000000        0x0 c:/program files/atmel/atmel toolchain/avr8 gcc/native/3.4.1056/avr8-gnu-toolchain/bin/../lib/gcc/avr/4.8.1/../../../../avr/lib/avr5\libc.a(strnlen_P.o)
 .text          0x00000000        0x0 c:/program files/atmel/atmel toolchain/avr8 gcc/native/3.4.1056/avr8-gnu-toolchain/bin/../lib/gcc/avr/4.8.1/../../../../avr/lib/avr5\libc.a(memset.o)
 .bss           0x00000000        0x0 c:/program files/atmel/atmel toolchain/avr8 gcc/native/3.4.1056/avr8-gnu-toolchain/bin/../lib/gcc/avr/4.8.1/../../../../avr/lib/avr5\libc.a(memset.o)
 .text          0x00000000        0x0 c:/program files/atmel/atmel toolchain/avr8 gcc/native/3.4.1056/avr8-gnu-toolchain/bin/../lib/gcc/avr/4.8.1/../../../../avr/lib/avr5\libc.a(strnlen.o)
 .bss           0x00000000        0x0 c:/program files/atmel/atmel toolchain/avr8 gcc/native/3.4.1056/avr8-gnu-toolchain/bin/../lib/gcc/avr/4.8.1/../../../../avr/lib/avr5\libc.a(strnlen.o)
 .text          0x00000000        0x0 c:/program files/atmel/atmel toolchain/avr8 gcc/native/3.4.1056/avr8-gnu-toolchain/bin/../lib/gcc/avr/4.8.1/../../../../avr/lib/avr5\libc.a(fputc.o)
 .bss           0x00000000        0x0 c:/program files/atmel/atmel toolchain/avr8 gcc/native/3.4.1056/avr8-gnu-toolchain/bin/../lib/gcc/avr/4.8.1/../../../../avr/lib/avr5\libc.a(fputc.o)
 .text          0x00000000        0x0 c:/program files/atmel/atmel toolchain/avr8 gcc/native/3.4.1056/avr8-gnu-toolchain/bin/../lib/gcc/avr/4.8.1/../../../../avr/lib/avr5\libc.a(ultoa_invert.o)
 .bss           0x00000000        0x0 c:/program files/atmel/atmel toolchain/avr8 gcc/native/3.4.1056/avr8-gnu-toolchain/bin/../lib/gcc/avr/4.8.1/../../../../avr/lib/avr5\libc.a(ultoa_invert.o)
 .text          0x00000000        0x0 c:/program files/atmel/atmel toolchain/avr8 gcc/native/3.4.1056/avr8-gnu-toolchain/bin/../lib/gcc/avr/4.8.1/avr5\libgcc.a(_prologue.o)
 .bss           0x00000000        0x0 c:/program files/atmel/atmel toolchain/avr8 gcc/native/3.4.1056/avr8-gnu-toolchain/bin/../lib/gcc/avr/4.8.1/avr5\libgcc.a(_prologue.o)
 .text.libgcc.mul
                0x00000000        0x0 c:/program files/atmel/atmel toolchain/avr8 gcc/native/3.4.1056/avr8-gnu-toolchain/bin/../lib/gcc/avr/4.8.1/avr5\libgcc.a(_prologue.o)
 .text.libgcc.div
                0x00000000        0x0 c:/program files/atmel/atmel toolchain/avr8 gcc/native/3.4.1056/avr8-gnu-toolchain/bin/../lib/gcc/avr/4.8.1/avr5\libgcc.a(_prologue.o)
 .text.libgcc   0x00000000        0x0 c:/program files/atmel/atmel toolchain/avr8 gcc/native/3.4.1056/avr8-gnu-toolchain/bin/../lib/gcc/avr/4.8.1/avr5\libgcc.a(_prologue.o)
 .text.libgcc.builtins
                0x00000000        0x0 c:/program files/atmel/atmel toolchain/avr8 gcc/native/3.4.1056/avr8-gnu-toolchain/bin/../lib/gcc/avr/4.8.1/avr5\libgcc.a(_prologue.o)
 .text.libgcc.fmul
                0x00000000        0x0 c:/program files/atmel/atmel toolchain/avr8 gcc/native/3.4.1056/avr8-gnu-toolchain/bin/../lib/gcc/avr/4.8.1/avr5\libgcc.a(_prologue.o)
 .text.libgcc.fixed
                0x00000000        0x0 c:/program files/atmel/atmel toolchain/avr8 gcc/native/3.4.1056/avr8-gnu-toolchain/bin/../lib/gcc/avr/4.8.1/avr5\libgcc.a(_prologue.o)
 .text          0x00000000        0x0 c:/program files/atmel/atmel toolchain/avr8 gcc/native/3.4.1056/avr8-gnu-toolchain/bin/../lib/gcc/avr/4.8.1/avr5\libgcc.a(_epilogue.o)
 .bss           0x00000000        0x0 c:/program files/atmel/atmel toolchain/avr8 gcc/native/3.4.1056/avr8-gnu-toolchain/bin/../lib/gcc/avr/4.8.1/avr5\libgcc.a(_epilogue.o)
 .text.libgcc.mul
                0x00000000        0x0 c:/program files/atmel/atmel toolchain/avr8 gcc/native/3.4.1056/avr8-gnu-toolchain/bin/../lib/gcc/avr/4.8.1/avr5\libgcc.a(_epilogue.o)
 .text.libgcc.div
                0x00000000        0x0 c:/program files/atmel/atmel toolchain/avr8 gcc/native/3.4.1056/avr8-gnu-toolchain/bin/../lib/gcc/avr/4.8.1/avr5\libgcc.a(_epilogue.o)
 .text.libgcc   0x00000000        0x0 c:/program files/atmel/atmel toolchain/avr8 gcc/native/3.4.1056/avr8-gnu-toolchain/bin/../lib/gcc/avr/4.8.1/avr5\libgcc.a(_epilogue.o)
 .text.libgcc.builtins
                0x00000000        0x0 c:/program files/atmel/atmel toolchain/avr8 gcc/native/3.4.1056/avr8-gnu-toolchain/bin/../lib/gcc/avr/4.8.1/avr5\libgcc.a(_epilogue.o)
 .text.libgcc.fmul
                0x00000000        0x0 c:/program files/atmel/atmel toolchain/avr8 gcc/native/3.4.1056/avr8-gnu-toolchain/bin/../lib/gcc/avr/4.8.1/avr5\libgcc.a(_epilogue.o)
 .text.libgcc.fixed
                0x00000000        0x0 c:/program files/atmel/atmel toolchain/avr8 gcc/native/3.4.1056/avr8-gnu-toolchain/bin/../lib/gcc/avr/4.8.1/avr5\libgcc.a(_epilogue.o)

Memory Configuration

Name             Origin             Length             Attributes
text             0x00000000         0x00020000         xr
data             0x00800060         0x0000ffa0         rw !x
eeprom           0x00810000         0x00010000         rw !x
fuse             0x00820000         0x00000400         rw !x
lock             0x00830000         0x00000400         rw !x
signature        0x00840000         0x00000400         rw !x
user_signatures  0x00850000         0x00000400         rw !x
*default*        0x00000000         0xffffffff

Linker script and memory map

Address of section .data set to 0x800100
LOAD c:/program files/atmel/atmel toolchain/avr8 gcc/native/3.4.1056/avr8-gnu-toolchain/bin/../lib/gcc/avr/4.8.1/../../../../avr/lib/avr5/crtm162.o
LOAD src/ADC.o
LOAD src/joydick.o
LOAD src/MCP2515.o
LOAD src/OLED.o
LOAD src/SPI.o
LOAD src/USART.o
LOAD src/XMEM.o
LOAD src/ASF/common/boards/user_board/init.o
LOAD src/main.o
START GROUP
LOAD c:/program files/atmel/atmel toolchain/avr8 gcc/native/3.4.1056/avr8-gnu-toolchain/bin/../lib/gcc/avr/4.8.1/../../../../avr/lib/avr5\libm.a
END GROUP
START GROUP
LOAD c:/program files/atmel/atmel toolchain/avr8 gcc/native/3.4.1056/avr8-gnu-toolchain/bin/../lib/gcc/avr/4.8.1/avr5\libgcc.a
LOAD c:/program files/atmel/atmel toolchain/avr8 gcc/native/3.4.1056/avr8-gnu-toolchain/bin/../lib/gcc/avr/4.8.1/../../../../avr/lib/avr5\libm.a
LOAD c:/program files/atmel/atmel toolchain/avr8 gcc/native/3.4.1056/avr8-gnu-toolchain/bin/../lib/gcc/avr/4.8.1/../../../../avr/lib/avr5\libc.a
END GROUP

.hash
 *(.hash)

.dynsym
 *(.dynsym)

.dynstr
 *(.dynstr)

.gnu.version
 *(.gnu.version)

.gnu.version_d
 *(.gnu.version_d)

.gnu.version_r
 *(.gnu.version_r)

.rel.init
 *(.rel.init)

.rela.init
 *(.rela.init)

.rel.text
 *(.rel.text)
 *(.rel.text.*)
 *(.rel.gnu.linkonce.t*)

.rela.text
 *(.rela.text)
 *(.rela.text.*)
 *(.rela.gnu.linkonce.t*)

.rel.fini
 *(.rel.fini)

.rela.fini
 *(.rela.fini)

.rel.rodata
 *(.rel.rodata)
 *(.rel.rodata.*)
 *(.rel.gnu.linkonce.r*)

.rela.rodata
 *(.rela.rodata)
 *(.rela.rodata.*)
 *(.rela.gnu.linkonce.r*)

.rel.data
 *(.rel.data)
 *(.rel.data.*)
 *(.rel.gnu.linkonce.d*)

.rela.data
 *(.rela.data)
 *(.rela.data.*)
 *(.rela.gnu.linkonce.d*)

.rel.ctors
 *(.rel.ctors)

.rela.ctors
 *(.rela.ctors)

.rel.dtors
 *(.rel.dtors)

.rela.dtors
 *(.rela.dtors)

.rel.got
 *(.rel.got)

.rela.got
 *(.rela.got)

.rel.bss
 *(.rel.bss)

.rela.bss
 *(.rela.bss)

.rel.plt
 *(.rel.plt)

.rela.plt
 *(.rela.plt)

.text           0x00000000      0xcd0
 *(.vectors)
 .vectors       0x00000000       0x70 c:/program files/atmel/atmel toolchain/avr8 gcc/native/3.4.1056/avr8-gnu-toolchain/bin/../lib/gcc/avr/4.8.1/../../../../avr/lib/avr5/crtm162.o
                0x00000000                __vector_default
                0x00000000                __vectors
 *(.vectors)
 *(.progmem.gcc*)
                0x00000070                . = ALIGN (0x2)
                0x00000070                __trampolines_start = .
 *(.trampolines)
 .trampolines   0x00000070        0x0 linker stubs
 *(.trampolines*)
                0x00000070                __trampolines_end = .
 *(.progmem*)
                0x00000070                . = ALIGN (0x2)
 *(.jumptables)
 *(.jumptables*)
 *(.lowtext)
 *(.lowtext*)
                0x00000070                __ctors_start = .
 *(.ctors)
                0x00000070                __ctors_end = .
                0x00000070                __dtors_start = .
 *(.dtors)
                0x00000070                __dtors_end = .
 SORT(*)(.ctors)
 SORT(*)(.dtors)
 *(.init0)
 .init0         0x00000070        0x0 c:/program files/atmel/atmel toolchain/avr8 gcc/native/3.4.1056/avr8-gnu-toolchain/bin/../lib/gcc/avr/4.8.1/../../../../avr/lib/avr5/crtm162.o
                0x00000070                __init
 *(.init0)
 *(.init1)
 *(.init1)
 *(.init2)
 .init2         0x00000070        0xc c:/program files/atmel/atmel toolchain/avr8 gcc/native/3.4.1056/avr8-gnu-toolchain/bin/../lib/gcc/avr/4.8.1/../../../../avr/lib/avr5/crtm162.o
 *(.init2)
 *(.init3)
 *(.init3)
 *(.init4)
 .init4         0x0000007c       0x16 c:/program files/atmel/atmel toolchain/avr8 gcc/native/3.4.1056/avr8-gnu-toolchain/bin/../lib/gcc/avr/4.8.1/avr5\libgcc.a(_copy_data.o)
                0x0000007c                __do_copy_data
 .init4         0x00000092       0x10 c:/program files/atmel/atmel toolchain/avr8 gcc/native/3.4.1056/avr8-gnu-toolchain/bin/../lib/gcc/avr/4.8.1/avr5\libgcc.a(_clear_bss.o)
                0x00000092                __do_clear_bss
 *(.init4)
 *(.init5)
 *(.init5)
 *(.init6)
 *(.init6)
 *(.init7)
 *(.init7)
 *(.init8)
 *(.init8)
 *(.init9)
 .init9         0x000000a2        0x4 c:/program files/atmel/atmel toolchain/avr8 gcc/native/3.4.1056/avr8-gnu-toolchain/bin/../lib/gcc/avr/4.8.1/../../../../avr/lib/avr5/crtm162.o
 *(.init9)
 *(.text)
 .text          0x000000a6        0x2 c:/program files/atmel/atmel toolchain/avr8 gcc/native/3.4.1056/avr8-gnu-toolchain/bin/../lib/gcc/avr/4.8.1/../../../../avr/lib/avr5/crtm162.o
                0x000000a6                __vector_22
                0x000000a6                __vector_1
                0x000000a6                __vector_24
                0x000000a6                __vector_12
                0x000000a6                __bad_interrupt
                0x000000a6                __vector_6
                0x000000a6                __vector_3
                0x000000a6                __vector_23
                0x000000a6                __vector_25
                0x000000a6                __vector_11
                0x000000a6                __vector_13
                0x000000a6                __vector_17
                0x000000a6                __vector_7
                0x000000a6                __vector_27
                0x000000a6                __vector_5
                0x000000a6                __vector_4
                0x000000a6                __vector_9
                0x000000a6                __vector_2
                0x000000a6                __vector_21
                0x000000a6                __vector_15
                0x000000a6                __vector_8
                0x000000a6                __vector_26
                0x000000a6                __vector_14
                0x000000a6                __vector_10
                0x000000a6                __vector_16
                0x000000a6                __vector_18
                0x000000a6                __vector_20
                0x000000a8                . = ALIGN (0x2)
 *(.text.*)
 .text.mcpReset
                0x000000a8        0xa src/MCP2515.o
                0x000000a8                mcpReset
 .text.mcpLoopBack
                0x000000b2        0xa src/MCP2515.o
                0x000000b2                mcpLoopBack
 .text.mcpRead  0x000000bc       0x1c src/MCP2515.o
                0x000000bc                mcpRead
 .text.mcpWrite
                0x000000d8       0x1e src/MCP2515.o
                0x000000d8                mcpWrite
 .text.spiInit  0x000000f6        0xe src/SPI.o
                0x000000f6                spiInit
 .text.spiSendData
                0x00000104        0xa src/SPI.o
                0x00000104                spiSendData
 .text.spiSlaveSelect
                0x0000010e        0x4 src/SPI.o
                0x0000010e                spiSlaveSelect
 .text.spiSlaveDeselect
                0x00000112        0x4 src/SPI.o
                0x00000112                spiSlaveDeselect
 .text.usartSendByte
                0x00000116        0x8 src/USART.o
                0x00000116                usartSendByte
 .text.usartInitialize
                0x0000011e       0x20 src/USART.o
                0x0000011e                usartInitialize
 .text.__vector_19
                0x0000013e       0x1e src/USART.o
                0x0000013e                __vector_19
 .text.xmemInit
                0x0000015c        0xc src/XMEM.o
                0x0000015c                xmemInit
 .text.xmemTest
                0x00000168       0xf2 src/XMEM.o
                0x00000168                xmemTest
 .text.xmemExampleFunction
                0x0000025a      0x138 src/XMEM.o
                0x0000025a                xmemExampleFunction
 .text.xmemReadFrom
                0x00000392        0xa src/XMEM.o
                0x00000392                xmemReadFrom
 .text.main     0x0000039c       0x50 src/main.o
                0x0000039c                main
 .text.avr-libc
                0x000003ec      0x24e c:/program files/atmel/atmel toolchain/avr8 gcc/native/3.4.1056/avr8-gnu-toolchain/bin/../lib/gcc/avr/4.8.1/../../../../avr/lib/avr5\libc.a(malloc.o)
                0x000003ec                malloc
                0x0000051c                free
 .text.avr-libc
                0x0000063a       0x94 c:/program files/atmel/atmel toolchain/avr8 gcc/native/3.4.1056/avr8-gnu-toolchain/bin/../lib/gcc/avr/4.8.1/../../../../avr/lib/avr5\libc.a(fdevopen.o)
                0x0000063a                fdevopen
 .text.avr-libc
                0x000006ce       0x22 c:/program files/atmel/atmel toolchain/avr8 gcc/native/3.4.1056/avr8-gnu-toolchain/bin/../lib/gcc/avr/4.8.1/../../../../avr/lib/avr5\libc.a(printf.o)
                0x000006ce                printf
 .text.avr-libc
                0x000006f0       0x5a c:/program files/atmel/atmel toolchain/avr8 gcc/native/3.4.1056/avr8-gnu-toolchain/bin/../lib/gcc/avr/4.8.1/../../../../avr/lib/avr5\libc.a(puts.o)
                0x000006f0                puts
 .text.avr-libc
                0x0000074a      0x386 c:/program files/atmel/atmel toolchain/avr8 gcc/native/3.4.1056/avr8-gnu-toolchain/bin/../lib/gcc/avr/4.8.1/../../../../avr/lib/avr5\libc.a(vfprintf_std.o)
                0x0000074a                vfprintf
 .text.avr-libc
                0x00000ad0       0x34 c:/program files/atmel/atmel toolchain/avr8 gcc/native/3.4.1056/avr8-gnu-toolchain/bin/../lib/gcc/avr/4.8.1/../../../../avr/lib/avr5\libc.a(calloc.o)
                0x00000ad0                calloc
 .text.avr-libc
                0x00000b04       0x16 c:/program files/atmel/atmel toolchain/avr8 gcc/native/3.4.1056/avr8-gnu-toolchain/bin/../lib/gcc/avr/4.8.1/../../../../avr/lib/avr5\libc.a(strnlen_P.o)
                0x00000b04                strnlen_P
 .text.avr-libc
                0x00000b1a        0xe c:/program files/atmel/atmel toolchain/avr8 gcc/native/3.4.1056/avr8-gnu-toolchain/bin/../lib/gcc/avr/4.8.1/../../../../avr/lib/avr5\libc.a(memset.o)
                0x00000b1a                memset
 .text.avr-libc
                0x00000b28       0x16 c:/program files/atmel/atmel toolchain/avr8 gcc/native/3.4.1056/avr8-gnu-toolchain/bin/../lib/gcc/avr/4.8.1/../../../../avr/lib/avr5\libc.a(strnlen.o)
                0x00000b28                strnlen
 .text.avr-libc
                0x00000b3e       0x64 c:/program files/atmel/atmel toolchain/avr8 gcc/native/3.4.1056/avr8-gnu-toolchain/bin/../lib/gcc/avr/4.8.1/../../../../avr/lib/avr5\libc.a(fputc.o)
                0x00000b3e                fputc
 .text.avr-libc
                0x00000ba2       0xbc c:/program files/atmel/atmel toolchain/avr8 gcc/native/3.4.1056/avr8-gnu-toolchain/bin/../lib/gcc/avr/4.8.1/../../../../avr/lib/avr5\libc.a(ultoa_invert.o)
                0x00000ba2                __ultoa_invert
 .text.libgcc.prologue
                0x00000c5e       0x38 c:/program files/atmel/atmel toolchain/avr8 gcc/native/3.4.1056/avr8-gnu-toolchain/bin/../lib/gcc/avr/4.8.1/avr5\libgcc.a(_prologue.o)
                0x00000c5e                __prologue_saves__
 .text.libgcc.prologue
                0x00000c96       0x36 c:/program files/atmel/atmel toolchain/avr8 gcc/native/3.4.1056/avr8-gnu-toolchain/bin/../lib/gcc/avr/4.8.1/avr5\libgcc.a(_epilogue.o)
                0x00000c96                __epilogue_restores__
                0x00000ccc                . = ALIGN (0x2)
 *(.fini9)
 .fini9         0x00000ccc        0x0 c:/program files/atmel/atmel toolchain/avr8 gcc/native/3.4.1056/avr8-gnu-toolchain/bin/../lib/gcc/avr/4.8.1/avr5\libgcc.a(_exit.o)
                0x00000ccc                _exit
                0x00000ccc                exit
 *(.fini9)
 *(.fini8)
 *(.fini8)
 *(.fini7)
 *(.fini7)
 *(.fini6)
 *(.fini6)
 *(.fini5)
 *(.fini5)
 *(.fini4)
 *(.fini4)
 *(.fini3)
 *(.fini3)
 *(.fini2)
 *(.fini2)
 *(.fini1)
 *(.fini1)
 *(.fini0)
 .fini0         0x00000ccc        0x4 c:/program files/atmel/atmel toolchain/avr8 gcc/native/3.4.1056/avr8-gnu-toolchain/bin/../lib/gcc/avr/4.8.1/avr5\libgcc.a(_exit.o)
 *(.fini0)
                0x00000cd0                _etext = .

.data           0x00800100      0x1da load address 0x00000cd0
                0x00800100                PROVIDE (__data_start, .)
 *(.data)
 .data          0x00800100        0x0 c:/program files/atmel/atmel toolchain/avr8 gcc/native/3.4.1056/avr8-gnu-toolchain/bin/../lib/gcc/avr/4.8.1/../../../../avr/lib/avr5/crtm162.o
 .data          0x00800100        0x0 src/ADC.o
 .data          0x00800100        0x0 src/joydick.o
 .data          0x00800100        0x0 src/MCP2515.o
 .data          0x00800100        0x0 src/OLED.o
 .data          0x00800100        0x0 src/SPI.o
 .data          0x00800100        0x0 src/USART.o
 .data          0x00800100        0x0 src/XMEM.o
 .data          0x00800100        0x0 src/ASF/common/boards/user_board/init.o
 .data          0x00800100        0x0 src/main.o
 .data          0x00800100        0x0 c:/program files/atmel/atmel toolchain/avr8 gcc/native/3.4.1056/avr8-gnu-toolchain/bin/../lib/gcc/avr/4.8.1/../../../../avr/lib/avr5\libm.a(divsf3.o)
 .data          0x00800100        0x0 c:/program files/atmel/atmel toolchain/avr8 gcc/native/3.4.1056/avr8-gnu-toolchain/bin/../lib/gcc/avr/4.8.1/../../../../avr/lib/avr5\libm.a(divsf3x.o)
 .data          0x00800100        0x0 c:/program files/atmel/atmel toolchain/avr8 gcc/native/3.4.1056/avr8-gnu-toolchain/bin/../lib/gcc/avr/4.8.1/../../../../avr/lib/avr5\libm.a(fixsfsi.o)
 .data          0x00800100        0x0 c:/program files/atmel/atmel toolchain/avr8 gcc/native/3.4.1056/avr8-gnu-toolchain/bin/../lib/gcc/avr/4.8.1/../../../../avr/lib/avr5\libm.a(fixunssfsi.o)
 .data          0x00800100        0x0 c:/program files/atmel/atmel toolchain/avr8 gcc/native/3.4.1056/avr8-gnu-toolchain/bin/../lib/gcc/avr/4.8.1/../../../../avr/lib/avr5\libm.a(floatsisf.o)
 .data          0x00800100        0x0 c:/program files/atmel/atmel toolchain/avr8 gcc/native/3.4.1056/avr8-gnu-toolchain/bin/../lib/gcc/avr/4.8.1/../../../../avr/lib/avr5\libm.a(fp_inf.o)
 .data          0x00800100        0x0 c:/program files/atmel/atmel toolchain/avr8 gcc/native/3.4.1056/avr8-gnu-toolchain/bin/../lib/gcc/avr/4.8.1/../../../../avr/lib/avr5\libm.a(fp_nan.o)
 .data          0x00800100        0x0 c:/program files/atmel/atmel toolchain/avr8 gcc/native/3.4.1056/avr8-gnu-toolchain/bin/../lib/gcc/avr/4.8.1/../../../../avr/lib/avr5\libm.a(fp_pscA.o)
 .data          0x00800100        0x0 c:/program files/atmel/atmel toolchain/avr8 gcc/native/3.4.1056/avr8-gnu-toolchain/bin/../lib/gcc/avr/4.8.1/../../../../avr/lib/avr5\libm.a(fp_pscB.o)
 .data          0x00800100        0x0 c:/program files/atmel/atmel toolchain/avr8 gcc/native/3.4.1056/avr8-gnu-toolchain/bin/../lib/gcc/avr/4.8.1/../../../../avr/lib/avr5\libm.a(fp_round.o)
 .data          0x00800100        0x0 c:/program files/atmel/atmel toolchain/avr8 gcc/native/3.4.1056/avr8-gnu-toolchain/bin/../lib/gcc/avr/4.8.1/../../../../avr/lib/avr5\libm.a(fp_split3.o)
 .data          0x00800100        0x0 c:/program files/atmel/atmel toolchain/avr8 gcc/native/3.4.1056/avr8-gnu-toolchain/bin/../lib/gcc/avr/4.8.1/../../../../avr/lib/avr5\libm.a(fp_zero.o)
 .data          0x00800100        0x0 c:/program files/atmel/atmel toolchain/avr8 gcc/native/3.4.1056/avr8-gnu-toolchain/bin/../lib/gcc/avr/4.8.1/../../../../avr/lib/avr5\libm.a(mulsf3.o)
 .data          0x00800100        0x0 c:/program files/atmel/atmel toolchain/avr8 gcc/native/3.4.1056/avr8-gnu-toolchain/bin/../lib/gcc/avr/4.8.1/../../../../avr/lib/avr5\libm.a(mulsf3x.o)
 .data          0x00800100        0x0 c:/program files/atmel/atmel toolchain/avr8 gcc/native/3.4.1056/avr8-gnu-toolchain/bin/../lib/gcc/avr/4.8.1/avr5\libgcc.a(_exit.o)
 .data          0x00800100        0x0 c:/program files/atmel/atmel toolchain/avr8 gcc/native/3.4.1056/avr8-gnu-toolchain/bin/../lib/gcc/avr/4.8.1/avr5\libgcc.a(_copy_data.o)
 .data          0x00800100        0x0 c:/program files/atmel/atmel toolchain/avr8 gcc/native/3.4.1056/avr8-gnu-toolchain/bin/../lib/gcc/avr/4.8.1/avr5\libgcc.a(_clear_bss.o)
 .data          0x00800100        0x6 c:/program files/atmel/atmel toolchain/avr8 gcc/native/3.4.1056/avr8-gnu-toolchain/bin/../lib/gcc/avr/4.8.1/../../../../avr/lib/avr5\libc.a(malloc.o)
                0x00800100                __malloc_heap_end
                0x00800102                __malloc_heap_start
                0x00800104                __malloc_margin
 .data          0x00800106        0x0 c:/program files/atmel/atmel toolchain/avr8 gcc/native/3.4.1056/avr8-gnu-toolchain/bin/../lib/gcc/avr/4.8.1/../../../../avr/lib/avr5\libc.a(fdevopen.o)
 .data          0x00800106        0x0 c:/program files/atmel/atmel toolchain/avr8 gcc/native/3.4.1056/avr8-gnu-toolchain/bin/../lib/gcc/avr/4.8.1/../../../../avr/lib/avr5\libc.a(iob.o)
 .data          0x00800106        0x0 c:/program files/atmel/atmel toolchain/avr8 gcc/native/3.4.1056/avr8-gnu-toolchain/bin/../lib/gcc/avr/4.8.1/../../../../avr/lib/avr5\libc.a(printf.o)
 .data          0x00800106        0x0 c:/program files/atmel/atmel toolchain/avr8 gcc/native/3.4.1056/avr8-gnu-toolchain/bin/../lib/gcc/avr/4.8.1/../../../../avr/lib/avr5\libc.a(puts.o)
 .data          0x00800106        0x0 c:/program files/atmel/atmel toolchain/avr8 gcc/native/3.4.1056/avr8-gnu-toolchain/bin/../lib/gcc/avr/4.8.1/../../../../avr/lib/avr5\libc.a(vfprintf_std.o)
 .data          0x00800106        0x0 c:/program files/atmel/atmel toolchain/avr8 gcc/native/3.4.1056/avr8-gnu-toolchain/bin/../lib/gcc/avr/4.8.1/../../../../avr/lib/avr5\libc.a(calloc.o)
 .data          0x00800106        0x0 c:/program files/atmel/atmel toolchain/avr8 gcc/native/3.4.1056/avr8-gnu-toolchain/bin/../lib/gcc/avr/4.8.1/../../../../avr/lib/avr5\libc.a(strnlen_P.o)
 .data          0x00800106        0x0 c:/program files/atmel/atmel toolchain/avr8 gcc/native/3.4.1056/avr8-gnu-toolchain/bin/../lib/gcc/avr/4.8.1/../../../../avr/lib/avr5\libc.a(memset.o)
 .data          0x00800106        0x0 c:/program files/atmel/atmel toolchain/avr8 gcc/native/3.4.1056/avr8-gnu-toolchain/bin/../lib/gcc/avr/4.8.1/../../../../avr/lib/avr5\libc.a(strnlen.o)
 .data          0x00800106        0x0 c:/program files/atmel/atmel toolchain/avr8 gcc/native/3.4.1056/avr8-gnu-toolchain/bin/../lib/gcc/avr/4.8.1/../../../../avr/lib/avr5\libc.a(fputc.o)
 .data          0x00800106        0x0 c:/program files/atmel/atmel toolchain/avr8 gcc/native/3.4.1056/avr8-gnu-toolchain/bin/../lib/gcc/avr/4.8.1/../../../../avr/lib/avr5\libc.a(ultoa_invert.o)
 .data          0x00800106        0x0 c:/program files/atmel/atmel toolchain/avr8 gcc/native/3.4.1056/avr8-gnu-toolchain/bin/../lib/gcc/avr/4.8.1/avr5\libgcc.a(_prologue.o)
 .data          0x00800106        0x0 c:/program files/atmel/atmel toolchain/avr8 gcc/native/3.4.1056/avr8-gnu-toolchain/bin/../lib/gcc/avr/4.8.1/avr5\libgcc.a(_epilogue.o)
 *(.data*)
 *(.rodata)
 *(.rodata*)
 .rodata.str1.1
                0x00800106      0x1c6 src/XMEM.o
                                0x1c8 (size before relaxing)
 .rodata.str1.1
                0x008002cc        0xe src/main.o
 *(.gnu.linkonce.d*)
                0x008002da                . = ALIGN (0x2)
                0x008002da                _edata = .
                0x008002da                PROVIDE (__data_end, .)

.bss            0x008002da        0xc
                0x008002da                PROVIDE (__bss_start, .)
 *(.bss)
 *(.bss*)
 *(COMMON)
 COMMON         0x008002da        0x2 src/USART.o
                0x008002da                globalVariables
 COMMON         0x008002dc        0x4 c:/program files/atmel/atmel toolchain/avr8 gcc/native/3.4.1056/avr8-gnu-toolchain/bin/../lib/gcc/avr/4.8.1/../../../../avr/lib/avr5\libc.a(malloc.o)
                0x008002dc                __brkval
                0x008002de                __flp
 COMMON         0x008002e0        0x6 c:/program files/atmel/atmel toolchain/avr8 gcc/native/3.4.1056/avr8-gnu-toolchain/bin/../lib/gcc/avr/4.8.1/../../../../avr/lib/avr5\libc.a(iob.o)
                0x008002e0                __iob
                0x008002e6                PROVIDE (__bss_end, .)
                0x00000cd0                __data_load_start = LOADADDR (.data)
                0x00000eaa                __data_load_end = (__data_load_start + SIZEOF (.data))

.noinit         0x008002e6        0x0
                0x008002e6                PROVIDE (__noinit_start, .)
 *(.noinit*)
                0x008002e6                PROVIDE (__noinit_end, .)
                0x008002e6                _end = .
                0x008002e6                PROVIDE (__heap_start, .)

.eeprom         0x00810000        0x0
 *(.eeprom*)
                0x00810000                __eeprom_end = .

.fuse
 *(.fuse)
 *(.lfuse)
 *(.hfuse)
 *(.efuse)

.lock
 *(.lock*)

.signature
 *(.signature*)

.user_signatures
 *(.user_signatures*)

.stab
 *(.stab)

.stabstr
 *(.stabstr)

.stab.excl
 *(.stab.excl)

.stab.exclstr
 *(.stab.exclstr)

.stab.index
 *(.stab.index)

.stab.indexstr
 *(.stab.indexstr)

.comment        0x00000000       0x5c
 *(.comment)
 .comment       0x00000000       0x30 src/ADC.o
                                 0x31 (size before relaxing)
 .comment       0x00000000       0x31 src/joydick.o
 .comment       0x00000000       0x31 src/MCP2515.o
 .comment       0x00000000       0x31 src/OLED.o
 .comment       0x00000000       0x31 src/SPI.o
 .comment       0x00000000       0x31 src/USART.o
 .comment       0x00000000       0x31 src/XMEM.o
 .comment       0x00000000       0x31 src/ASF/common/boards/user_board/init.o
 .comment       0x00000000       0x31 src/main.o
 .comment       0x00000000       0x31 c:/program files/atmel/atmel toolchain/avr8 gcc/native/3.4.1056/avr8-gnu-toolchain/bin/../lib/gcc/avr/4.8.1/../../../../avr/lib/avr5\libc.a(malloc.o)
 .comment       0x00000000       0x31 c:/program files/atmel/atmel toolchain/avr8 gcc/native/3.4.1056/avr8-gnu-toolchain/bin/../lib/gcc/avr/4.8.1/../../../../avr/lib/avr5\libc.a(fdevopen.o)
 .comment       0x00000000       0x31 c:/program files/atmel/atmel toolchain/avr8 gcc/native/3.4.1056/avr8-gnu-toolchain/bin/../lib/gcc/avr/4.8.1/../../../../avr/lib/avr5\libc.a(iob.o)
 .comment       0x00000000       0x31 c:/program files/atmel/atmel toolchain/avr8 gcc/native/3.4.1056/avr8-gnu-toolchain/bin/../lib/gcc/avr/4.8.1/../../../../avr/lib/avr5\libc.a(printf.o)
 .comment       0x00000000       0x31 c:/program files/atmel/atmel toolchain/avr8 gcc/native/3.4.1056/avr8-gnu-toolchain/bin/../lib/gcc/avr/4.8.1/../../../../avr/lib/avr5\libc.a(puts.o)
 .comment       0x00000030       0x2c c:/program files/atmel/atmel toolchain/avr8 gcc/native/3.4.1056/avr8-gnu-toolchain/bin/../lib/gcc/avr/4.8.1/../../../../avr/lib/avr5\libc.a(vfprintf_std.o)
                                 0x2d (size before relaxing)
 .comment       0x00000000       0x31 c:/program files/atmel/atmel toolchain/avr8 gcc/native/3.4.1056/avr8-gnu-toolchain/bin/../lib/gcc/avr/4.8.1/../../../../avr/lib/avr5\libc.a(calloc.o)
 .comment       0x00000000       0x31 c:/program files/atmel/atmel toolchain/avr8 gcc/native/3.4.1056/avr8-gnu-toolchain/bin/../lib/gcc/avr/4.8.1/../../../../avr/lib/avr5\libc.a(fputc.o)

.note.gnu.build-id
 *(.note.gnu.build-id)

.debug
 *(.debug)

.line
 *(.line)

.debug_srcinfo
 *(.debug_srcinfo)

.debug_sfnames
 *(.debug_sfnames)

.debug_aranges  0x00000000      0x210
 *(.debug_aranges)
 .debug_aranges
                0x00000000       0x28 src/ADC.o
 .debug_aranges
                0x00000028       0x40 src/joydick.o
 .debug_aranges
                0x00000068       0x50 src/MCP2515.o
 .debug_aranges
                0x000000b8       0x48 src/OLED.o
 .debug_aranges
                0x00000100       0x40 src/SPI.o
 .debug_aranges
                0x00000140       0x40 src/USART.o
 .debug_aranges
                0x00000180       0x50 src/XMEM.o
 .debug_aranges
                0x000001d0       0x20 src/ASF/common/boards/user_board/init.o
 .debug_aranges
                0x000001f0       0x20 src/main.o

.debug_pubnames
 *(.debug_pubnames)

.debug_info     0x00000000     0x1655
 *(.debug_info .gnu.linkonce.wi.*)
 .debug_info    0x00000000      0x156 src/ADC.o
 .debug_info    0x00000156      0x410 src/joydick.o
 .debug_info    0x00000566      0x3a6 src/MCP2515.o
 .debug_info    0x0000090c      0x207 src/OLED.o
 .debug_info    0x00000b13      0x126 src/SPI.o
 .debug_info    0x00000c39      0x2c1 src/USART.o
 .debug_info    0x00000efa      0x4d3 src/XMEM.o
 .debug_info    0x000013cd       0x7c src/ASF/common/boards/user_board/init.o
 .debug_info    0x00001449      0x20c src/main.o

.debug_abbrev   0x00000000      0xaa8
 *(.debug_abbrev)
 .debug_abbrev  0x00000000      0x104 src/ADC.o
 .debug_abbrev  0x00000104      0x1b8 src/joydick.o
 .debug_abbrev  0x000002bc       0xfb src/MCP2515.o
 .debug_abbrev  0x000003b7      0x124 src/OLED.o
 .debug_abbrev  0x000004db       0xcf src/SPI.o
 .debug_abbrev  0x000005aa      0x19f src/USART.o
 .debug_abbrev  0x00000749      0x1fd src/XMEM.o
 .debug_abbrev  0x00000946       0x47 src/ASF/common/boards/user_board/init.o
 .debug_abbrev  0x0000098d      0x11b src/main.o

.debug_line     0x00000000     0x2b24
 *(.debug_line .debug_line.* .debug_line_end)
 .debug_line    0x00000000      0x49e src/ADC.o
 .debug_line    0x0000049e      0x5bb src/joydick.o
 .debug_line    0x00000a59      0x4c9 src/MCP2515.o
 .debug_line    0x00000f22      0x575 src/OLED.o
 .debug_line    0x00001497      0x40e src/SPI.o
 .debug_line    0x000018a5      0x516 src/USART.o
 .debug_line    0x00001dbb      0x573 src/XMEM.o
 .debug_line    0x0000232e      0x359 src/ASF/common/boards/user_board/init.o
 .debug_line    0x00002687      0x49d src/main.o

.debug_frame    0x00000000      0x530
 *(.debug_frame)
 .debug_frame   0x00000000       0x34 src/ADC.o
 .debug_frame   0x00000034       0xe0 src/joydick.o
 .debug_frame   0x00000114       0xb8 src/MCP2515.o
 .debug_frame   0x000001cc       0x84 src/OLED.o
 .debug_frame   0x00000250       0x70 src/SPI.o
 .debug_frame   0x000002c0       0x80 src/USART.o
 .debug_frame   0x00000340      0x18c src/XMEM.o
 .debug_frame   0x000004cc       0x24 src/ASF/common/boards/user_board/init.o
 .debug_frame   0x000004f0       0x40 src/main.o

.debug_str      0x00000000     0xdf75
 *(.debug_str)
 .debug_str     0x00000000     0xdae7 src/ADC.o
                               0xdcc2 (size before relaxing)
 .debug_str     0x0000dae7      0x117 src/joydick.o
                               0xdd6e (size before relaxing)
 .debug_str     0x0000dbfe       0xab src/MCP2515.o
                               0xd6b3 (size before relaxing)
 .debug_str     0x0000dca9       0x84 src/OLED.o
                               0xda38 (size before relaxing)
 .debug_str     0x0000dd2d       0x24 src/SPI.o
                               0xd64c (size before relaxing)
 .debug_str     0x0000dd51       0xbe src/USART.o
                               0xdd14 (size before relaxing)
 .debug_str     0x0000de0f      0x111 src/XMEM.o
                               0xd741 (size before relaxing)
 .debug_str     0x0000df20       0x36 src/ASF/common/boards/user_board/init.o
                               0xd14e (size before relaxing)
 .debug_str     0x0000df56       0x1f src/main.o
                               0xdce9 (size before relaxing)

.debug_loc      0x00000000     0x11d4
 *(.debug_loc)
 .debug_loc     0x00000000       0x95 src/ADC.o
 .debug_loc     0x00000095      0x550 src/joydick.o
 .debug_loc     0x000005e5      0x284 src/MCP2515.o
 .debug_loc     0x00000869      0x14c src/OLED.o
 .debug_loc     0x000009b5       0x84 src/SPI.o
 .debug_loc     0x00000a39       0xbd src/USART.o
 .debug_loc     0x00000af6      0x654 src/XMEM.o
 .debug_loc     0x0000114a       0x8a src/main.o

.debug_macinfo
 *(.debug_macinfo)

.debug_weaknames
 *(.debug_weaknames)

.debug_funcnames
 *(.debug_funcnames)

.debug_typenames
 *(.debug_typenames)

.debug_varnames
 *(.debug_varnames)

.debug_pubtypes
 *(.debug_pubtypes)

.debug_ranges   0x00000000      0x180
 *(.debug_ranges)
 .debug_ranges  0x00000000       0x18 src/ADC.o
 .debug_ranges  0x00000018       0x30 src/joydick.o
 .debug_ranges  0x00000048       0x40 src/MCP2515.o
 .debug_ranges  0x00000088       0x38 src/OLED.o
 .debug_ranges  0x000000c0       0x30 src/SPI.o
 .debug_ranges  0x000000f0       0x30 src/USART.o
 .debug_ranges  0x00000120       0x40 src/XMEM.o
 .debug_ranges  0x00000160       0x10 src/ASF/common/boards/user_board/init.o
 .debug_ranges  0x00000170       0x10 src/main.o

.debug_macro    0x00000000     0x42d0
 *(.debug_macro)
 .debug_macro   0x00000000      0x1fd src/ADC.o
 .debug_macro   0x000001fd      0xa2a src/ADC.o
 .debug_macro   0x00000c27      0x1ad src/ADC.o
 .debug_macro   0x00000dd4      0x293 src/ADC.o
 .debug_macro   0x00001067       0x58 src/ADC.o
 .debug_macro   0x000010bf       0x10 src/ADC.o
 .debug_macro   0x000010cf       0x97 src/ADC.o
 .debug_macro   0x00001166       0xeb src/ADC.o
 .debug_macro   0x00001251       0x22 src/ADC.o
 .debug_macro   0x00001273       0xaa src/ADC.o
 .debug_macro   0x0000131d      0xf2f src/ADC.o
 .debug_macro   0x0000224c      0x185 src/ADC.o
 .debug_macro   0x000023d1       0xbd src/ADC.o
 .debug_macro   0x0000248e       0x34 src/ADC.o
 .debug_macro   0x000024c2       0x18 src/ADC.o
 .debug_macro   0x000024da       0x6c src/ADC.o
 .debug_macro   0x00002546       0x63 src/ADC.o
 .debug_macro   0x000025a9       0x10 src/ADC.o
 .debug_macro   0x000025b9       0xef src/ADC.o
 .debug_macro   0x000026a8       0x1c src/ADC.o
 .debug_macro   0x000026c4       0x35 src/ADC.o
 .debug_macro   0x000026f9       0x66 src/ADC.o
 .debug_macro   0x0000275f      0x44c src/ADC.o
 .debug_macro   0x00002bab       0x44 src/ADC.o
 .debug_macro   0x00002bef       0x2c src/ADC.o
 .debug_macro   0x00002c1b       0x10 src/ADC.o
 .debug_macro   0x00002c2b       0xe2 src/ADC.o
 .debug_macro   0x00002d0d       0x40 src/ADC.o
 .debug_macro   0x00002d4d      0x100 src/ADC.o
 .debug_macro   0x00002e4d      0x223 src/ADC.o
 .debug_macro   0x00003070       0x10 src/ADC.o
 .debug_macro   0x00003080      0x167 src/ADC.o
 .debug_macro   0x000031e7       0x34 src/ADC.o
 .debug_macro   0x0000321b       0x1c src/ADC.o
 .debug_macro   0x00003237       0x10 src/ADC.o
 .debug_macro   0x00003247       0x34 src/ADC.o
 .debug_macro   0x0000327b       0x1c src/ADC.o
 .debug_macro   0x00003297      0x1f7 src/joydick.o
 .debug_macro   0x0000348e       0x69 src/joydick.o
 .debug_macro   0x000034f7       0x22 src/joydick.o
 .debug_macro   0x00003519       0x2e src/joydick.o
 .debug_macro   0x00003547      0x18c src/MCP2515.o
 .debug_macro   0x000036d3       0x10 src/MCP2515.o
 .debug_macro   0x000036e3       0x9e src/MCP2515.o
 .debug_macro   0x00003781      0x166 src/MCP2515.o
 .debug_macro   0x000038e7      0x1a4 src/OLED.o
 .debug_macro   0x00003a8b      0x182 src/SPI.o
 .debug_macro   0x00003c0d      0x1f7 src/USART.o
 .debug_macro   0x00003e04      0x188 src/XMEM.o
 .debug_macro   0x00003f8c      0x152 src/ASF/common/boards/user_board/init.o
 .debug_macro   0x000040de      0x1f2 src/main.o
OUTPUT(LabExc05-SPI.elf elf32-avr)
LOAD linker stubs
