Archive member included because of file (symbol)

d:/program files (x86)/atmel/atmel toolchain/avr8 gcc/native/3.4.1056/avr8-gnu-toolchain/bin/../lib/gcc/avr/4.8.1/../../../../avr/lib/avr5\libm.a(divsf3.o)
                              src/joydick.o (__divsf3)
d:/program files (x86)/atmel/atmel toolchain/avr8 gcc/native/3.4.1056/avr8-gnu-toolchain/bin/../lib/gcc/avr/4.8.1/../../../../avr/lib/avr5\libm.a(divsf3x.o)
                              d:/program files (x86)/atmel/atmel toolchain/avr8 gcc/native/3.4.1056/avr8-gnu-toolchain/bin/../lib/gcc/avr/4.8.1/../../../../avr/lib/avr5\libm.a(divsf3.o) (__divsf3x)
d:/program files (x86)/atmel/atmel toolchain/avr8 gcc/native/3.4.1056/avr8-gnu-toolchain/bin/../lib/gcc/avr/4.8.1/../../../../avr/lib/avr5\libm.a(fixsfsi.o)
                              src/joydick.o (__fixsfsi)
d:/program files (x86)/atmel/atmel toolchain/avr8 gcc/native/3.4.1056/avr8-gnu-toolchain/bin/../lib/gcc/avr/4.8.1/../../../../avr/lib/avr5\libm.a(fixunssfsi.o)
                              d:/program files (x86)/atmel/atmel toolchain/avr8 gcc/native/3.4.1056/avr8-gnu-toolchain/bin/../lib/gcc/avr/4.8.1/../../../../avr/lib/avr5\libm.a(fixsfsi.o) (__fixunssfsi)
d:/program files (x86)/atmel/atmel toolchain/avr8 gcc/native/3.4.1056/avr8-gnu-toolchain/bin/../lib/gcc/avr/4.8.1/../../../../avr/lib/avr5\libm.a(floatsisf.o)
                              src/joydick.o (__floatsisf)
d:/program files (x86)/atmel/atmel toolchain/avr8 gcc/native/3.4.1056/avr8-gnu-toolchain/bin/../lib/gcc/avr/4.8.1/../../../../avr/lib/avr5\libm.a(fp_inf.o)
                              d:/program files (x86)/atmel/atmel toolchain/avr8 gcc/native/3.4.1056/avr8-gnu-toolchain/bin/../lib/gcc/avr/4.8.1/../../../../avr/lib/avr5\libm.a(divsf3x.o) (__fp_inf)
d:/program files (x86)/atmel/atmel toolchain/avr8 gcc/native/3.4.1056/avr8-gnu-toolchain/bin/../lib/gcc/avr/4.8.1/../../../../avr/lib/avr5\libm.a(fp_nan.o)
                              d:/program files (x86)/atmel/atmel toolchain/avr8 gcc/native/3.4.1056/avr8-gnu-toolchain/bin/../lib/gcc/avr/4.8.1/../../../../avr/lib/avr5\libm.a(divsf3x.o) (__fp_nan)
d:/program files (x86)/atmel/atmel toolchain/avr8 gcc/native/3.4.1056/avr8-gnu-toolchain/bin/../lib/gcc/avr/4.8.1/../../../../avr/lib/avr5\libm.a(fp_pscA.o)
                              d:/program files (x86)/atmel/atmel toolchain/avr8 gcc/native/3.4.1056/avr8-gnu-toolchain/bin/../lib/gcc/avr/4.8.1/../../../../avr/lib/avr5\libm.a(divsf3x.o) (__fp_pscA)
d:/program files (x86)/atmel/atmel toolchain/avr8 gcc/native/3.4.1056/avr8-gnu-toolchain/bin/../lib/gcc/avr/4.8.1/../../../../avr/lib/avr5\libm.a(fp_pscB.o)
                              d:/program files (x86)/atmel/atmel toolchain/avr8 gcc/native/3.4.1056/avr8-gnu-toolchain/bin/../lib/gcc/avr/4.8.1/../../../../avr/lib/avr5\libm.a(divsf3x.o) (__fp_pscB)
d:/program files (x86)/atmel/atmel toolchain/avr8 gcc/native/3.4.1056/avr8-gnu-toolchain/bin/../lib/gcc/avr/4.8.1/../../../../avr/lib/avr5\libm.a(fp_round.o)
                              d:/program files (x86)/atmel/atmel toolchain/avr8 gcc/native/3.4.1056/avr8-gnu-toolchain/bin/../lib/gcc/avr/4.8.1/../../../../avr/lib/avr5\libm.a(divsf3.o) (__fp_round)
d:/program files (x86)/atmel/atmel toolchain/avr8 gcc/native/3.4.1056/avr8-gnu-toolchain/bin/../lib/gcc/avr/4.8.1/../../../../avr/lib/avr5\libm.a(fp_split3.o)
                              d:/program files (x86)/atmel/atmel toolchain/avr8 gcc/native/3.4.1056/avr8-gnu-toolchain/bin/../lib/gcc/avr/4.8.1/../../../../avr/lib/avr5\libm.a(divsf3x.o) (__fp_split3)
d:/program files (x86)/atmel/atmel toolchain/avr8 gcc/native/3.4.1056/avr8-gnu-toolchain/bin/../lib/gcc/avr/4.8.1/../../../../avr/lib/avr5\libm.a(fp_zero.o)
                              d:/program files (x86)/atmel/atmel toolchain/avr8 gcc/native/3.4.1056/avr8-gnu-toolchain/bin/../lib/gcc/avr/4.8.1/../../../../avr/lib/avr5\libm.a(fixunssfsi.o) (__fp_zero)
d:/program files (x86)/atmel/atmel toolchain/avr8 gcc/native/3.4.1056/avr8-gnu-toolchain/bin/../lib/gcc/avr/4.8.1/../../../../avr/lib/avr5\libm.a(mulsf3.o)
                              src/joydick.o (__mulsf3)
d:/program files (x86)/atmel/atmel toolchain/avr8 gcc/native/3.4.1056/avr8-gnu-toolchain/bin/../lib/gcc/avr/4.8.1/../../../../avr/lib/avr5\libm.a(mulsf3x.o)
                              d:/program files (x86)/atmel/atmel toolchain/avr8 gcc/native/3.4.1056/avr8-gnu-toolchain/bin/../lib/gcc/avr/4.8.1/../../../../avr/lib/avr5\libm.a(mulsf3.o) (__mulsf3x)
d:/program files (x86)/atmel/atmel toolchain/avr8 gcc/native/3.4.1056/avr8-gnu-toolchain/bin/../lib/gcc/avr/4.8.1/avr5\libgcc.a(_exit.o)
                              d:/program files (x86)/atmel/atmel toolchain/avr8 gcc/native/3.4.1056/avr8-gnu-toolchain/bin/../lib/gcc/avr/4.8.1/../../../../avr/lib/avr5/crtm162.o (exit)
d:/program files (x86)/atmel/atmel toolchain/avr8 gcc/native/3.4.1056/avr8-gnu-toolchain/bin/../lib/gcc/avr/4.8.1/avr5\libgcc.a(_copy_data.o)
                              src/CAN.o (__do_copy_data)
d:/program files (x86)/atmel/atmel toolchain/avr8 gcc/native/3.4.1056/avr8-gnu-toolchain/bin/../lib/gcc/avr/4.8.1/avr5\libgcc.a(_clear_bss.o)
                              src/CAN.o (__do_clear_bss)
d:/program files (x86)/atmel/atmel toolchain/avr8 gcc/native/3.4.1056/avr8-gnu-toolchain/bin/../lib/gcc/avr/4.8.1/../../../../avr/lib/avr5\libc.a(malloc.o)
                              src/XMEM.o (malloc)
d:/program files (x86)/atmel/atmel toolchain/avr8 gcc/native/3.4.1056/avr8-gnu-toolchain/bin/../lib/gcc/avr/4.8.1/../../../../avr/lib/avr5\libc.a(fdevopen.o)
                              src/USART.o (fdevopen)
d:/program files (x86)/atmel/atmel toolchain/avr8 gcc/native/3.4.1056/avr8-gnu-toolchain/bin/../lib/gcc/avr/4.8.1/../../../../avr/lib/avr5\libc.a(iob.o)
                              d:/program files (x86)/atmel/atmel toolchain/avr8 gcc/native/3.4.1056/avr8-gnu-toolchain/bin/../lib/gcc/avr/4.8.1/../../../../avr/lib/avr5\libc.a(fdevopen.o) (__iob)
d:/program files (x86)/atmel/atmel toolchain/avr8 gcc/native/3.4.1056/avr8-gnu-toolchain/bin/../lib/gcc/avr/4.8.1/../../../../avr/lib/avr5\libc.a(printf.o)
                              src/CAN.o (printf)
d:/program files (x86)/atmel/atmel toolchain/avr8 gcc/native/3.4.1056/avr8-gnu-toolchain/bin/../lib/gcc/avr/4.8.1/../../../../avr/lib/avr5\libc.a(puts.o)
                              src/XMEM.o (puts)
d:/program files (x86)/atmel/atmel toolchain/avr8 gcc/native/3.4.1056/avr8-gnu-toolchain/bin/../lib/gcc/avr/4.8.1/../../../../avr/lib/avr5\libc.a(vfprintf_std.o)
                              d:/program files (x86)/atmel/atmel toolchain/avr8 gcc/native/3.4.1056/avr8-gnu-toolchain/bin/../lib/gcc/avr/4.8.1/../../../../avr/lib/avr5\libc.a(printf.o) (vfprintf)
d:/program files (x86)/atmel/atmel toolchain/avr8 gcc/native/3.4.1056/avr8-gnu-toolchain/bin/../lib/gcc/avr/4.8.1/../../../../avr/lib/avr5\libc.a(calloc.o)
                              d:/program files (x86)/atmel/atmel toolchain/avr8 gcc/native/3.4.1056/avr8-gnu-toolchain/bin/../lib/gcc/avr/4.8.1/../../../../avr/lib/avr5\libc.a(fdevopen.o) (calloc)
d:/program files (x86)/atmel/atmel toolchain/avr8 gcc/native/3.4.1056/avr8-gnu-toolchain/bin/../lib/gcc/avr/4.8.1/../../../../avr/lib/avr5\libc.a(strnlen_P.o)
                              d:/program files (x86)/atmel/atmel toolchain/avr8 gcc/native/3.4.1056/avr8-gnu-toolchain/bin/../lib/gcc/avr/4.8.1/../../../../avr/lib/avr5\libc.a(vfprintf_std.o) (strnlen_P)
d:/program files (x86)/atmel/atmel toolchain/avr8 gcc/native/3.4.1056/avr8-gnu-toolchain/bin/../lib/gcc/avr/4.8.1/../../../../avr/lib/avr5\libc.a(memset.o)
                              d:/program files (x86)/atmel/atmel toolchain/avr8 gcc/native/3.4.1056/avr8-gnu-toolchain/bin/../lib/gcc/avr/4.8.1/../../../../avr/lib/avr5\libc.a(calloc.o) (memset)
d:/program files (x86)/atmel/atmel toolchain/avr8 gcc/native/3.4.1056/avr8-gnu-toolchain/bin/../lib/gcc/avr/4.8.1/../../../../avr/lib/avr5\libc.a(strnlen.o)
                              d:/program files (x86)/atmel/atmel toolchain/avr8 gcc/native/3.4.1056/avr8-gnu-toolchain/bin/../lib/gcc/avr/4.8.1/../../../../avr/lib/avr5\libc.a(vfprintf_std.o) (strnlen)
d:/program files (x86)/atmel/atmel toolchain/avr8 gcc/native/3.4.1056/avr8-gnu-toolchain/bin/../lib/gcc/avr/4.8.1/../../../../avr/lib/avr5\libc.a(fputc.o)
                              d:/program files (x86)/atmel/atmel toolchain/avr8 gcc/native/3.4.1056/avr8-gnu-toolchain/bin/../lib/gcc/avr/4.8.1/../../../../avr/lib/avr5\libc.a(vfprintf_std.o) (fputc)
d:/program files (x86)/atmel/atmel toolchain/avr8 gcc/native/3.4.1056/avr8-gnu-toolchain/bin/../lib/gcc/avr/4.8.1/../../../../avr/lib/avr5\libc.a(ultoa_invert.o)
                              d:/program files (x86)/atmel/atmel toolchain/avr8 gcc/native/3.4.1056/avr8-gnu-toolchain/bin/../lib/gcc/avr/4.8.1/../../../../avr/lib/avr5\libc.a(vfprintf_std.o) (__ultoa_invert)
d:/program files (x86)/atmel/atmel toolchain/avr8 gcc/native/3.4.1056/avr8-gnu-toolchain/bin/../lib/gcc/avr/4.8.1/avr5\libgcc.a(_prologue.o)
                              d:/program files (x86)/atmel/atmel toolchain/avr8 gcc/native/3.4.1056/avr8-gnu-toolchain/bin/../lib/gcc/avr/4.8.1/../../../../avr/lib/avr5\libc.a(printf.o) (__prologue_saves__)
d:/program files (x86)/atmel/atmel toolchain/avr8 gcc/native/3.4.1056/avr8-gnu-toolchain/bin/../lib/gcc/avr/4.8.1/avr5\libgcc.a(_epilogue.o)
                              d:/program files (x86)/atmel/atmel toolchain/avr8 gcc/native/3.4.1056/avr8-gnu-toolchain/bin/../lib/gcc/avr/4.8.1/../../../../avr/lib/avr5\libc.a(printf.o) (__epilogue_restores__)

Allocating common symbols
Common symbol       size              file

__brkval            0x2               d:/program files (x86)/atmel/atmel toolchain/avr8 gcc/native/3.4.1056/avr8-gnu-toolchain/bin/../lib/gcc/avr/4.8.1/../../../../avr/lib/avr5\libc.a(malloc.o)
globalVariables     0x2               src/USART.o
globalVar           0x6               src/joydick.o
__flp               0x2               d:/program files (x86)/atmel/atmel toolchain/avr8 gcc/native/3.4.1056/avr8-gnu-toolchain/bin/../lib/gcc/avr/4.8.1/../../../../avr/lib/avr5\libc.a(malloc.o)
__iob               0x6               d:/program files (x86)/atmel/atmel toolchain/avr8 gcc/native/3.4.1056/avr8-gnu-toolchain/bin/../lib/gcc/avr/4.8.1/../../../../avr/lib/avr5\libc.a(iob.o)

Discarded input sections

 .bss           0x00000000        0x0 d:/program files (x86)/atmel/atmel toolchain/avr8 gcc/native/3.4.1056/avr8-gnu-toolchain/bin/../lib/gcc/avr/4.8.1/../../../../avr/lib/avr5/crtm162.o
 .group         0x00000000        0x8 src/ADC.o
 .group         0x00000000        0x8 src/ADC.o
 .group         0x00000000        0x8 src/ADC.o
 .group         0x00000000        0x8 src/ADC.o
 .group         0x00000000        0x8 src/ADC.o
 .group         0x00000000        0x8 src/ADC.o
 .group         0x00000000        0x8 src/ADC.o
 .group         0x00000000        0x8 src/ADC.o
 .group         0x00000000        0x8 src/ADC.o
 .group         0x00000000        0x8 src/ADC.o
 .group         0x00000000        0x8 src/ADC.o
 .group         0x00000000        0x8 src/ADC.o
 .group         0x00000000        0x8 src/ADC.o
 .group         0x00000000        0x8 src/ADC.o
 .group         0x00000000        0x8 src/ADC.o
 .group         0x00000000        0x8 src/ADC.o
 .group         0x00000000        0x8 src/ADC.o
 .group         0x00000000        0x8 src/ADC.o
 .group         0x00000000        0x8 src/ADC.o
 .group         0x00000000        0x8 src/ADC.o
 .group         0x00000000        0x8 src/ADC.o
 .group         0x00000000        0x8 src/ADC.o
 .group         0x00000000        0x8 src/ADC.o
 .group         0x00000000        0x8 src/ADC.o
 .group         0x00000000        0x8 src/ADC.o
 .group         0x00000000        0x8 src/ADC.o
 .group         0x00000000        0x8 src/ADC.o
 .group         0x00000000        0x8 src/ADC.o
 .group         0x00000000        0x8 src/ADC.o
 .group         0x00000000        0x8 src/ADC.o
 .group         0x00000000        0x8 src/ADC.o
 .group         0x00000000        0x8 src/ADC.o
 .group         0x00000000        0x8 src/ADC.o
 .group         0x00000000        0x8 src/ADC.o
 .group         0x00000000        0x8 src/ADC.o
 .group         0x00000000        0x8 src/ADC.o
 .group         0x00000000        0x8 src/ADC.o
 .text          0x00000000        0x0 src/ADC.o
 .bss           0x00000000        0x0 src/ADC.o
 .text.adcInit  0x00000000        0x2 src/ADC.o
 .text.adcRead  0x00000000       0x20 src/ADC.o
 .group         0x00000000        0x8 src/CAN.o
 .group         0x00000000        0x8 src/CAN.o
 .group         0x00000000        0x8 src/CAN.o
 .group         0x00000000        0x8 src/CAN.o
 .group         0x00000000        0x8 src/CAN.o
 .group         0x00000000        0x8 src/CAN.o
 .group         0x00000000        0x8 src/CAN.o
 .group         0x00000000        0x8 src/CAN.o
 .group         0x00000000        0x8 src/CAN.o
 .group         0x00000000        0x8 src/CAN.o
 .group         0x00000000        0x8 src/CAN.o
 .group         0x00000000        0x8 src/CAN.o
 .group         0x00000000        0x8 src/CAN.o
 .group         0x00000000        0x8 src/CAN.o
 .group         0x00000000        0x8 src/CAN.o
 .group         0x00000000        0x8 src/CAN.o
 .group         0x00000000        0x8 src/CAN.o
 .group         0x00000000        0x8 src/CAN.o
 .group         0x00000000        0x8 src/CAN.o
 .group         0x00000000        0x8 src/CAN.o
 .group         0x00000000        0x8 src/CAN.o
 .group         0x00000000        0x8 src/CAN.o
 .group         0x00000000        0x8 src/CAN.o
 .group         0x00000000        0x8 src/CAN.o
 .group         0x00000000        0x8 src/CAN.o
 .group         0x00000000        0x8 src/CAN.o
 .group         0x00000000        0x8 src/CAN.o
 .group         0x00000000        0x8 src/CAN.o
 .group         0x00000000        0x8 src/CAN.o
 .text          0x00000000        0x0 src/CAN.o
 .bss           0x00000000        0x0 src/CAN.o
 .text.can_message_receive
                0x00000000       0x94 src/CAN.o
 .debug_macro   0x00000000      0xa2a src/CAN.o
 .debug_macro   0x00000000      0x1ad src/CAN.o
 .debug_macro   0x00000000      0x293 src/CAN.o
 .debug_macro   0x00000000      0xf2f src/CAN.o
 .debug_macro   0x00000000      0x185 src/CAN.o
 .debug_macro   0x00000000       0xbd src/CAN.o
 .debug_macro   0x00000000       0x34 src/CAN.o
 .debug_macro   0x00000000       0x18 src/CAN.o
 .debug_macro   0x00000000       0x6c src/CAN.o
 .debug_macro   0x00000000       0x22 src/CAN.o
 .debug_macro   0x00000000       0x1c src/CAN.o
 .debug_macro   0x00000000       0x35 src/CAN.o
 .debug_macro   0x00000000       0x66 src/CAN.o
 .debug_macro   0x00000000      0x44c src/CAN.o
 .debug_macro   0x00000000       0x44 src/CAN.o
 .debug_macro   0x00000000       0x2c src/CAN.o
 .debug_macro   0x00000000       0x10 src/CAN.o
 .debug_macro   0x00000000       0xe2 src/CAN.o
 .debug_macro   0x00000000       0x40 src/CAN.o
 .debug_macro   0x00000000      0x100 src/CAN.o
 .debug_macro   0x00000000      0x223 src/CAN.o
 .debug_macro   0x00000000       0x58 src/CAN.o
 .debug_macro   0x00000000       0x10 src/CAN.o
 .debug_macro   0x00000000       0xeb src/CAN.o
 .debug_macro   0x00000000      0x2f7 src/CAN.o
 COMMON         0x00000000        0x0 src/CAN.o
 .group         0x00000000        0x8 src/joydick.o
 .group         0x00000000        0x8 src/joydick.o
 .group         0x00000000        0x8 src/joydick.o
 .group         0x00000000        0x8 src/joydick.o
 .group         0x00000000        0x8 src/joydick.o
 .group         0x00000000        0x8 src/joydick.o
 .group         0x00000000        0x8 src/joydick.o
 .group         0x00000000        0x8 src/joydick.o
 .group         0x00000000        0x8 src/joydick.o
 .group         0x00000000        0x8 src/joydick.o
 .group         0x00000000        0x8 src/joydick.o
 .group         0x00000000        0x8 src/joydick.o
 .group         0x00000000        0x8 src/joydick.o
 .group         0x00000000        0x8 src/joydick.o
 .group         0x00000000        0x8 src/joydick.o
 .group         0x00000000        0x8 src/joydick.o
 .group         0x00000000        0x8 src/joydick.o
 .group         0x00000000        0x8 src/joydick.o
 .group         0x00000000        0x8 src/joydick.o
 .group         0x00000000        0x8 src/joydick.o
 .group         0x00000000        0x8 src/joydick.o
 .group         0x00000000        0x8 src/joydick.o
 .group         0x00000000        0x8 src/joydick.o
 .group         0x00000000        0x8 src/joydick.o
 .group         0x00000000        0x8 src/joydick.o
 .group         0x00000000        0x8 src/joydick.o
 .group         0x00000000        0x8 src/joydick.o
 .group         0x00000000        0x8 src/joydick.o
 .group         0x00000000        0x8 src/joydick.o
 .group         0x00000000        0x8 src/joydick.o
 .group         0x00000000        0x8 src/joydick.o
 .group         0x00000000        0x8 src/joydick.o
 .group         0x00000000        0x8 src/joydick.o
 .group         0x00000000        0x8 src/joydick.o
 .group         0x00000000        0x8 src/joydick.o
 .group         0x00000000        0x8 src/joydick.o
 .group         0x00000000        0x8 src/joydick.o
 .text          0x00000000        0x0 src/joydick.o
 .bss           0x00000000        0x0 src/joydick.o
 .text.joyGetUnscaledXY
                0x00000000       0x28 src/joydick.o
 .rodata.str1.1
                0x00000000       0x5c src/joydick.o
 .text.joyCalibrateXY
                0x00000000       0xb6 src/joydick.o
 .text.calcCalibParam
                0x00000000       0x72 src/joydick.o
 .text.joyGetPosX
                0x00000000       0x2e src/joydick.o
 .text.joyGetPosY
                0x00000000       0x2e src/joydick.o
 .debug_macro   0x00000000      0xa2a src/joydick.o
 .debug_macro   0x00000000      0x1ad src/joydick.o
 .debug_macro   0x00000000      0x293 src/joydick.o
 .debug_macro   0x00000000       0x58 src/joydick.o
 .debug_macro   0x00000000       0x10 src/joydick.o
 .debug_macro   0x00000000       0x97 src/joydick.o
 .debug_macro   0x00000000       0xeb src/joydick.o
 .debug_macro   0x00000000       0x22 src/joydick.o
 .debug_macro   0x00000000       0x10 src/joydick.o
 .debug_macro   0x00000000       0xaa src/joydick.o
 .debug_macro   0x00000000      0xf2f src/joydick.o
 .debug_macro   0x00000000      0x185 src/joydick.o
 .debug_macro   0x00000000       0xbd src/joydick.o
 .debug_macro   0x00000000       0x34 src/joydick.o
 .debug_macro   0x00000000       0x18 src/joydick.o
 .debug_macro   0x00000000       0x6c src/joydick.o
 .debug_macro   0x00000000       0xef src/joydick.o
 .debug_macro   0x00000000       0x1c src/joydick.o
 .debug_macro   0x00000000       0x35 src/joydick.o
 .debug_macro   0x00000000       0x66 src/joydick.o
 .debug_macro   0x00000000      0x44c src/joydick.o
 .debug_macro   0x00000000       0x44 src/joydick.o
 .debug_macro   0x00000000       0x69 src/joydick.o
 .debug_macro   0x00000000       0x2c src/joydick.o
 .debug_macro   0x00000000       0x10 src/joydick.o
 .debug_macro   0x00000000       0xe2 src/joydick.o
 .debug_macro   0x00000000       0x40 src/joydick.o
 .debug_macro   0x00000000      0x100 src/joydick.o
 .debug_macro   0x00000000      0x223 src/joydick.o
 .debug_macro   0x00000000       0x10 src/joydick.o
 .debug_macro   0x00000000      0x167 src/joydick.o
 .debug_macro   0x00000000       0x34 src/joydick.o
 .debug_macro   0x00000000       0x1c src/joydick.o
 .debug_macro   0x00000000       0x10 src/joydick.o
 .debug_macro   0x00000000      0x2f7 src/joydick.o
 .group         0x00000000        0x8 src/MCP2515.o
 .group         0x00000000        0x8 src/MCP2515.o
 .group         0x00000000        0x8 src/MCP2515.o
 .group         0x00000000        0x8 src/MCP2515.o
 .group         0x00000000        0x8 src/MCP2515.o
 .group         0x00000000        0x8 src/MCP2515.o
 .group         0x00000000        0x8 src/MCP2515.o
 .group         0x00000000        0x8 src/MCP2515.o
 .group         0x00000000        0x8 src/MCP2515.o
 .group         0x00000000        0x8 src/MCP2515.o
 .group         0x00000000        0x8 src/MCP2515.o
 .group         0x00000000        0x8 src/MCP2515.o
 .group         0x00000000        0x8 src/MCP2515.o
 .group         0x00000000        0x8 src/MCP2515.o
 .group         0x00000000        0x8 src/MCP2515.o
 .group         0x00000000        0x8 src/MCP2515.o
 .group         0x00000000        0x8 src/MCP2515.o
 .group         0x00000000        0x8 src/MCP2515.o
 .group         0x00000000        0x8 src/MCP2515.o
 .group         0x00000000        0x8 src/MCP2515.o
 .group         0x00000000        0x8 src/MCP2515.o
 .group         0x00000000        0x8 src/MCP2515.o
 .group         0x00000000        0x8 src/MCP2515.o
 .group         0x00000000        0x8 src/MCP2515.o
 .group         0x00000000        0x8 src/MCP2515.o
 .group         0x00000000        0x8 src/MCP2515.o
 .group         0x00000000        0x8 src/MCP2515.o
 .group         0x00000000        0x8 src/MCP2515.o
 .group         0x00000000        0x8 src/MCP2515.o
 .text          0x00000000        0x0 src/MCP2515.o
 .bss           0x00000000        0x0 src/MCP2515.o
 .debug_macro   0x00000000      0xa2a src/MCP2515.o
 .debug_macro   0x00000000      0x2f7 src/MCP2515.o
 .debug_macro   0x00000000       0x10 src/MCP2515.o
 .debug_macro   0x00000000      0x1ad src/MCP2515.o
 .debug_macro   0x00000000      0x293 src/MCP2515.o
 .debug_macro   0x00000000       0x9e src/MCP2515.o
 .debug_macro   0x00000000      0xf2f src/MCP2515.o
 .debug_macro   0x00000000      0x185 src/MCP2515.o
 .debug_macro   0x00000000       0xbd src/MCP2515.o
 .debug_macro   0x00000000       0x34 src/MCP2515.o
 .debug_macro   0x00000000       0x18 src/MCP2515.o
 .debug_macro   0x00000000       0x6c src/MCP2515.o
 .debug_macro   0x00000000       0x22 src/MCP2515.o
 .debug_macro   0x00000000      0x166 src/MCP2515.o
 .debug_macro   0x00000000       0x1c src/MCP2515.o
 .debug_macro   0x00000000       0x35 src/MCP2515.o
 .debug_macro   0x00000000       0x66 src/MCP2515.o
 .debug_macro   0x00000000      0x44c src/MCP2515.o
 .debug_macro   0x00000000       0x44 src/MCP2515.o
 .debug_macro   0x00000000       0x69 src/MCP2515.o
 .debug_macro   0x00000000       0x2c src/MCP2515.o
 .debug_macro   0x00000000       0x10 src/MCP2515.o
 .debug_macro   0x00000000       0xe2 src/MCP2515.o
 .debug_macro   0x00000000       0x40 src/MCP2515.o
 .debug_macro   0x00000000      0x100 src/MCP2515.o
 .debug_macro   0x00000000      0x223 src/MCP2515.o
 .debug_macro   0x00000000       0x58 src/MCP2515.o
 .debug_macro   0x00000000       0x10 src/MCP2515.o
 .debug_macro   0x00000000       0xeb src/MCP2515.o
 .group         0x00000000        0x8 src/OLED.o
 .group         0x00000000        0x8 src/OLED.o
 .group         0x00000000        0x8 src/OLED.o
 .group         0x00000000        0x8 src/OLED.o
 .group         0x00000000        0x8 src/OLED.o
 .group         0x00000000        0x8 src/OLED.o
 .group         0x00000000        0x8 src/OLED.o
 .group         0x00000000        0x8 src/OLED.o
 .group         0x00000000        0x8 src/OLED.o
 .group         0x00000000        0x8 src/OLED.o
 .group         0x00000000        0x8 src/OLED.o
 .group         0x00000000        0x8 src/OLED.o
 .group         0x00000000        0x8 src/OLED.o
 .group         0x00000000        0x8 src/OLED.o
 .group         0x00000000        0x8 src/OLED.o
 .group         0x00000000        0x8 src/OLED.o
 .group         0x00000000        0x8 src/OLED.o
 .group         0x00000000        0x8 src/OLED.o
 .group         0x00000000        0x8 src/OLED.o
 .group         0x00000000        0x8 src/OLED.o
 .group         0x00000000        0x8 src/OLED.o
 .group         0x00000000        0x8 src/OLED.o
 .group         0x00000000        0x8 src/OLED.o
 .group         0x00000000        0x8 src/OLED.o
 .group         0x00000000        0x8 src/OLED.o
 .group         0x00000000        0x8 src/OLED.o
 .group         0x00000000        0x8 src/OLED.o
 .group         0x00000000        0x8 src/OLED.o
 .group         0x00000000        0x8 src/OLED.o
 .group         0x00000000        0x8 src/OLED.o
 .text          0x00000000        0x0 src/OLED.o
 .bss           0x00000000        0x0 src/OLED.o
 .text.oledInit
                0x00000000      0x108 src/OLED.o
 .text.setLine  0x00000000       0x24 src/OLED.o
 .text.clearLine
                0x00000000       0x1a src/OLED.o
 .text.clearScreen
                0x00000000       0x14 src/OLED.o
 .text.setColumn
                0x00000000       0x18 src/OLED.o
 .text.oledPrint
                0x00000000       0x5c src/OLED.o
 .data.oledDataAddress
                0x00000000        0x2 src/OLED.o
 .data.oledCmdAddress
                0x00000000        0x2 src/OLED.o
 .debug_macro   0x00000000      0xa2a src/OLED.o
 .debug_macro   0x00000000       0x10 src/OLED.o
 .debug_macro   0x00000000      0x1ad src/OLED.o
 .debug_macro   0x00000000      0x293 src/OLED.o
 .debug_macro   0x00000000       0x9e src/OLED.o
 .debug_macro   0x00000000      0xf2f src/OLED.o
 .debug_macro   0x00000000      0x185 src/OLED.o
 .debug_macro   0x00000000       0xbd src/OLED.o
 .debug_macro   0x00000000       0x34 src/OLED.o
 .debug_macro   0x00000000       0x18 src/OLED.o
 .debug_macro   0x00000000       0x6c src/OLED.o
 .debug_macro   0x00000000       0x22 src/OLED.o
 .debug_macro   0x00000000      0x166 src/OLED.o
 .debug_macro   0x00000000       0x1c src/OLED.o
 .debug_macro   0x00000000       0x35 src/OLED.o
 .debug_macro   0x00000000       0x66 src/OLED.o
 .debug_macro   0x00000000      0x44c src/OLED.o
 .debug_macro   0x00000000       0x44 src/OLED.o
 .debug_macro   0x00000000       0x69 src/OLED.o
 .debug_macro   0x00000000       0x2c src/OLED.o
 .debug_macro   0x00000000       0x10 src/OLED.o
 .debug_macro   0x00000000       0xe2 src/OLED.o
 .debug_macro   0x00000000       0x40 src/OLED.o
 .debug_macro   0x00000000      0x100 src/OLED.o
 .debug_macro   0x00000000      0x223 src/OLED.o
 .debug_macro   0x00000000       0x58 src/OLED.o
 .debug_macro   0x00000000       0x10 src/OLED.o
 .debug_macro   0x00000000       0xeb src/OLED.o
 .debug_macro   0x00000000       0x10 src/OLED.o
 .debug_macro   0x00000000      0x167 src/OLED.o
 .group         0x00000000        0x8 src/SPI.o
 .group         0x00000000        0x8 src/SPI.o
 .group         0x00000000        0x8 src/SPI.o
 .group         0x00000000        0x8 src/SPI.o
 .group         0x00000000        0x8 src/SPI.o
 .group         0x00000000        0x8 src/SPI.o
 .group         0x00000000        0x8 src/SPI.o
 .group         0x00000000        0x8 src/SPI.o
 .group         0x00000000        0x8 src/SPI.o
 .group         0x00000000        0x8 src/SPI.o
 .group         0x00000000        0x8 src/SPI.o
 .group         0x00000000        0x8 src/SPI.o
 .group         0x00000000        0x8 src/SPI.o
 .group         0x00000000        0x8 src/SPI.o
 .group         0x00000000        0x8 src/SPI.o
 .group         0x00000000        0x8 src/SPI.o
 .group         0x00000000        0x8 src/SPI.o
 .group         0x00000000        0x8 src/SPI.o
 .group         0x00000000        0x8 src/SPI.o
 .group         0x00000000        0x8 src/SPI.o
 .group         0x00000000        0x8 src/SPI.o
 .group         0x00000000        0x8 src/SPI.o
 .group         0x00000000        0x8 src/SPI.o
 .group         0x00000000        0x8 src/SPI.o
 .group         0x00000000        0x8 src/SPI.o
 .group         0x00000000        0x8 src/SPI.o
 .group         0x00000000        0x8 src/SPI.o
 .group         0x00000000        0x8 src/SPI.o
 .text          0x00000000        0x0 src/SPI.o
 .bss           0x00000000        0x0 src/SPI.o
 .debug_macro   0x00000000      0xa2a src/SPI.o
 .debug_macro   0x00000000       0x10 src/SPI.o
 .debug_macro   0x00000000      0x1ad src/SPI.o
 .debug_macro   0x00000000      0x293 src/SPI.o
 .debug_macro   0x00000000       0x9e src/SPI.o
 .debug_macro   0x00000000      0xf2f src/SPI.o
 .debug_macro   0x00000000      0x185 src/SPI.o
 .debug_macro   0x00000000       0xbd src/SPI.o
 .debug_macro   0x00000000       0x34 src/SPI.o
 .debug_macro   0x00000000       0x18 src/SPI.o
 .debug_macro   0x00000000       0x6c src/SPI.o
 .debug_macro   0x00000000       0x22 src/SPI.o
 .debug_macro   0x00000000      0x166 src/SPI.o
 .debug_macro   0x00000000       0x1c src/SPI.o
 .debug_macro   0x00000000       0x35 src/SPI.o
 .debug_macro   0x00000000       0x66 src/SPI.o
 .debug_macro   0x00000000      0x44c src/SPI.o
 .debug_macro   0x00000000       0x44 src/SPI.o
 .debug_macro   0x00000000       0x69 src/SPI.o
 .debug_macro   0x00000000       0x2c src/SPI.o
 .debug_macro   0x00000000       0x10 src/SPI.o
 .debug_macro   0x00000000       0xe2 src/SPI.o
 .debug_macro   0x00000000       0x40 src/SPI.o
 .debug_macro   0x00000000      0x100 src/SPI.o
 .debug_macro   0x00000000      0x223 src/SPI.o
 .debug_macro   0x00000000       0x58 src/SPI.o
 .debug_macro   0x00000000       0x10 src/SPI.o
 .debug_macro   0x00000000       0xeb src/SPI.o
 .group         0x00000000        0x8 src/USART.o
 .group         0x00000000        0x8 src/USART.o
 .group         0x00000000        0x8 src/USART.o
 .group         0x00000000        0x8 src/USART.o
 .group         0x00000000        0x8 src/USART.o
 .group         0x00000000        0x8 src/USART.o
 .group         0x00000000        0x8 src/USART.o
 .group         0x00000000        0x8 src/USART.o
 .group         0x00000000        0x8 src/USART.o
 .group         0x00000000        0x8 src/USART.o
 .group         0x00000000        0x8 src/USART.o
 .group         0x00000000        0x8 src/USART.o
 .group         0x00000000        0x8 src/USART.o
 .group         0x00000000        0x8 src/USART.o
 .group         0x00000000        0x8 src/USART.o
 .group         0x00000000        0x8 src/USART.o
 .group         0x00000000        0x8 src/USART.o
 .group         0x00000000        0x8 src/USART.o
 .group         0x00000000        0x8 src/USART.o
 .group         0x00000000        0x8 src/USART.o
 .group         0x00000000        0x8 src/USART.o
 .group         0x00000000        0x8 src/USART.o
 .group         0x00000000        0x8 src/USART.o
 .group         0x00000000        0x8 src/USART.o
 .group         0x00000000        0x8 src/USART.o
 .group         0x00000000        0x8 src/USART.o
 .group         0x00000000        0x8 src/USART.o
 .group         0x00000000        0x8 src/USART.o
 .group         0x00000000        0x8 src/USART.o
 .group         0x00000000        0x8 src/USART.o
 .group         0x00000000        0x8 src/USART.o
 .group         0x00000000        0x8 src/USART.o
 .group         0x00000000        0x8 src/USART.o
 .group         0x00000000        0x8 src/USART.o
 .group         0x00000000        0x8 src/USART.o
 .group         0x00000000        0x8 src/USART.o
 .group         0x00000000        0x8 src/USART.o
 .text          0x00000000        0x0 src/USART.o
 .bss           0x00000000        0x0 src/USART.o
 .text.usartReadByte
                0x00000000        0xe src/USART.o
 .text.usartSendDataString
                0x00000000       0x1e src/USART.o
 .debug_macro   0x00000000      0xa2a src/USART.o
 .debug_macro   0x00000000      0x1ad src/USART.o
 .debug_macro   0x00000000      0x293 src/USART.o
 .debug_macro   0x00000000       0x58 src/USART.o
 .debug_macro   0x00000000       0x10 src/USART.o
 .debug_macro   0x00000000       0x97 src/USART.o
 .debug_macro   0x00000000       0xeb src/USART.o
 .debug_macro   0x00000000       0x22 src/USART.o
 .debug_macro   0x00000000       0x10 src/USART.o
 .debug_macro   0x00000000       0xaa src/USART.o
 .debug_macro   0x00000000      0xf2f src/USART.o
 .debug_macro   0x00000000      0x185 src/USART.o
 .debug_macro   0x00000000       0xbd src/USART.o
 .debug_macro   0x00000000       0x34 src/USART.o
 .debug_macro   0x00000000       0x18 src/USART.o
 .debug_macro   0x00000000       0x6c src/USART.o
 .debug_macro   0x00000000       0xef src/USART.o
 .debug_macro   0x00000000       0x1c src/USART.o
 .debug_macro   0x00000000       0x35 src/USART.o
 .debug_macro   0x00000000       0x66 src/USART.o
 .debug_macro   0x00000000      0x44c src/USART.o
 .debug_macro   0x00000000       0x44 src/USART.o
 .debug_macro   0x00000000       0x69 src/USART.o
 .debug_macro   0x00000000       0x2c src/USART.o
 .debug_macro   0x00000000       0x10 src/USART.o
 .debug_macro   0x00000000       0xe2 src/USART.o
 .debug_macro   0x00000000       0x40 src/USART.o
 .debug_macro   0x00000000      0x100 src/USART.o
 .debug_macro   0x00000000      0x223 src/USART.o
 .debug_macro   0x00000000       0x10 src/USART.o
 .debug_macro   0x00000000      0x167 src/USART.o
 .debug_macro   0x00000000       0x34 src/USART.o
 .debug_macro   0x00000000       0x10 src/USART.o
 .debug_macro   0x00000000       0x1c src/USART.o
 .debug_macro   0x00000000       0x34 src/USART.o
 .debug_macro   0x00000000      0x2f7 src/USART.o
 .debug_macro   0x00000000       0x1c src/USART.o
 .group         0x00000000        0x8 src/XMEM.o
 .group         0x00000000        0x8 src/XMEM.o
 .group         0x00000000        0x8 src/XMEM.o
 .group         0x00000000        0x8 src/XMEM.o
 .group         0x00000000        0x8 src/XMEM.o
 .group         0x00000000        0x8 src/XMEM.o
 .group         0x00000000        0x8 src/XMEM.o
 .group         0x00000000        0x8 src/XMEM.o
 .group         0x00000000        0x8 src/XMEM.o
 .group         0x00000000        0x8 src/XMEM.o
 .group         0x00000000        0x8 src/XMEM.o
 .group         0x00000000        0x8 src/XMEM.o
 .group         0x00000000        0x8 src/XMEM.o
 .group         0x00000000        0x8 src/XMEM.o
 .group         0x00000000        0x8 src/XMEM.o
 .group         0x00000000        0x8 src/XMEM.o
 .group         0x00000000        0x8 src/XMEM.o
 .group         0x00000000        0x8 src/XMEM.o
 .group         0x00000000        0x8 src/XMEM.o
 .group         0x00000000        0x8 src/XMEM.o
 .group         0x00000000        0x8 src/XMEM.o
 .group         0x00000000        0x8 src/XMEM.o
 .group         0x00000000        0x8 src/XMEM.o
 .group         0x00000000        0x8 src/XMEM.o
 .group         0x00000000        0x8 src/XMEM.o
 .group         0x00000000        0x8 src/XMEM.o
 .group         0x00000000        0x8 src/XMEM.o
 .group         0x00000000        0x8 src/XMEM.o
 .text          0x00000000        0x0 src/XMEM.o
 .bss           0x00000000        0x0 src/XMEM.o
 .text.freeRam  0x00000000        0x2 src/XMEM.o
 .text.vXMEMTestTask
                0x00000000       0x98 src/XMEM.o
 .text.xmemWriteTo
                0x00000000        0xc src/XMEM.o
 .debug_macro   0x00000000      0xa2a src/XMEM.o
 .debug_macro   0x00000000       0x10 src/XMEM.o
 .debug_macro   0x00000000      0x1ad src/XMEM.o
 .debug_macro   0x00000000      0x293 src/XMEM.o
 .debug_macro   0x00000000       0x9e src/XMEM.o
 .debug_macro   0x00000000      0xf2f src/XMEM.o
 .debug_macro   0x00000000      0x185 src/XMEM.o
 .debug_macro   0x00000000       0xbd src/XMEM.o
 .debug_macro   0x00000000       0x34 src/XMEM.o
 .debug_macro   0x00000000       0x18 src/XMEM.o
 .debug_macro   0x00000000       0x6c src/XMEM.o
 .debug_macro   0x00000000       0x22 src/XMEM.o
 .debug_macro   0x00000000      0x166 src/XMEM.o
 .debug_macro   0x00000000       0x1c src/XMEM.o
 .debug_macro   0x00000000       0x35 src/XMEM.o
 .debug_macro   0x00000000       0x66 src/XMEM.o
 .debug_macro   0x00000000      0x44c src/XMEM.o
 .debug_macro   0x00000000       0x44 src/XMEM.o
 .debug_macro   0x00000000       0x69 src/XMEM.o
 .debug_macro   0x00000000       0x2c src/XMEM.o
 .debug_macro   0x00000000       0x10 src/XMEM.o
 .debug_macro   0x00000000       0xe2 src/XMEM.o
 .debug_macro   0x00000000       0x40 src/XMEM.o
 .debug_macro   0x00000000      0x100 src/XMEM.o
 .debug_macro   0x00000000      0x223 src/XMEM.o
 .debug_macro   0x00000000       0x58 src/XMEM.o
 .debug_macro   0x00000000       0x10 src/XMEM.o
 .debug_macro   0x00000000       0xeb src/XMEM.o
 .group         0x00000000        0x8 src/ASF/common/boards/user_board/init.o
 .group         0x00000000        0x8 src/ASF/common/boards/user_board/init.o
 .group         0x00000000        0x8 src/ASF/common/boards/user_board/init.o
 .group         0x00000000        0x8 src/ASF/common/boards/user_board/init.o
 .group         0x00000000        0x8 src/ASF/common/boards/user_board/init.o
 .group         0x00000000        0x8 src/ASF/common/boards/user_board/init.o
 .group         0x00000000        0x8 src/ASF/common/boards/user_board/init.o
 .group         0x00000000        0x8 src/ASF/common/boards/user_board/init.o
 .group         0x00000000        0x8 src/ASF/common/boards/user_board/init.o
 .group         0x00000000        0x8 src/ASF/common/boards/user_board/init.o
 .group         0x00000000        0x8 src/ASF/common/boards/user_board/init.o
 .group         0x00000000        0x8 src/ASF/common/boards/user_board/init.o
 .group         0x00000000        0x8 src/ASF/common/boards/user_board/init.o
 .group         0x00000000        0x8 src/ASF/common/boards/user_board/init.o
 .group         0x00000000        0x8 src/ASF/common/boards/user_board/init.o
 .group         0x00000000        0x8 src/ASF/common/boards/user_board/init.o
 .group         0x00000000        0x8 src/ASF/common/boards/user_board/init.o
 .group         0x00000000        0x8 src/ASF/common/boards/user_board/init.o
 .group         0x00000000        0x8 src/ASF/common/boards/user_board/init.o
 .group         0x00000000        0x8 src/ASF/common/boards/user_board/init.o
 .group         0x00000000        0x8 src/ASF/common/boards/user_board/init.o
 .group         0x00000000        0x8 src/ASF/common/boards/user_board/init.o
 .group         0x00000000        0x8 src/ASF/common/boards/user_board/init.o
 .group         0x00000000        0x8 src/ASF/common/boards/user_board/init.o
 .group         0x00000000        0x8 src/ASF/common/boards/user_board/init.o
 .text          0x00000000        0x0 src/ASF/common/boards/user_board/init.o
 .bss           0x00000000        0x0 src/ASF/common/boards/user_board/init.o
 .text.board_init
                0x00000000        0x2 src/ASF/common/boards/user_board/init.o
 .debug_macro   0x00000000      0xa2a src/ASF/common/boards/user_board/init.o
 .debug_macro   0x00000000       0x10 src/ASF/common/boards/user_board/init.o
 .debug_macro   0x00000000      0x1ad src/ASF/common/boards/user_board/init.o
 .debug_macro   0x00000000      0x293 src/ASF/common/boards/user_board/init.o
 .debug_macro   0x00000000       0x9e src/ASF/common/boards/user_board/init.o
 .debug_macro   0x00000000      0xf2f src/ASF/common/boards/user_board/init.o
 .debug_macro   0x00000000      0x185 src/ASF/common/boards/user_board/init.o
 .debug_macro   0x00000000       0xbd src/ASF/common/boards/user_board/init.o
 .debug_macro   0x00000000       0x34 src/ASF/common/boards/user_board/init.o
 .debug_macro   0x00000000       0x18 src/ASF/common/boards/user_board/init.o
 .debug_macro   0x00000000       0x6c src/ASF/common/boards/user_board/init.o
 .debug_macro   0x00000000       0x22 src/ASF/common/boards/user_board/init.o
 .debug_macro   0x00000000      0x166 src/ASF/common/boards/user_board/init.o
 .debug_macro   0x00000000       0x1c src/ASF/common/boards/user_board/init.o
 .debug_macro   0x00000000       0x35 src/ASF/common/boards/user_board/init.o
 .debug_macro   0x00000000       0x66 src/ASF/common/boards/user_board/init.o
 .debug_macro   0x00000000      0x44c src/ASF/common/boards/user_board/init.o
 .debug_macro   0x00000000       0x44 src/ASF/common/boards/user_board/init.o
 .debug_macro   0x00000000       0x69 src/ASF/common/boards/user_board/init.o
 .debug_macro   0x00000000       0x2c src/ASF/common/boards/user_board/init.o
 .debug_macro   0x00000000       0x10 src/ASF/common/boards/user_board/init.o
 .debug_macro   0x00000000       0xe2 src/ASF/common/boards/user_board/init.o
 .debug_macro   0x00000000       0x40 src/ASF/common/boards/user_board/init.o
 .debug_macro   0x00000000      0x100 src/ASF/common/boards/user_board/init.o
 .debug_macro   0x00000000      0x223 src/ASF/common/boards/user_board/init.o
 .group         0x00000000        0x8 src/main.o
 .group         0x00000000        0x8 src/main.o
 .group         0x00000000        0x8 src/main.o
 .group         0x00000000        0x8 src/main.o
 .group         0x00000000        0x8 src/main.o
 .group         0x00000000        0x8 src/main.o
 .group         0x00000000        0x8 src/main.o
 .group         0x00000000        0x8 src/main.o
 .group         0x00000000        0x8 src/main.o
 .group         0x00000000        0x8 src/main.o
 .group         0x00000000        0x8 src/main.o
 .group         0x00000000        0x8 src/main.o
 .group         0x00000000        0x8 src/main.o
 .group         0x00000000        0x8 src/main.o
 .group         0x00000000        0x8 src/main.o
 .group         0x00000000        0x8 src/main.o
 .group         0x00000000        0x8 src/main.o
 .group         0x00000000        0x8 src/main.o
 .group         0x00000000        0x8 src/main.o
 .group         0x00000000        0x8 src/main.o
 .group         0x00000000        0x8 src/main.o
 .group         0x00000000        0x8 src/main.o
 .group         0x00000000        0x8 src/main.o
 .group         0x00000000        0x8 src/main.o
 .group         0x00000000        0x8 src/main.o
 .group         0x00000000        0x8 src/main.o
 .group         0x00000000        0x8 src/main.o
 .group         0x00000000        0x8 src/main.o
 .group         0x00000000        0x8 src/main.o
 .group         0x00000000        0x8 src/main.o
 .group         0x00000000        0x8 src/main.o
 .group         0x00000000        0x8 src/main.o
 .group         0x00000000        0x8 src/main.o
 .group         0x00000000        0x8 src/main.o
 .group         0x00000000        0x8 src/main.o
 .group         0x00000000        0x8 src/main.o
 .group         0x00000000        0x8 src/main.o
 .text          0x00000000        0x0 src/main.o
 .bss           0x00000000        0x0 src/main.o
 .bss.byteOfData
                0x00000000        0x1 src/main.o
 .bss.interruptOn
                0x00000000        0x1 src/main.o
 .debug_macro   0x00000000      0xa2a src/main.o
 .debug_macro   0x00000000       0x10 src/main.o
 .debug_macro   0x00000000       0x10 src/main.o
 .debug_macro   0x00000000      0x1ad src/main.o
 .debug_macro   0x00000000      0x293 src/main.o
 .debug_macro   0x00000000       0x9e src/main.o
 .debug_macro   0x00000000      0xf2f src/main.o
 .debug_macro   0x00000000      0x185 src/main.o
 .debug_macro   0x00000000       0xbd src/main.o
 .debug_macro   0x00000000       0x34 src/main.o
 .debug_macro   0x00000000       0x18 src/main.o
 .debug_macro   0x00000000       0x6c src/main.o
 .debug_macro   0x00000000       0x22 src/main.o
 .debug_macro   0x00000000      0x166 src/main.o
 .debug_macro   0x00000000       0x1c src/main.o
 .debug_macro   0x00000000       0x35 src/main.o
 .debug_macro   0x00000000       0x66 src/main.o
 .debug_macro   0x00000000      0x44c src/main.o
 .debug_macro   0x00000000       0x44 src/main.o
 .debug_macro   0x00000000       0x69 src/main.o
 .debug_macro   0x00000000       0x2c src/main.o
 .debug_macro   0x00000000       0x10 src/main.o
 .debug_macro   0x00000000       0xe2 src/main.o
 .debug_macro   0x00000000       0x40 src/main.o
 .debug_macro   0x00000000      0x100 src/main.o
 .debug_macro   0x00000000      0x223 src/main.o
 .debug_macro   0x00000000       0x58 src/main.o
 .debug_macro   0x00000000       0x10 src/main.o
 .debug_macro   0x00000000       0xeb src/main.o
 .debug_macro   0x00000000       0x10 src/main.o
 .debug_macro   0x00000000      0x167 src/main.o
 .debug_macro   0x00000000       0x34 src/main.o
 .debug_macro   0x00000000       0x1c src/main.o
 .debug_macro   0x00000000       0x10 src/main.o
 .debug_macro   0x00000000       0x22 src/main.o
 .debug_macro   0x00000000       0x34 src/main.o
 .debug_macro   0x00000000      0x2f7 src/main.o
 .text          0x00000000        0x0 d:/program files (x86)/atmel/atmel toolchain/avr8 gcc/native/3.4.1056/avr8-gnu-toolchain/bin/../lib/gcc/avr/4.8.1/../../../../avr/lib/avr5\libm.a(divsf3.o)
 .bss           0x00000000        0x0 d:/program files (x86)/atmel/atmel toolchain/avr8 gcc/native/3.4.1056/avr8-gnu-toolchain/bin/../lib/gcc/avr/4.8.1/../../../../avr/lib/avr5\libm.a(divsf3.o)
 .text.avr-libc.fplib
                0x00000000        0x4 d:/program files (x86)/atmel/atmel toolchain/avr8 gcc/native/3.4.1056/avr8-gnu-toolchain/bin/../lib/gcc/avr/4.8.1/../../../../avr/lib/avr5\libm.a(divsf3.o)
 .text          0x00000000        0x0 d:/program files (x86)/atmel/atmel toolchain/avr8 gcc/native/3.4.1056/avr8-gnu-toolchain/bin/../lib/gcc/avr/4.8.1/../../../../avr/lib/avr5\libm.a(divsf3x.o)
 .bss           0x00000000        0x0 d:/program files (x86)/atmel/atmel toolchain/avr8 gcc/native/3.4.1056/avr8-gnu-toolchain/bin/../lib/gcc/avr/4.8.1/../../../../avr/lib/avr5\libm.a(divsf3x.o)
 .text.avr-libc.fplib
                0x00000000       0xcc d:/program files (x86)/atmel/atmel toolchain/avr8 gcc/native/3.4.1056/avr8-gnu-toolchain/bin/../lib/gcc/avr/4.8.1/../../../../avr/lib/avr5\libm.a(divsf3x.o)
 .text          0x00000000        0x0 d:/program files (x86)/atmel/atmel toolchain/avr8 gcc/native/3.4.1056/avr8-gnu-toolchain/bin/../lib/gcc/avr/4.8.1/../../../../avr/lib/avr5\libm.a(fixsfsi.o)
 .bss           0x00000000        0x0 d:/program files (x86)/atmel/atmel toolchain/avr8 gcc/native/3.4.1056/avr8-gnu-toolchain/bin/../lib/gcc/avr/4.8.1/../../../../avr/lib/avr5\libm.a(fixsfsi.o)
 .text.avr-libc.fplib
                0x00000000        0xa d:/program files (x86)/atmel/atmel toolchain/avr8 gcc/native/3.4.1056/avr8-gnu-toolchain/bin/../lib/gcc/avr/4.8.1/../../../../avr/lib/avr5\libm.a(fixsfsi.o)
 .text          0x00000000        0x0 d:/program files (x86)/atmel/atmel toolchain/avr8 gcc/native/3.4.1056/avr8-gnu-toolchain/bin/../lib/gcc/avr/4.8.1/../../../../avr/lib/avr5\libm.a(fixunssfsi.o)
 .bss           0x00000000        0x0 d:/program files (x86)/atmel/atmel toolchain/avr8 gcc/native/3.4.1056/avr8-gnu-toolchain/bin/../lib/gcc/avr/4.8.1/../../../../avr/lib/avr5\libm.a(fixunssfsi.o)
 .text.avr-libc.fplib
                0x00000000       0x58 d:/program files (x86)/atmel/atmel toolchain/avr8 gcc/native/3.4.1056/avr8-gnu-toolchain/bin/../lib/gcc/avr/4.8.1/../../../../avr/lib/avr5\libm.a(fixunssfsi.o)
 .text          0x00000000        0x0 d:/program files (x86)/atmel/atmel toolchain/avr8 gcc/native/3.4.1056/avr8-gnu-toolchain/bin/../lib/gcc/avr/4.8.1/../../../../avr/lib/avr5\libm.a(floatsisf.o)
 .bss           0x00000000        0x0 d:/program files (x86)/atmel/atmel toolchain/avr8 gcc/native/3.4.1056/avr8-gnu-toolchain/bin/../lib/gcc/avr/4.8.1/../../../../avr/lib/avr5\libm.a(floatsisf.o)
 .text.avr-libc.fplib
                0x00000000       0x7a d:/program files (x86)/atmel/atmel toolchain/avr8 gcc/native/3.4.1056/avr8-gnu-toolchain/bin/../lib/gcc/avr/4.8.1/../../../../avr/lib/avr5\libm.a(floatsisf.o)
 .text          0x00000000        0x0 d:/program files (x86)/atmel/atmel toolchain/avr8 gcc/native/3.4.1056/avr8-gnu-toolchain/bin/../lib/gcc/avr/4.8.1/../../../../avr/lib/avr5\libm.a(fp_inf.o)
 .bss           0x00000000        0x0 d:/program files (x86)/atmel/atmel toolchain/avr8 gcc/native/3.4.1056/avr8-gnu-toolchain/bin/../lib/gcc/avr/4.8.1/../../../../avr/lib/avr5\libm.a(fp_inf.o)
 .text.avr-libc.fplib
                0x00000000        0xc d:/program files (x86)/atmel/atmel toolchain/avr8 gcc/native/3.4.1056/avr8-gnu-toolchain/bin/../lib/gcc/avr/4.8.1/../../../../avr/lib/avr5\libm.a(fp_inf.o)
 .text          0x00000000        0x0 d:/program files (x86)/atmel/atmel toolchain/avr8 gcc/native/3.4.1056/avr8-gnu-toolchain/bin/../lib/gcc/avr/4.8.1/../../../../avr/lib/avr5\libm.a(fp_nan.o)
 .bss           0x00000000        0x0 d:/program files (x86)/atmel/atmel toolchain/avr8 gcc/native/3.4.1056/avr8-gnu-toolchain/bin/../lib/gcc/avr/4.8.1/../../../../avr/lib/avr5\libm.a(fp_nan.o)
 .text.avr-libc.fplib
                0x00000000        0x6 d:/program files (x86)/atmel/atmel toolchain/avr8 gcc/native/3.4.1056/avr8-gnu-toolchain/bin/../lib/gcc/avr/4.8.1/../../../../avr/lib/avr5\libm.a(fp_nan.o)
 .text          0x00000000        0x0 d:/program files (x86)/atmel/atmel toolchain/avr8 gcc/native/3.4.1056/avr8-gnu-toolchain/bin/../lib/gcc/avr/4.8.1/../../../../avr/lib/avr5\libm.a(fp_pscA.o)
 .bss           0x00000000        0x0 d:/program files (x86)/atmel/atmel toolchain/avr8 gcc/native/3.4.1056/avr8-gnu-toolchain/bin/../lib/gcc/avr/4.8.1/../../../../avr/lib/avr5\libm.a(fp_pscA.o)
 .text.avr-libc.fplib
                0x00000000        0xe d:/program files (x86)/atmel/atmel toolchain/avr8 gcc/native/3.4.1056/avr8-gnu-toolchain/bin/../lib/gcc/avr/4.8.1/../../../../avr/lib/avr5\libm.a(fp_pscA.o)
 .text          0x00000000        0x0 d:/program files (x86)/atmel/atmel toolchain/avr8 gcc/native/3.4.1056/avr8-gnu-toolchain/bin/../lib/gcc/avr/4.8.1/../../../../avr/lib/avr5\libm.a(fp_pscB.o)
 .bss           0x00000000        0x0 d:/program files (x86)/atmel/atmel toolchain/avr8 gcc/native/3.4.1056/avr8-gnu-toolchain/bin/../lib/gcc/avr/4.8.1/../../../../avr/lib/avr5\libm.a(fp_pscB.o)
 .text.avr-libc.fplib
                0x00000000        0xe d:/program files (x86)/atmel/atmel toolchain/avr8 gcc/native/3.4.1056/avr8-gnu-toolchain/bin/../lib/gcc/avr/4.8.1/../../../../avr/lib/avr5\libm.a(fp_pscB.o)
 .text          0x00000000        0x0 d:/program files (x86)/atmel/atmel toolchain/avr8 gcc/native/3.4.1056/avr8-gnu-toolchain/bin/../lib/gcc/avr/4.8.1/../../../../avr/lib/avr5\libm.a(fp_round.o)
 .bss           0x00000000        0x0 d:/program files (x86)/atmel/atmel toolchain/avr8 gcc/native/3.4.1056/avr8-gnu-toolchain/bin/../lib/gcc/avr/4.8.1/../../../../avr/lib/avr5\libm.a(fp_round.o)
 .text.avr-libc.fplib
                0x00000000       0x22 d:/program files (x86)/atmel/atmel toolchain/avr8 gcc/native/3.4.1056/avr8-gnu-toolchain/bin/../lib/gcc/avr/4.8.1/../../../../avr/lib/avr5\libm.a(fp_round.o)
 .text          0x00000000        0x0 d:/program files (x86)/atmel/atmel toolchain/avr8 gcc/native/3.4.1056/avr8-gnu-toolchain/bin/../lib/gcc/avr/4.8.1/../../../../avr/lib/avr5\libm.a(fp_split3.o)
 .bss           0x00000000        0x0 d:/program files (x86)/atmel/atmel toolchain/avr8 gcc/native/3.4.1056/avr8-gnu-toolchain/bin/../lib/gcc/avr/4.8.1/../../../../avr/lib/avr5\libm.a(fp_split3.o)
 .text.avr-libc.fplib
                0x00000000       0x44 d:/program files (x86)/atmel/atmel toolchain/avr8 gcc/native/3.4.1056/avr8-gnu-toolchain/bin/../lib/gcc/avr/4.8.1/../../../../avr/lib/avr5\libm.a(fp_split3.o)
 .text          0x00000000        0x0 d:/program files (x86)/atmel/atmel toolchain/avr8 gcc/native/3.4.1056/avr8-gnu-toolchain/bin/../lib/gcc/avr/4.8.1/../../../../avr/lib/avr5\libm.a(fp_zero.o)
 .bss           0x00000000        0x0 d:/program files (x86)/atmel/atmel toolchain/avr8 gcc/native/3.4.1056/avr8-gnu-toolchain/bin/../lib/gcc/avr/4.8.1/../../../../avr/lib/avr5\libm.a(fp_zero.o)
 .text.avr-libc.fplib
                0x00000000        0xe d:/program files (x86)/atmel/atmel toolchain/avr8 gcc/native/3.4.1056/avr8-gnu-toolchain/bin/../lib/gcc/avr/4.8.1/../../../../avr/lib/avr5\libm.a(fp_zero.o)
 .text          0x00000000        0x0 d:/program files (x86)/atmel/atmel toolchain/avr8 gcc/native/3.4.1056/avr8-gnu-toolchain/bin/../lib/gcc/avr/4.8.1/../../../../avr/lib/avr5\libm.a(mulsf3.o)
 .bss           0x00000000        0x0 d:/program files (x86)/atmel/atmel toolchain/avr8 gcc/native/3.4.1056/avr8-gnu-toolchain/bin/../lib/gcc/avr/4.8.1/../../../../avr/lib/avr5\libm.a(mulsf3.o)
 .text.avr-libc.fplib
                0x00000000        0x4 d:/program files (x86)/atmel/atmel toolchain/avr8 gcc/native/3.4.1056/avr8-gnu-toolchain/bin/../lib/gcc/avr/4.8.1/../../../../avr/lib/avr5\libm.a(mulsf3.o)
 .text          0x00000000        0x0 d:/program files (x86)/atmel/atmel toolchain/avr8 gcc/native/3.4.1056/avr8-gnu-toolchain/bin/../lib/gcc/avr/4.8.1/../../../../avr/lib/avr5\libm.a(mulsf3x.o)
 .bss           0x00000000        0x0 d:/program files (x86)/atmel/atmel toolchain/avr8 gcc/native/3.4.1056/avr8-gnu-toolchain/bin/../lib/gcc/avr/4.8.1/../../../../avr/lib/avr5\libm.a(mulsf3x.o)
 .text.avr-libc.fplib
                0x00000000       0xc2 d:/program files (x86)/atmel/atmel toolchain/avr8 gcc/native/3.4.1056/avr8-gnu-toolchain/bin/../lib/gcc/avr/4.8.1/../../../../avr/lib/avr5\libm.a(mulsf3x.o)
 .text          0x00000000        0x0 d:/program files (x86)/atmel/atmel toolchain/avr8 gcc/native/3.4.1056/avr8-gnu-toolchain/bin/../lib/gcc/avr/4.8.1/avr5\libgcc.a(_exit.o)
 .bss           0x00000000        0x0 d:/program files (x86)/atmel/atmel toolchain/avr8 gcc/native/3.4.1056/avr8-gnu-toolchain/bin/../lib/gcc/avr/4.8.1/avr5\libgcc.a(_exit.o)
 .text.libgcc.mul
                0x00000000        0x0 d:/program files (x86)/atmel/atmel toolchain/avr8 gcc/native/3.4.1056/avr8-gnu-toolchain/bin/../lib/gcc/avr/4.8.1/avr5\libgcc.a(_exit.o)
 .text.libgcc.div
                0x00000000        0x0 d:/program files (x86)/atmel/atmel toolchain/avr8 gcc/native/3.4.1056/avr8-gnu-toolchain/bin/../lib/gcc/avr/4.8.1/avr5\libgcc.a(_exit.o)
 .text.libgcc   0x00000000        0x0 d:/program files (x86)/atmel/atmel toolchain/avr8 gcc/native/3.4.1056/avr8-gnu-toolchain/bin/../lib/gcc/avr/4.8.1/avr5\libgcc.a(_exit.o)
 .text.libgcc.prologue
                0x00000000        0x0 d:/program files (x86)/atmel/atmel toolchain/avr8 gcc/native/3.4.1056/avr8-gnu-toolchain/bin/../lib/gcc/avr/4.8.1/avr5\libgcc.a(_exit.o)
 .text.libgcc.builtins
                0x00000000        0x0 d:/program files (x86)/atmel/atmel toolchain/avr8 gcc/native/3.4.1056/avr8-gnu-toolchain/bin/../lib/gcc/avr/4.8.1/avr5\libgcc.a(_exit.o)
 .text.libgcc.fmul
                0x00000000        0x0 d:/program files (x86)/atmel/atmel toolchain/avr8 gcc/native/3.4.1056/avr8-gnu-toolchain/bin/../lib/gcc/avr/4.8.1/avr5\libgcc.a(_exit.o)
 .text.libgcc.fixed
                0x00000000        0x0 d:/program files (x86)/atmel/atmel toolchain/avr8 gcc/native/3.4.1056/avr8-gnu-toolchain/bin/../lib/gcc/avr/4.8.1/avr5\libgcc.a(_exit.o)
 .text          0x00000000        0x0 d:/program files (x86)/atmel/atmel toolchain/avr8 gcc/native/3.4.1056/avr8-gnu-toolchain/bin/../lib/gcc/avr/4.8.1/avr5\libgcc.a(_copy_data.o)
 .bss           0x00000000        0x0 d:/program files (x86)/atmel/atmel toolchain/avr8 gcc/native/3.4.1056/avr8-gnu-toolchain/bin/../lib/gcc/avr/4.8.1/avr5\libgcc.a(_copy_data.o)
 .text.libgcc.mul
                0x00000000        0x0 d:/program files (x86)/atmel/atmel toolchain/avr8 gcc/native/3.4.1056/avr8-gnu-toolchain/bin/../lib/gcc/avr/4.8.1/avr5\libgcc.a(_copy_data.o)
 .text.libgcc.div
                0x00000000        0x0 d:/program files (x86)/atmel/atmel toolchain/avr8 gcc/native/3.4.1056/avr8-gnu-toolchain/bin/../lib/gcc/avr/4.8.1/avr5\libgcc.a(_copy_data.o)
 .text.libgcc   0x00000000        0x0 d:/program files (x86)/atmel/atmel toolchain/avr8 gcc/native/3.4.1056/avr8-gnu-toolchain/bin/../lib/gcc/avr/4.8.1/avr5\libgcc.a(_copy_data.o)
 .text.libgcc.prologue
                0x00000000        0x0 d:/program files (x86)/atmel/atmel toolchain/avr8 gcc/native/3.4.1056/avr8-gnu-toolchain/bin/../lib/gcc/avr/4.8.1/avr5\libgcc.a(_copy_data.o)
 .text.libgcc.builtins
                0x00000000        0x0 d:/program files (x86)/atmel/atmel toolchain/avr8 gcc/native/3.4.1056/avr8-gnu-toolchain/bin/../lib/gcc/avr/4.8.1/avr5\libgcc.a(_copy_data.o)
 .text.libgcc.fmul
                0x00000000        0x0 d:/program files (x86)/atmel/atmel toolchain/avr8 gcc/native/3.4.1056/avr8-gnu-toolchain/bin/../lib/gcc/avr/4.8.1/avr5\libgcc.a(_copy_data.o)
 .text.libgcc.fixed
                0x00000000        0x0 d:/program files (x86)/atmel/atmel toolchain/avr8 gcc/native/3.4.1056/avr8-gnu-toolchain/bin/../lib/gcc/avr/4.8.1/avr5\libgcc.a(_copy_data.o)
 .text          0x00000000        0x0 d:/program files (x86)/atmel/atmel toolchain/avr8 gcc/native/3.4.1056/avr8-gnu-toolchain/bin/../lib/gcc/avr/4.8.1/avr5\libgcc.a(_clear_bss.o)
 .bss           0x00000000        0x0 d:/program files (x86)/atmel/atmel toolchain/avr8 gcc/native/3.4.1056/avr8-gnu-toolchain/bin/../lib/gcc/avr/4.8.1/avr5\libgcc.a(_clear_bss.o)
 .text.libgcc.mul
                0x00000000        0x0 d:/program files (x86)/atmel/atmel toolchain/avr8 gcc/native/3.4.1056/avr8-gnu-toolchain/bin/../lib/gcc/avr/4.8.1/avr5\libgcc.a(_clear_bss.o)
 .text.libgcc.div
                0x00000000        0x0 d:/program files (x86)/atmel/atmel toolchain/avr8 gcc/native/3.4.1056/avr8-gnu-toolchain/bin/../lib/gcc/avr/4.8.1/avr5\libgcc.a(_clear_bss.o)
 .text.libgcc   0x00000000        0x0 d:/program files (x86)/atmel/atmel toolchain/avr8 gcc/native/3.4.1056/avr8-gnu-toolchain/bin/../lib/gcc/avr/4.8.1/avr5\libgcc.a(_clear_bss.o)
 .text.libgcc.prologue
                0x00000000        0x0 d:/program files (x86)/atmel/atmel toolchain/avr8 gcc/native/3.4.1056/avr8-gnu-toolchain/bin/../lib/gcc/avr/4.8.1/avr5\libgcc.a(_clear_bss.o)
 .text.libgcc.builtins
                0x00000000        0x0 d:/program files (x86)/atmel/atmel toolchain/avr8 gcc/native/3.4.1056/avr8-gnu-toolchain/bin/../lib/gcc/avr/4.8.1/avr5\libgcc.a(_clear_bss.o)
 .text.libgcc.fmul
                0x00000000        0x0 d:/program files (x86)/atmel/atmel toolchain/avr8 gcc/native/3.4.1056/avr8-gnu-toolchain/bin/../lib/gcc/avr/4.8.1/avr5\libgcc.a(_clear_bss.o)
 .text.libgcc.fixed
                0x00000000        0x0 d:/program files (x86)/atmel/atmel toolchain/avr8 gcc/native/3.4.1056/avr8-gnu-toolchain/bin/../lib/gcc/avr/4.8.1/avr5\libgcc.a(_clear_bss.o)
 .text          0x00000000        0x0 d:/program files (x86)/atmel/atmel toolchain/avr8 gcc/native/3.4.1056/avr8-gnu-toolchain/bin/../lib/gcc/avr/4.8.1/../../../../avr/lib/avr5\libc.a(malloc.o)
 .bss           0x00000000        0x0 d:/program files (x86)/atmel/atmel toolchain/avr8 gcc/native/3.4.1056/avr8-gnu-toolchain/bin/../lib/gcc/avr/4.8.1/../../../../avr/lib/avr5\libc.a(malloc.o)
 .text          0x00000000        0x0 d:/program files (x86)/atmel/atmel toolchain/avr8 gcc/native/3.4.1056/avr8-gnu-toolchain/bin/../lib/gcc/avr/4.8.1/../../../../avr/lib/avr5\libc.a(fdevopen.o)
 .bss           0x00000000        0x0 d:/program files (x86)/atmel/atmel toolchain/avr8 gcc/native/3.4.1056/avr8-gnu-toolchain/bin/../lib/gcc/avr/4.8.1/../../../../avr/lib/avr5\libc.a(fdevopen.o)
 .text          0x00000000        0x0 d:/program files (x86)/atmel/atmel toolchain/avr8 gcc/native/3.4.1056/avr8-gnu-toolchain/bin/../lib/gcc/avr/4.8.1/../../../../avr/lib/avr5\libc.a(iob.o)
 .bss           0x00000000        0x0 d:/program files (x86)/atmel/atmel toolchain/avr8 gcc/native/3.4.1056/avr8-gnu-toolchain/bin/../lib/gcc/avr/4.8.1/../../../../avr/lib/avr5\libc.a(iob.o)
 .text          0x00000000        0x0 d:/program files (x86)/atmel/atmel toolchain/avr8 gcc/native/3.4.1056/avr8-gnu-toolchain/bin/../lib/gcc/avr/4.8.1/../../../../avr/lib/avr5\libc.a(printf.o)
 .bss           0x00000000        0x0 d:/program files (x86)/atmel/atmel toolchain/avr8 gcc/native/3.4.1056/avr8-gnu-toolchain/bin/../lib/gcc/avr/4.8.1/../../../../avr/lib/avr5\libc.a(printf.o)
 .text          0x00000000        0x0 d:/program files (x86)/atmel/atmel toolchain/avr8 gcc/native/3.4.1056/avr8-gnu-toolchain/bin/../lib/gcc/avr/4.8.1/../../../../avr/lib/avr5\libc.a(puts.o)
 .bss           0x00000000        0x0 d:/program files (x86)/atmel/atmel toolchain/avr8 gcc/native/3.4.1056/avr8-gnu-toolchain/bin/../lib/gcc/avr/4.8.1/../../../../avr/lib/avr5\libc.a(puts.o)
 .text          0x00000000        0x0 d:/program files (x86)/atmel/atmel toolchain/avr8 gcc/native/3.4.1056/avr8-gnu-toolchain/bin/../lib/gcc/avr/4.8.1/../../../../avr/lib/avr5\libc.a(vfprintf_std.o)
 .bss           0x00000000        0x0 d:/program files (x86)/atmel/atmel toolchain/avr8 gcc/native/3.4.1056/avr8-gnu-toolchain/bin/../lib/gcc/avr/4.8.1/../../../../avr/lib/avr5\libc.a(vfprintf_std.o)
 .text          0x00000000        0x0 d:/program files (x86)/atmel/atmel toolchain/avr8 gcc/native/3.4.1056/avr8-gnu-toolchain/bin/../lib/gcc/avr/4.8.1/../../../../avr/lib/avr5\libc.a(calloc.o)
 .bss           0x00000000        0x0 d:/program files (x86)/atmel/atmel toolchain/avr8 gcc/native/3.4.1056/avr8-gnu-toolchain/bin/../lib/gcc/avr/4.8.1/../../../../avr/lib/avr5\libc.a(calloc.o)
 .text          0x00000000        0x0 d:/program files (x86)/atmel/atmel toolchain/avr8 gcc/native/3.4.1056/avr8-gnu-toolchain/bin/../lib/gcc/avr/4.8.1/../../../../avr/lib/avr5\libc.a(strnlen_P.o)
 .bss           0x00000000        0x0 d:/program files (x86)/atmel/atmel toolchain/avr8 gcc/native/3.4.1056/avr8-gnu-toolchain/bin/../lib/gcc/avr/4.8.1/../../../../avr/lib/avr5\libc.a(strnlen_P.o)
 .text          0x00000000        0x0 d:/program files (x86)/atmel/atmel toolchain/avr8 gcc/native/3.4.1056/avr8-gnu-toolchain/bin/../lib/gcc/avr/4.8.1/../../../../avr/lib/avr5\libc.a(memset.o)
 .bss           0x00000000        0x0 d:/program files (x86)/atmel/atmel toolchain/avr8 gcc/native/3.4.1056/avr8-gnu-toolchain/bin/../lib/gcc/avr/4.8.1/../../../../avr/lib/avr5\libc.a(memset.o)
 .text          0x00000000        0x0 d:/program files (x86)/atmel/atmel toolchain/avr8 gcc/native/3.4.1056/avr8-gnu-toolchain/bin/../lib/gcc/avr/4.8.1/../../../../avr/lib/avr5\libc.a(strnlen.o)
 .bss           0x00000000        0x0 d:/program files (x86)/atmel/atmel toolchain/avr8 gcc/native/3.4.1056/avr8-gnu-toolchain/bin/../lib/gcc/avr/4.8.1/../../../../avr/lib/avr5\libc.a(strnlen.o)
 .text          0x00000000        0x0 d:/program files (x86)/atmel/atmel toolchain/avr8 gcc/native/3.4.1056/avr8-gnu-toolchain/bin/../lib/gcc/avr/4.8.1/../../../../avr/lib/avr5\libc.a(fputc.o)
 .bss           0x00000000        0x0 d:/program files (x86)/atmel/atmel toolchain/avr8 gcc/native/3.4.1056/avr8-gnu-toolchain/bin/../lib/gcc/avr/4.8.1/../../../../avr/lib/avr5\libc.a(fputc.o)
 .text          0x00000000        0x0 d:/program files (x86)/atmel/atmel toolchain/avr8 gcc/native/3.4.1056/avr8-gnu-toolchain/bin/../lib/gcc/avr/4.8.1/../../../../avr/lib/avr5\libc.a(ultoa_invert.o)
 .bss           0x00000000        0x0 d:/program files (x86)/atmel/atmel toolchain/avr8 gcc/native/3.4.1056/avr8-gnu-toolchain/bin/../lib/gcc/avr/4.8.1/../../../../avr/lib/avr5\libc.a(ultoa_invert.o)
 .text          0x00000000        0x0 d:/program files (x86)/atmel/atmel toolchain/avr8 gcc/native/3.4.1056/avr8-gnu-toolchain/bin/../lib/gcc/avr/4.8.1/avr5\libgcc.a(_prologue.o)
 .bss           0x00000000        0x0 d:/program files (x86)/atmel/atmel toolchain/avr8 gcc/native/3.4.1056/avr8-gnu-toolchain/bin/../lib/gcc/avr/4.8.1/avr5\libgcc.a(_prologue.o)
 .text.libgcc.mul
                0x00000000        0x0 d:/program files (x86)/atmel/atmel toolchain/avr8 gcc/native/3.4.1056/avr8-gnu-toolchain/bin/../lib/gcc/avr/4.8.1/avr5\libgcc.a(_prologue.o)
 .text.libgcc.div
                0x00000000        0x0 d:/program files (x86)/atmel/atmel toolchain/avr8 gcc/native/3.4.1056/avr8-gnu-toolchain/bin/../lib/gcc/avr/4.8.1/avr5\libgcc.a(_prologue.o)
 .text.libgcc   0x00000000        0x0 d:/program files (x86)/atmel/atmel toolchain/avr8 gcc/native/3.4.1056/avr8-gnu-toolchain/bin/../lib/gcc/avr/4.8.1/avr5\libgcc.a(_prologue.o)
 .text.libgcc.builtins
                0x00000000        0x0 d:/program files (x86)/atmel/atmel toolchain/avr8 gcc/native/3.4.1056/avr8-gnu-toolchain/bin/../lib/gcc/avr/4.8.1/avr5\libgcc.a(_prologue.o)
 .text.libgcc.fmul
                0x00000000        0x0 d:/program files (x86)/atmel/atmel toolchain/avr8 gcc/native/3.4.1056/avr8-gnu-toolchain/bin/../lib/gcc/avr/4.8.1/avr5\libgcc.a(_prologue.o)
 .text.libgcc.fixed
                0x00000000        0x0 d:/program files (x86)/atmel/atmel toolchain/avr8 gcc/native/3.4.1056/avr8-gnu-toolchain/bin/../lib/gcc/avr/4.8.1/avr5\libgcc.a(_prologue.o)
 .text          0x00000000        0x0 d:/program files (x86)/atmel/atmel toolchain/avr8 gcc/native/3.4.1056/avr8-gnu-toolchain/bin/../lib/gcc/avr/4.8.1/avr5\libgcc.a(_epilogue.o)
 .bss           0x00000000        0x0 d:/program files (x86)/atmel/atmel toolchain/avr8 gcc/native/3.4.1056/avr8-gnu-toolchain/bin/../lib/gcc/avr/4.8.1/avr5\libgcc.a(_epilogue.o)
 .text.libgcc.mul
                0x00000000        0x0 d:/program files (x86)/atmel/atmel toolchain/avr8 gcc/native/3.4.1056/avr8-gnu-toolchain/bin/../lib/gcc/avr/4.8.1/avr5\libgcc.a(_epilogue.o)
 .text.libgcc.div
                0x00000000        0x0 d:/program files (x86)/atmel/atmel toolchain/avr8 gcc/native/3.4.1056/avr8-gnu-toolchain/bin/../lib/gcc/avr/4.8.1/avr5\libgcc.a(_epilogue.o)
 .text.libgcc   0x00000000        0x0 d:/program files (x86)/atmel/atmel toolchain/avr8 gcc/native/3.4.1056/avr8-gnu-toolchain/bin/../lib/gcc/avr/4.8.1/avr5\libgcc.a(_epilogue.o)
 .text.libgcc.builtins
                0x00000000        0x0 d:/program files (x86)/atmel/atmel toolchain/avr8 gcc/native/3.4.1056/avr8-gnu-toolchain/bin/../lib/gcc/avr/4.8.1/avr5\libgcc.a(_epilogue.o)
 .text.libgcc.fmul
                0x00000000        0x0 d:/program files (x86)/atmel/atmel toolchain/avr8 gcc/native/3.4.1056/avr8-gnu-toolchain/bin/../lib/gcc/avr/4.8.1/avr5\libgcc.a(_epilogue.o)
 .text.libgcc.fixed
                0x00000000        0x0 d:/program files (x86)/atmel/atmel toolchain/avr8 gcc/native/3.4.1056/avr8-gnu-toolchain/bin/../lib/gcc/avr/4.8.1/avr5\libgcc.a(_epilogue.o)

Memory Configuration

Name             Origin             Length             Attributes
text             0x00000000         0x00020000         xr
data             0x00800060         0x0000ffa0         rw !x
eeprom           0x00810000         0x00010000         rw !x
fuse             0x00820000         0x00000400         rw !x
lock             0x00830000         0x00000400         rw !x
signature        0x00840000         0x00000400         rw !x
user_signatures  0x00850000         0x00000400         rw !x
*default*        0x00000000         0xffffffff

Linker script and memory map

Address of section .data set to 0x800100
LOAD d:/program files (x86)/atmel/atmel toolchain/avr8 gcc/native/3.4.1056/avr8-gnu-toolchain/bin/../lib/gcc/avr/4.8.1/../../../../avr/lib/avr5/crtm162.o
LOAD src/ADC.o
LOAD src/CAN.o
LOAD src/joydick.o
LOAD src/MCP2515.o
LOAD src/OLED.o
LOAD src/SPI.o
LOAD src/USART.o
LOAD src/XMEM.o
LOAD src/ASF/common/boards/user_board/init.o
LOAD src/main.o
START GROUP
LOAD d:/program files (x86)/atmel/atmel toolchain/avr8 gcc/native/3.4.1056/avr8-gnu-toolchain/bin/../lib/gcc/avr/4.8.1/../../../../avr/lib/avr5\libm.a
END GROUP
START GROUP
LOAD d:/program files (x86)/atmel/atmel toolchain/avr8 gcc/native/3.4.1056/avr8-gnu-toolchain/bin/../lib/gcc/avr/4.8.1/avr5\libgcc.a
LOAD d:/program files (x86)/atmel/atmel toolchain/avr8 gcc/native/3.4.1056/avr8-gnu-toolchain/bin/../lib/gcc/avr/4.8.1/../../../../avr/lib/avr5\libm.a
LOAD d:/program files (x86)/atmel/atmel toolchain/avr8 gcc/native/3.4.1056/avr8-gnu-toolchain/bin/../lib/gcc/avr/4.8.1/../../../../avr/lib/avr5\libc.a
END GROUP

.hash
 *(.hash)

.dynsym
 *(.dynsym)

.dynstr
 *(.dynstr)

.gnu.version
 *(.gnu.version)

.gnu.version_d
 *(.gnu.version_d)

.gnu.version_r
 *(.gnu.version_r)

.rel.init
 *(.rel.init)

.rela.init
 *(.rela.init)

.rel.text
 *(.rel.text)
 *(.rel.text.*)
 *(.rel.gnu.linkonce.t*)

.rela.text
 *(.rela.text)
 *(.rela.text.*)
 *(.rela.gnu.linkonce.t*)

.rel.fini
 *(.rel.fini)

.rela.fini
 *(.rela.fini)

.rel.rodata
 *(.rel.rodata)
 *(.rel.rodata.*)
 *(.rel.gnu.linkonce.r*)

.rela.rodata
 *(.rela.rodata)
 *(.rela.rodata.*)
 *(.rela.gnu.linkonce.r*)

.rel.data
 *(.rel.data)
 *(.rel.data.*)
 *(.rel.gnu.linkonce.d*)

.rela.data
 *(.rela.data)
 *(.rela.data.*)
 *(.rela.gnu.linkonce.d*)

.rel.ctors
 *(.rel.ctors)

.rela.ctors
 *(.rela.ctors)

.rel.dtors
 *(.rel.dtors)

.rela.dtors
 *(.rela.dtors)

.rel.got
 *(.rel.got)

.rela.got
 *(.rela.got)

.rel.bss
 *(.rel.bss)

.rela.bss
 *(.rela.bss)

.rel.plt
 *(.rel.plt)

.rela.plt
 *(.rela.plt)

.text           0x00000000      0xf4a
 *(.vectors)
 .vectors       0x00000000       0x70 d:/program files (x86)/atmel/atmel toolchain/avr8 gcc/native/3.4.1056/avr8-gnu-toolchain/bin/../lib/gcc/avr/4.8.1/../../../../avr/lib/avr5/crtm162.o
                0x00000000                __vector_default
                0x00000000                __vectors
 *(.vectors)
 *(.progmem.gcc*)
                0x00000070                . = ALIGN (0x2)
                0x00000070                __trampolines_start = .
 *(.trampolines)
 .trampolines   0x00000070        0x0 linker stubs
 *(.trampolines*)
                0x00000070                __trampolines_end = .
 *(.progmem*)
                0x00000070                . = ALIGN (0x2)
 *(.jumptables)
 *(.jumptables*)
 *(.lowtext)
 *(.lowtext*)
                0x00000070                __ctors_start = .
 *(.ctors)
                0x00000070                __ctors_end = .
                0x00000070                __dtors_start = .
 *(.dtors)
                0x00000070                __dtors_end = .
 SORT(*)(.ctors)
 SORT(*)(.dtors)
 *(.init0)
 .init0         0x00000070        0x0 d:/program files (x86)/atmel/atmel toolchain/avr8 gcc/native/3.4.1056/avr8-gnu-toolchain/bin/../lib/gcc/avr/4.8.1/../../../../avr/lib/avr5/crtm162.o
                0x00000070                __init
 *(.init0)
 *(.init1)
 *(.init1)
 *(.init2)
 .init2         0x00000070        0xc d:/program files (x86)/atmel/atmel toolchain/avr8 gcc/native/3.4.1056/avr8-gnu-toolchain/bin/../lib/gcc/avr/4.8.1/../../../../avr/lib/avr5/crtm162.o
 *(.init2)
 *(.init3)
 *(.init3)
 *(.init4)
 .init4         0x0000007c       0x16 d:/program files (x86)/atmel/atmel toolchain/avr8 gcc/native/3.4.1056/avr8-gnu-toolchain/bin/../lib/gcc/avr/4.8.1/avr5\libgcc.a(_copy_data.o)
                0x0000007c                __do_copy_data
 .init4         0x00000092       0x10 d:/program files (x86)/atmel/atmel toolchain/avr8 gcc/native/3.4.1056/avr8-gnu-toolchain/bin/../lib/gcc/avr/4.8.1/avr5\libgcc.a(_clear_bss.o)
                0x00000092                __do_clear_bss
 *(.init4)
 *(.init5)
 *(.init5)
 *(.init6)
 *(.init6)
 *(.init7)
 *(.init7)
 *(.init8)
 *(.init8)
 *(.init9)
 .init9         0x000000a2        0x4 d:/program files (x86)/atmel/atmel toolchain/avr8 gcc/native/3.4.1056/avr8-gnu-toolchain/bin/../lib/gcc/avr/4.8.1/../../../../avr/lib/avr5/crtm162.o
 *(.init9)
 *(.text)
 .text          0x000000a6        0x2 d:/program files (x86)/atmel/atmel toolchain/avr8 gcc/native/3.4.1056/avr8-gnu-toolchain/bin/../lib/gcc/avr/4.8.1/../../../../avr/lib/avr5/crtm162.o
                0x000000a6                __vector_22
                0x000000a6                __vector_24
                0x000000a6                __vector_12
                0x000000a6                __bad_interrupt
                0x000000a6                __vector_6
                0x000000a6                __vector_3
                0x000000a6                __vector_23
                0x000000a6                __vector_25
                0x000000a6                __vector_11
                0x000000a6                __vector_13
                0x000000a6                __vector_17
                0x000000a6                __vector_7
                0x000000a6                __vector_27
                0x000000a6                __vector_5
                0x000000a6                __vector_4
                0x000000a6                __vector_9
                0x000000a6                __vector_2
                0x000000a6                __vector_21
                0x000000a6                __vector_15
                0x000000a6                __vector_8
                0x000000a6                __vector_26
                0x000000a6                __vector_14
                0x000000a6                __vector_10
                0x000000a6                __vector_16
                0x000000a6                __vector_18
                0x000000a6                __vector_20
                0x000000a8                . = ALIGN (0x2)
 *(.text.*)
 .text.can_init
                0x000000a8       0xae src/CAN.o
                0x000000a8                can_init
 .text.can_message_transmit_err_chk
                0x00000156       0x1a src/CAN.o
                0x00000156                can_message_transmit_err_chk
 .text.can_message_send
                0x00000170       0x64 src/CAN.o
                0x00000170                can_message_send
 .text.__vector_1
                0x000001d4       0x62 src/CAN.o
                0x000001d4                __vector_1
 .text.mcp2515_write
                0x00000236       0x1e src/MCP2515.o
                0x00000236                mcp2515_write
 .text.mcp2515_read
                0x00000254       0x18 src/MCP2515.o
                0x00000254                mcp2515_read
 .text.mcp2515_reset
                0x0000026c        0xa src/MCP2515.o
                0x0000026c                mcp2515_reset
 .text.mcp2515_bit_modify
                0x00000276       0x28 src/MCP2515.o
                0x00000276                mcp2515_bit_modify
 .text.mcp2515_read_status
                0x0000029e       0x16 src/MCP2515.o
                0x0000029e                mcp2515_read_status
 .text.mcp2515_rts
                0x000002b4       0x1a src/MCP2515.o
                0x000002b4                mcp2515_rts
 .text.spiInit  0x000002ce        0xe src/SPI.o
                0x000002ce                spiInit
 .text.spiSendReceiveData
                0x000002dc        0xa src/SPI.o
                0x000002dc                spiSendReceiveData
 .text.spiSlaveSelect
                0x000002e6        0x4 src/SPI.o
                0x000002e6                spiSlaveSelect
 .text.spiSlaveDeselect
                0x000002ea        0x4 src/SPI.o
                0x000002ea                spiSlaveDeselect
 .text.usartSendByte
                0x000002ee        0x8 src/USART.o
                0x000002ee                usartSendByte
 .text.usartInitialize
                0x000002f6       0x20 src/USART.o
                0x000002f6                usartInitialize
 .text.__vector_19
                0x00000316       0x1e src/USART.o
                0x00000316                __vector_19
 .text.xmemInit
                0x00000334        0xc src/XMEM.o
                0x00000334                xmemInit
 .text.xmemTest
                0x00000340       0xf2 src/XMEM.o
                0x00000340                xmemTest
 .text.xmemExampleFunction
                0x00000432      0x138 src/XMEM.o
                0x00000432                xmemExampleFunction
 .text.xmemReadFrom
                0x0000056a        0xa src/XMEM.o
                0x0000056a                xmemReadFrom
 .text.main     0x00000574       0xf2 src/main.o
                0x00000574                main
 .text.avr-libc
                0x00000666      0x24e d:/program files (x86)/atmel/atmel toolchain/avr8 gcc/native/3.4.1056/avr8-gnu-toolchain/bin/../lib/gcc/avr/4.8.1/../../../../avr/lib/avr5\libc.a(malloc.o)
                0x00000666                malloc
                0x00000796                free
 .text.avr-libc
                0x000008b4       0x94 d:/program files (x86)/atmel/atmel toolchain/avr8 gcc/native/3.4.1056/avr8-gnu-toolchain/bin/../lib/gcc/avr/4.8.1/../../../../avr/lib/avr5\libc.a(fdevopen.o)
                0x000008b4                fdevopen
 .text.avr-libc
                0x00000948       0x22 d:/program files (x86)/atmel/atmel toolchain/avr8 gcc/native/3.4.1056/avr8-gnu-toolchain/bin/../lib/gcc/avr/4.8.1/../../../../avr/lib/avr5\libc.a(printf.o)
                0x00000948                printf
 .text.avr-libc
                0x0000096a       0x5a d:/program files (x86)/atmel/atmel toolchain/avr8 gcc/native/3.4.1056/avr8-gnu-toolchain/bin/../lib/gcc/avr/4.8.1/../../../../avr/lib/avr5\libc.a(puts.o)
                0x0000096a                puts
 .text.avr-libc
                0x000009c4      0x386 d:/program files (x86)/atmel/atmel toolchain/avr8 gcc/native/3.4.1056/avr8-gnu-toolchain/bin/../lib/gcc/avr/4.8.1/../../../../avr/lib/avr5\libc.a(vfprintf_std.o)
                0x000009c4                vfprintf
 .text.avr-libc
                0x00000d4a       0x34 d:/program files (x86)/atmel/atmel toolchain/avr8 gcc/native/3.4.1056/avr8-gnu-toolchain/bin/../lib/gcc/avr/4.8.1/../../../../avr/lib/avr5\libc.a(calloc.o)
                0x00000d4a                calloc
 .text.avr-libc
                0x00000d7e       0x16 d:/program files (x86)/atmel/atmel toolchain/avr8 gcc/native/3.4.1056/avr8-gnu-toolchain/bin/../lib/gcc/avr/4.8.1/../../../../avr/lib/avr5\libc.a(strnlen_P.o)
                0x00000d7e                strnlen_P
 .text.avr-libc
                0x00000d94        0xe d:/program files (x86)/atmel/atmel toolchain/avr8 gcc/native/3.4.1056/avr8-gnu-toolchain/bin/../lib/gcc/avr/4.8.1/../../../../avr/lib/avr5\libc.a(memset.o)
                0x00000d94                memset
 .text.avr-libc
                0x00000da2       0x16 d:/program files (x86)/atmel/atmel toolchain/avr8 gcc/native/3.4.1056/avr8-gnu-toolchain/bin/../lib/gcc/avr/4.8.1/../../../../avr/lib/avr5\libc.a(strnlen.o)
                0x00000da2                strnlen
 .text.avr-libc
                0x00000db8       0x64 d:/program files (x86)/atmel/atmel toolchain/avr8 gcc/native/3.4.1056/avr8-gnu-toolchain/bin/../lib/gcc/avr/4.8.1/../../../../avr/lib/avr5\libc.a(fputc.o)
                0x00000db8                fputc
 .text.avr-libc
                0x00000e1c       0xbc d:/program files (x86)/atmel/atmel toolchain/avr8 gcc/native/3.4.1056/avr8-gnu-toolchain/bin/../lib/gcc/avr/4.8.1/../../../../avr/lib/avr5\libc.a(ultoa_invert.o)
                0x00000e1c                __ultoa_invert
 .text.libgcc.prologue
                0x00000ed8       0x38 d:/program files (x86)/atmel/atmel toolchain/avr8 gcc/native/3.4.1056/avr8-gnu-toolchain/bin/../lib/gcc/avr/4.8.1/avr5\libgcc.a(_prologue.o)
                0x00000ed8                __prologue_saves__
 .text.libgcc.prologue
                0x00000f10       0x36 d:/program files (x86)/atmel/atmel toolchain/avr8 gcc/native/3.4.1056/avr8-gnu-toolchain/bin/../lib/gcc/avr/4.8.1/avr5\libgcc.a(_epilogue.o)
                0x00000f10                __epilogue_restores__
                0x00000f46                . = ALIGN (0x2)
 *(.fini9)
 .fini9         0x00000f46        0x0 d:/program files (x86)/atmel/atmel toolchain/avr8 gcc/native/3.4.1056/avr8-gnu-toolchain/bin/../lib/gcc/avr/4.8.1/avr5\libgcc.a(_exit.o)
                0x00000f46                _exit
                0x00000f46                exit
 *(.fini9)
 *(.fini8)
 *(.fini8)
 *(.fini7)
 *(.fini7)
 *(.fini6)
 *(.fini6)
 *(.fini5)
 *(.fini5)
 *(.fini4)
 *(.fini4)
 *(.fini3)
 *(.fini3)
 *(.fini2)
 *(.fini2)
 *(.fini1)
 *(.fini1)
 *(.fini0)
 .fini0         0x00000f46        0x4 d:/program files (x86)/atmel/atmel toolchain/avr8 gcc/native/3.4.1056/avr8-gnu-toolchain/bin/../lib/gcc/avr/4.8.1/avr5\libgcc.a(_exit.o)
 *(.fini0)
                0x00000f4a                _etext = .

.data           0x00800100      0x280 load address 0x00000f4a
                0x00800100                PROVIDE (__data_start, .)
 *(.data)
 .data          0x00800100        0x0 d:/program files (x86)/atmel/atmel toolchain/avr8 gcc/native/3.4.1056/avr8-gnu-toolchain/bin/../lib/gcc/avr/4.8.1/../../../../avr/lib/avr5/crtm162.o
 .data          0x00800100        0x0 src/ADC.o
 .data          0x00800100        0x0 src/CAN.o
 .data          0x00800100        0x0 src/joydick.o
 .data          0x00800100        0x0 src/MCP2515.o
 .data          0x00800100        0x0 src/OLED.o
 .data          0x00800100        0x0 src/SPI.o
 .data          0x00800100        0x0 src/USART.o
 .data          0x00800100        0x0 src/XMEM.o
 .data          0x00800100        0x0 src/ASF/common/boards/user_board/init.o
 .data          0x00800100        0x0 src/main.o
 .data          0x00800100        0x0 d:/program files (x86)/atmel/atmel toolchain/avr8 gcc/native/3.4.1056/avr8-gnu-toolchain/bin/../lib/gcc/avr/4.8.1/../../../../avr/lib/avr5\libm.a(divsf3.o)
 .data          0x00800100        0x0 d:/program files (x86)/atmel/atmel toolchain/avr8 gcc/native/3.4.1056/avr8-gnu-toolchain/bin/../lib/gcc/avr/4.8.1/../../../../avr/lib/avr5\libm.a(divsf3x.o)
 .data          0x00800100        0x0 d:/program files (x86)/atmel/atmel toolchain/avr8 gcc/native/3.4.1056/avr8-gnu-toolchain/bin/../lib/gcc/avr/4.8.1/../../../../avr/lib/avr5\libm.a(fixsfsi.o)
 .data          0x00800100        0x0 d:/program files (x86)/atmel/atmel toolchain/avr8 gcc/native/3.4.1056/avr8-gnu-toolchain/bin/../lib/gcc/avr/4.8.1/../../../../avr/lib/avr5\libm.a(fixunssfsi.o)
 .data          0x00800100        0x0 d:/program files (x86)/atmel/atmel toolchain/avr8 gcc/native/3.4.1056/avr8-gnu-toolchain/bin/../lib/gcc/avr/4.8.1/../../../../avr/lib/avr5\libm.a(floatsisf.o)
 .data          0x00800100        0x0 d:/program files (x86)/atmel/atmel toolchain/avr8 gcc/native/3.4.1056/avr8-gnu-toolchain/bin/../lib/gcc/avr/4.8.1/../../../../avr/lib/avr5\libm.a(fp_inf.o)
 .data          0x00800100        0x0 d:/program files (x86)/atmel/atmel toolchain/avr8 gcc/native/3.4.1056/avr8-gnu-toolchain/bin/../lib/gcc/avr/4.8.1/../../../../avr/lib/avr5\libm.a(fp_nan.o)
 .data          0x00800100        0x0 d:/program files (x86)/atmel/atmel toolchain/avr8 gcc/native/3.4.1056/avr8-gnu-toolchain/bin/../lib/gcc/avr/4.8.1/../../../../avr/lib/avr5\libm.a(fp_pscA.o)
 .data          0x00800100        0x0 d:/program files (x86)/atmel/atmel toolchain/avr8 gcc/native/3.4.1056/avr8-gnu-toolchain/bin/../lib/gcc/avr/4.8.1/../../../../avr/lib/avr5\libm.a(fp_pscB.o)
 .data          0x00800100        0x0 d:/program files (x86)/atmel/atmel toolchain/avr8 gcc/native/3.4.1056/avr8-gnu-toolchain/bin/../lib/gcc/avr/4.8.1/../../../../avr/lib/avr5\libm.a(fp_round.o)
 .data          0x00800100        0x0 d:/program files (x86)/atmel/atmel toolchain/avr8 gcc/native/3.4.1056/avr8-gnu-toolchain/bin/../lib/gcc/avr/4.8.1/../../../../avr/lib/avr5\libm.a(fp_split3.o)
 .data          0x00800100        0x0 d:/program files (x86)/atmel/atmel toolchain/avr8 gcc/native/3.4.1056/avr8-gnu-toolchain/bin/../lib/gcc/avr/4.8.1/../../../../avr/lib/avr5\libm.a(fp_zero.o)
 .data          0x00800100        0x0 d:/program files (x86)/atmel/atmel toolchain/avr8 gcc/native/3.4.1056/avr8-gnu-toolchain/bin/../lib/gcc/avr/4.8.1/../../../../avr/lib/avr5\libm.a(mulsf3.o)
 .data          0x00800100        0x0 d:/program files (x86)/atmel/atmel toolchain/avr8 gcc/native/3.4.1056/avr8-gnu-toolchain/bin/../lib/gcc/avr/4.8.1/../../../../avr/lib/avr5\libm.a(mulsf3x.o)
 .data          0x00800100        0x0 d:/program files (x86)/atmel/atmel toolchain/avr8 gcc/native/3.4.1056/avr8-gnu-toolchain/bin/../lib/gcc/avr/4.8.1/avr5\libgcc.a(_exit.o)
 .data          0x00800100        0x0 d:/program files (x86)/atmel/atmel toolchain/avr8 gcc/native/3.4.1056/avr8-gnu-toolchain/bin/../lib/gcc/avr/4.8.1/avr5\libgcc.a(_copy_data.o)
 .data          0x00800100        0x0 d:/program files (x86)/atmel/atmel toolchain/avr8 gcc/native/3.4.1056/avr8-gnu-toolchain/bin/../lib/gcc/avr/4.8.1/avr5\libgcc.a(_clear_bss.o)
 .data          0x00800100        0x6 d:/program files (x86)/atmel/atmel toolchain/avr8 gcc/native/3.4.1056/avr8-gnu-toolchain/bin/../lib/gcc/avr/4.8.1/../../../../avr/lib/avr5\libc.a(malloc.o)
                0x00800100                __malloc_heap_end
                0x00800102                __malloc_heap_start
                0x00800104                __malloc_margin
 .data          0x00800106        0x0 d:/program files (x86)/atmel/atmel toolchain/avr8 gcc/native/3.4.1056/avr8-gnu-toolchain/bin/../lib/gcc/avr/4.8.1/../../../../avr/lib/avr5\libc.a(fdevopen.o)
 .data          0x00800106        0x0 d:/program files (x86)/atmel/atmel toolchain/avr8 gcc/native/3.4.1056/avr8-gnu-toolchain/bin/../lib/gcc/avr/4.8.1/../../../../avr/lib/avr5\libc.a(iob.o)
 .data          0x00800106        0x0 d:/program files (x86)/atmel/atmel toolchain/avr8 gcc/native/3.4.1056/avr8-gnu-toolchain/bin/../lib/gcc/avr/4.8.1/../../../../avr/lib/avr5\libc.a(printf.o)
 .data          0x00800106        0x0 d:/program files (x86)/atmel/atmel toolchain/avr8 gcc/native/3.4.1056/avr8-gnu-toolchain/bin/../lib/gcc/avr/4.8.1/../../../../avr/lib/avr5\libc.a(puts.o)
 .data          0x00800106        0x0 d:/program files (x86)/atmel/atmel toolchain/avr8 gcc/native/3.4.1056/avr8-gnu-toolchain/bin/../lib/gcc/avr/4.8.1/../../../../avr/lib/avr5\libc.a(vfprintf_std.o)
 .data          0x00800106        0x0 d:/program files (x86)/atmel/atmel toolchain/avr8 gcc/native/3.4.1056/avr8-gnu-toolchain/bin/../lib/gcc/avr/4.8.1/../../../../avr/lib/avr5\libc.a(calloc.o)
 .data          0x00800106        0x0 d:/program files (x86)/atmel/atmel toolchain/avr8 gcc/native/3.4.1056/avr8-gnu-toolchain/bin/../lib/gcc/avr/4.8.1/../../../../avr/lib/avr5\libc.a(strnlen_P.o)
 .data          0x00800106        0x0 d:/program files (x86)/atmel/atmel toolchain/avr8 gcc/native/3.4.1056/avr8-gnu-toolchain/bin/../lib/gcc/avr/4.8.1/../../../../avr/lib/avr5\libc.a(memset.o)
 .data          0x00800106        0x0 d:/program files (x86)/atmel/atmel toolchain/avr8 gcc/native/3.4.1056/avr8-gnu-toolchain/bin/../lib/gcc/avr/4.8.1/../../../../avr/lib/avr5\libc.a(strnlen.o)
 .data          0x00800106        0x0 d:/program files (x86)/atmel/atmel toolchain/avr8 gcc/native/3.4.1056/avr8-gnu-toolchain/bin/../lib/gcc/avr/4.8.1/../../../../avr/lib/avr5\libc.a(fputc.o)
 .data          0x00800106        0x0 d:/program files (x86)/atmel/atmel toolchain/avr8 gcc/native/3.4.1056/avr8-gnu-toolchain/bin/../lib/gcc/avr/4.8.1/../../../../avr/lib/avr5\libc.a(ultoa_invert.o)
 .data          0x00800106        0x0 d:/program files (x86)/atmel/atmel toolchain/avr8 gcc/native/3.4.1056/avr8-gnu-toolchain/bin/../lib/gcc/avr/4.8.1/avr5\libgcc.a(_prologue.o)
 .data          0x00800106        0x0 d:/program files (x86)/atmel/atmel toolchain/avr8 gcc/native/3.4.1056/avr8-gnu-toolchain/bin/../lib/gcc/avr/4.8.1/avr5\libgcc.a(_epilogue.o)
 *(.data*)
 *(.rodata)
 *(.rodata*)
 .rodata.str1.1
                0x00800106       0xab src/CAN.o
 .rodata.str1.1
                0x008001b1      0x1c6 src/XMEM.o
                                0x1c8 (size before relaxing)
 .rodata.str1.1
                0x00800377        0x9 src/main.o
 *(.gnu.linkonce.d*)
                0x00800380                . = ALIGN (0x2)
                0x00800380                _edata = .
                0x00800380                PROVIDE (__data_end, .)

.bss            0x00800380       0x12
                0x00800380                PROVIDE (__bss_start, .)
 *(.bss)
 *(.bss*)
 *(COMMON)
 COMMON         0x00800380        0x6 src/joydick.o
                0x00800380                globalVar
 COMMON         0x00800386        0x2 src/USART.o
                0x00800386                globalVariables
 COMMON         0x00800388        0x4 d:/program files (x86)/atmel/atmel toolchain/avr8 gcc/native/3.4.1056/avr8-gnu-toolchain/bin/../lib/gcc/avr/4.8.1/../../../../avr/lib/avr5\libc.a(malloc.o)
                0x00800388                __brkval
                0x0080038a                __flp
 COMMON         0x0080038c        0x6 d:/program files (x86)/atmel/atmel toolchain/avr8 gcc/native/3.4.1056/avr8-gnu-toolchain/bin/../lib/gcc/avr/4.8.1/../../../../avr/lib/avr5\libc.a(iob.o)
                0x0080038c                __iob
                0x00800392                PROVIDE (__bss_end, .)
                0x00000f4a                __data_load_start = LOADADDR (.data)
                0x000011ca                __data_load_end = (__data_load_start + SIZEOF (.data))

.noinit         0x00800392        0x0
                0x00800392                PROVIDE (__noinit_start, .)
 *(.noinit*)
                0x00800392                PROVIDE (__noinit_end, .)
                0x00800392                _end = .
                0x00800392                PROVIDE (__heap_start, .)

.eeprom         0x00810000        0x0
 *(.eeprom*)
                0x00810000                __eeprom_end = .

.fuse
 *(.fuse)
 *(.lfuse)
 *(.hfuse)
 *(.efuse)

.lock
 *(.lock*)

.signature
 *(.signature*)

.user_signatures
 *(.user_signatures*)

.stab
 *(.stab)

.stabstr
 *(.stabstr)

.stab.excl
 *(.stab.excl)

.stab.exclstr
 *(.stab.exclstr)

.stab.index
 *(.stab.index)

.stab.indexstr
 *(.stab.indexstr)

.comment        0x00000000       0x5c
 *(.comment)
 .comment       0x00000000       0x30 src/ADC.o
                                 0x31 (size before relaxing)
 .comment       0x00000000       0x31 src/CAN.o
 .comment       0x00000000       0x31 src/joydick.o
 .comment       0x00000000       0x31 src/MCP2515.o
 .comment       0x00000000       0x31 src/OLED.o
 .comment       0x00000000       0x31 src/SPI.o
 .comment       0x00000000       0x31 src/USART.o
 .comment       0x00000000       0x31 src/XMEM.o
 .comment       0x00000000       0x31 src/ASF/common/boards/user_board/init.o
 .comment       0x00000000       0x31 src/main.o
 .comment       0x00000000       0x31 d:/program files (x86)/atmel/atmel toolchain/avr8 gcc/native/3.4.1056/avr8-gnu-toolchain/bin/../lib/gcc/avr/4.8.1/../../../../avr/lib/avr5\libc.a(malloc.o)
 .comment       0x00000000       0x31 d:/program files (x86)/atmel/atmel toolchain/avr8 gcc/native/3.4.1056/avr8-gnu-toolchain/bin/../lib/gcc/avr/4.8.1/../../../../avr/lib/avr5\libc.a(fdevopen.o)
 .comment       0x00000000       0x31 d:/program files (x86)/atmel/atmel toolchain/avr8 gcc/native/3.4.1056/avr8-gnu-toolchain/bin/../lib/gcc/avr/4.8.1/../../../../avr/lib/avr5\libc.a(iob.o)
 .comment       0x00000000       0x31 d:/program files (x86)/atmel/atmel toolchain/avr8 gcc/native/3.4.1056/avr8-gnu-toolchain/bin/../lib/gcc/avr/4.8.1/../../../../avr/lib/avr5\libc.a(printf.o)
 .comment       0x00000000       0x31 d:/program files (x86)/atmel/atmel toolchain/avr8 gcc/native/3.4.1056/avr8-gnu-toolchain/bin/../lib/gcc/avr/4.8.1/../../../../avr/lib/avr5\libc.a(puts.o)
 .comment       0x00000030       0x2c d:/program files (x86)/atmel/atmel toolchain/avr8 gcc/native/3.4.1056/avr8-gnu-toolchain/bin/../lib/gcc/avr/4.8.1/../../../../avr/lib/avr5\libc.a(vfprintf_std.o)
                                 0x2d (size before relaxing)
 .comment       0x00000000       0x31 d:/program files (x86)/atmel/atmel toolchain/avr8 gcc/native/3.4.1056/avr8-gnu-toolchain/bin/../lib/gcc/avr/4.8.1/../../../../avr/lib/avr5\libc.a(calloc.o)
 .comment       0x00000000       0x31 d:/program files (x86)/atmel/atmel toolchain/avr8 gcc/native/3.4.1056/avr8-gnu-toolchain/bin/../lib/gcc/avr/4.8.1/../../../../avr/lib/avr5\libc.a(fputc.o)

.note.gnu.build-id
 *(.note.gnu.build-id)

.debug
 *(.debug)

.line
 *(.line)

.debug_srcinfo
 *(.debug_srcinfo)

.debug_sfnames
 *(.debug_sfnames)

.debug_aranges  0x00000000      0x240
 *(.debug_aranges)
 .debug_aranges
                0x00000000       0x28 src/ADC.o
 .debug_aranges
                0x00000028       0x40 src/CAN.o
 .debug_aranges
                0x00000068       0x40 src/joydick.o
 .debug_aranges
                0x000000a8       0x48 src/MCP2515.o
 .debug_aranges
                0x000000f0       0x48 src/OLED.o
 .debug_aranges
                0x00000138       0x38 src/SPI.o
 .debug_aranges
                0x00000170       0x40 src/USART.o
 .debug_aranges
                0x000001b0       0x50 src/XMEM.o
 .debug_aranges
                0x00000200       0x20 src/ASF/common/boards/user_board/init.o
 .debug_aranges
                0x00000220       0x20 src/main.o

.debug_pubnames
 *(.debug_pubnames)

.debug_info     0x00000000     0x1ab4
 *(.debug_info .gnu.linkonce.wi.*)
 .debug_info    0x00000000      0x15d src/ADC.o
 .debug_info    0x0000015d      0x3e1 src/CAN.o
 .debug_info    0x0000053e      0x3fe src/joydick.o
 .debug_info    0x0000093c      0x361 src/MCP2515.o
 .debug_info    0x00000c9d      0x207 src/OLED.o
 .debug_info    0x00000ea4       0xf4 src/SPI.o
 .debug_info    0x00000f98      0x2c8 src/USART.o
 .debug_info    0x00001260      0x4d3 src/XMEM.o
 .debug_info    0x00001733       0x7c src/ASF/common/boards/user_board/init.o
 .debug_info    0x000017af      0x305 src/main.o

.debug_abbrev   0x00000000      0xcce
 *(.debug_abbrev)
 .debug_abbrev  0x00000000      0x104 src/ADC.o
 .debug_abbrev  0x00000104      0x1e6 src/CAN.o
 .debug_abbrev  0x000002ea      0x1b8 src/joydick.o
 .debug_abbrev  0x000004a2      0x126 src/MCP2515.o
 .debug_abbrev  0x000005c8      0x124 src/OLED.o
 .debug_abbrev  0x000006ec       0xa4 src/SPI.o
 .debug_abbrev  0x00000790      0x19f src/USART.o
 .debug_abbrev  0x0000092f      0x1fd src/XMEM.o
 .debug_abbrev  0x00000b2c       0x47 src/ASF/common/boards/user_board/init.o
 .debug_abbrev  0x00000b73      0x15b src/main.o

.debug_line     0x00000000     0x313f
 *(.debug_line .debug_line.* .debug_line_end)
 .debug_line    0x00000000      0x4bf src/ADC.o
 .debug_line    0x000004bf      0x52c src/CAN.o
 .debug_line    0x000009eb      0x5dc src/joydick.o
 .debug_line    0x00000fc7      0x4b8 src/MCP2515.o
 .debug_line    0x0000147f      0x58d src/OLED.o
 .debug_line    0x00001a0c      0x3f4 src/SPI.o
 .debug_line    0x00001e00      0x537 src/USART.o
 .debug_line    0x00002337      0x585 src/XMEM.o
 .debug_line    0x000028bc      0x36b src/ASF/common/boards/user_board/init.o
 .debug_line    0x00002c27      0x518 src/main.o

.debug_frame    0x00000000      0x620
 *(.debug_frame)
 .debug_frame   0x00000000       0x34 src/ADC.o
 .debug_frame   0x00000034      0x118 src/CAN.o
 .debug_frame   0x0000014c       0xe0 src/joydick.o
 .debug_frame   0x0000022c       0xa8 src/MCP2515.o
 .debug_frame   0x000002d4       0x84 src/OLED.o
 .debug_frame   0x00000358       0x54 src/SPI.o
 .debug_frame   0x000003ac       0x80 src/USART.o
 .debug_frame   0x0000042c      0x18c src/XMEM.o
 .debug_frame   0x000005b8       0x24 src/ASF/common/boards/user_board/init.o
 .debug_frame   0x000005dc       0x44 src/main.o

.debug_str      0x00000000     0xe87b
 *(.debug_str)
 .debug_str     0x00000000     0xe2d8 src/ADC.o
                               0xe4b3 (size before relaxing)
 .debug_str     0x0000e2d8       0xff src/CAN.o
                               0xdef8 (size before relaxing)
 .debug_str     0x0000e3d7       0xf1 src/joydick.o
                               0xe550 (size before relaxing)
 .debug_str     0x0000e4c8       0x67 src/MCP2515.o
                               0xde9d (size before relaxing)
 .debug_str     0x0000e52f      0x10c src/OLED.o
                               0xda60 (size before relaxing)
 .debug_str     0x0000e63b       0x1c src/SPI.o
                               0xd673 (size before relaxing)
 .debug_str     0x0000e657       0xbe src/USART.o
                               0xe505 (size before relaxing)
 .debug_str     0x0000e715      0x111 src/XMEM.o
                               0xd769 (size before relaxing)
 .debug_str     0x0000e826       0x36 src/ASF/common/boards/user_board/init.o
                               0xd176 (size before relaxing)
 .debug_str     0x0000e85c       0x1f src/main.o
                               0xe4fd (size before relaxing)

.debug_loc      0x00000000     0x15a6
 *(.debug_loc)
 .debug_loc     0x00000000       0x95 src/ADC.o
 .debug_loc     0x00000095      0x39a src/CAN.o
 .debug_loc     0x0000042f      0x550 src/joydick.o
 .debug_loc     0x0000097f      0x25b src/MCP2515.o
 .debug_loc     0x00000bda      0x14c src/OLED.o
 .debug_loc     0x00000d26       0x1f src/SPI.o
 .debug_loc     0x00000d45       0xbd src/USART.o
 .debug_loc     0x00000e02      0x654 src/XMEM.o
 .debug_loc     0x00001456      0x150 src/main.o

.debug_macinfo
 *(.debug_macinfo)

.debug_weaknames
 *(.debug_weaknames)

.debug_funcnames
 *(.debug_funcnames)

.debug_typenames
 *(.debug_typenames)

.debug_varnames
 *(.debug_varnames)

.debug_pubtypes
 *(.debug_pubtypes)

.debug_ranges   0x00000000      0x1a0
 *(.debug_ranges)
 .debug_ranges  0x00000000       0x18 src/ADC.o
 .debug_ranges  0x00000018       0x30 src/CAN.o
 .debug_ranges  0x00000048       0x30 src/joydick.o
 .debug_ranges  0x00000078       0x38 src/MCP2515.o
 .debug_ranges  0x000000b0       0x38 src/OLED.o
 .debug_ranges  0x000000e8       0x28 src/SPI.o
 .debug_ranges  0x00000110       0x30 src/USART.o
 .debug_ranges  0x00000140       0x40 src/XMEM.o
 .debug_ranges  0x00000180       0x10 src/ASF/common/boards/user_board/init.o
 .debug_ranges  0x00000190       0x10 src/main.o

.debug_macro    0x00000000     0x4783
 *(.debug_macro)
 .debug_macro   0x00000000      0x206 src/ADC.o
 .debug_macro   0x00000206      0xa2a src/ADC.o
 .debug_macro   0x00000c30      0x1ad src/ADC.o
 .debug_macro   0x00000ddd      0x293 src/ADC.o
 .debug_macro   0x00001070       0x58 src/ADC.o
 .debug_macro   0x000010c8       0x10 src/ADC.o
 .debug_macro   0x000010d8       0x97 src/ADC.o
 .debug_macro   0x0000116f       0xeb src/ADC.o
 .debug_macro   0x0000125a       0x22 src/ADC.o
 .debug_macro   0x0000127c       0xaa src/ADC.o
 .debug_macro   0x00001326      0xf2f src/ADC.o
 .debug_macro   0x00002255      0x185 src/ADC.o
 .debug_macro   0x000023da       0xbd src/ADC.o
 .debug_macro   0x00002497       0x34 src/ADC.o
 .debug_macro   0x000024cb       0x18 src/ADC.o
 .debug_macro   0x000024e3       0x6c src/ADC.o
 .debug_macro   0x0000254f       0x63 src/ADC.o
 .debug_macro   0x000025b2       0x10 src/ADC.o
 .debug_macro   0x000025c2       0xef src/ADC.o
 .debug_macro   0x000026b1       0x1c src/ADC.o
 .debug_macro   0x000026cd       0x35 src/ADC.o
 .debug_macro   0x00002702       0x66 src/ADC.o
 .debug_macro   0x00002768      0x44c src/ADC.o
 .debug_macro   0x00002bb4       0x44 src/ADC.o
 .debug_macro   0x00002bf8       0x2c src/ADC.o
 .debug_macro   0x00002c24       0x10 src/ADC.o
 .debug_macro   0x00002c34       0xe2 src/ADC.o
 .debug_macro   0x00002d16       0x40 src/ADC.o
 .debug_macro   0x00002d56      0x100 src/ADC.o
 .debug_macro   0x00002e56      0x223 src/ADC.o
 .debug_macro   0x00003079       0x10 src/ADC.o
 .debug_macro   0x00003089      0x167 src/ADC.o
 .debug_macro   0x000031f0       0x34 src/ADC.o
 .debug_macro   0x00003224       0x1c src/ADC.o
 .debug_macro   0x00003240       0x10 src/ADC.o
 .debug_macro   0x00003250       0x34 src/ADC.o
 .debug_macro   0x00003284      0x2f7 src/ADC.o
 .debug_macro   0x0000357b       0x1c src/ADC.o
 .debug_macro   0x00003597      0x196 src/CAN.o
 .debug_macro   0x0000372d       0x10 src/CAN.o
 .debug_macro   0x0000373d       0x9e src/CAN.o
 .debug_macro   0x000037db      0x166 src/CAN.o
 .debug_macro   0x00003941       0x69 src/CAN.o
 .debug_macro   0x000039aa      0x200 src/joydick.o
 .debug_macro   0x00003baa       0x22 src/joydick.o
 .debug_macro   0x00003bcc       0x2e src/joydick.o
 .debug_macro   0x00003bfa      0x18e src/MCP2515.o
 .debug_macro   0x00003d88      0x1a4 src/OLED.o
 .debug_macro   0x00003f2c      0x182 src/SPI.o
 .debug_macro   0x000040ae      0x200 src/USART.o
 .debug_macro   0x000042ae      0x188 src/XMEM.o
 .debug_macro   0x00004436      0x152 src/ASF/common/boards/user_board/init.o
 .debug_macro   0x00004588      0x1fb src/main.o
OUTPUT(LabExc05andExc06-SPIandCAN.elf elf32-avr)
LOAD linker stubs
